2026-06-02 16:42:11,797 - JAX version: 0.10.1
2026-06-02 16:42:11,799 - jax_enable_x64: False
2026-06-02 16:42:11,799 - JAXlib version: 0.10.1
2026-06-02 16:42:11,799 - KFAC-JAX version: 0.0.8
2026-06-02 16:42:11,799 - Available devices: ['cuda:0']
2026-06-02 16:42:11,799 - Platform: gpu
2026-06-02 16:42:11,799 - Default precision: float32
2026-06-02 16:42:11,799 - Default matmul precision: float32
2026-06-02 16:42:11,799 - GPU information: ['Tesla V100-PCIE-32GB']
2026-06-02 16:42:11,799 - Python version: 3.13.13
2026-06-02 16:42:11,799 - System: Linux #20260508 SMP PREEMPT_DYNAMIC Fri May  8 11:20:56 EDT 2026
2026-06-02 16:42:11,799 - Processor: x86_64
2026-06-02 16:42:11,799 - Numpy version: 2.4.6
2026-06-02 16:42:11,799 - CUDA_VISIBLE_DEVICES: GPU-6f03918f-e347-568b-b019-06a70f950614
2026-06-02 16:42:11,799 - NVIDIA driver version: 580.126.09
580.126.09
2026-06-02 16:42:11,799 - GPU models: Tesla V100-PCIE-32GB, Tesla V100-PCIE-32GB
2026-06-02 16:42:11,818 - Starting QMC with 1 XLA devices per host across 1 hosts.
2026-06-02 16:42:14,194 - No checkpoint found. Training new model.
2026-06-02 16:42:16,007 - Using adam_kfac optimizer: Adam until step 500, then KFAC.
2026-06-02 16:42:16,029 - Burning in MCMC chain for 2000 steps
