2026-06-02 16:42:00,557 - JAX version: 0.10.1
2026-06-02 16:42:00,559 - jax_enable_x64: False
2026-06-02 16:42:00,559 - JAXlib version: 0.10.1
2026-06-02 16:42:00,559 - KFAC-JAX version: 0.0.8
2026-06-02 16:42:00,559 - Available devices: ['cuda:0']
2026-06-02 16:42:00,559 - Platform: gpu
2026-06-02 16:42:00,559 - Default precision: float32
2026-06-02 16:42:00,559 - Default matmul precision: float32
2026-06-02 16:42:00,559 - GPU information: ['Tesla V100-PCIE-32GB']
2026-06-02 16:42:00,559 - Python version: 3.13.13
2026-06-02 16:42:00,559 - System: Linux #20260508 SMP PREEMPT_DYNAMIC Fri May  8 11:20:56 EDT 2026
2026-06-02 16:42:00,559 - Processor: x86_64
2026-06-02 16:42:00,559 - Numpy version: 2.4.6
2026-06-02 16:42:00,559 - CUDA_VISIBLE_DEVICES: GPU-b88ef8f2-7b8d-92de-8e58-9be73cfe5e61
2026-06-02 16:42:00,559 - NVIDIA driver version: 580.126.09
580.126.09
2026-06-02 16:42:00,559 - GPU models: Tesla V100-PCIE-32GB, Tesla V100-PCIE-32GB
2026-06-02 16:42:00,595 - Starting QMC with 1 XLA devices per host across 1 hosts.
2026-06-02 16:42:02,947 - No checkpoint found. Training new model.
2026-06-02 16:42:04,783 - Using adam_kfac optimizer: Adam until step 500, then KFAC.
2026-06-02 16:42:04,804 - Burning in MCMC chain for 2000 steps
