2026-06-02 16:41:38,933 - JAX version: 0.10.1
2026-06-02 16:41:38,934 - jax_enable_x64: False
2026-06-02 16:41:38,935 - JAXlib version: 0.10.1
2026-06-02 16:41:38,935 - KFAC-JAX version: 0.0.8
2026-06-02 16:41:38,935 - Available devices: ['cuda:0']
2026-06-02 16:41:38,935 - Platform: gpu
2026-06-02 16:41:38,935 - Default precision: float32
2026-06-02 16:41:38,935 - Default matmul precision: float32
2026-06-02 16:41:38,935 - GPU information: ['Tesla V100-PCIE-32GB']
2026-06-02 16:41:38,935 - Python version: 3.13.13
2026-06-02 16:41:38,935 - System: Linux #20260508 SMP PREEMPT_DYNAMIC Fri May  8 11:20:56 EDT 2026
2026-06-02 16:41:38,935 - Processor: x86_64
2026-06-02 16:41:38,935 - Numpy version: 2.4.6
2026-06-02 16:41:38,935 - CUDA_VISIBLE_DEVICES: GPU-57af9dff-b195-bfaa-3c72-a8d02c433b96
2026-06-02 16:41:38,935 - NVIDIA driver version: 580.126.09
580.126.09
2026-06-02 16:41:38,935 - GPU models: Tesla V100-PCIE-32GB, Tesla V100-PCIE-32GB
2026-06-02 16:41:38,951 - Starting QMC with 1 XLA devices per host across 1 hosts.
2026-06-02 16:41:41,314 - No checkpoint found. Training new model.
2026-06-02 16:41:43,136 - Using adam_kfac optimizer: Adam until step 500, then KFAC.
2026-06-02 16:41:43,158 - Burning in MCMC chain for 2000 steps
2026-06-02 16:44:58,194 - Completed burn-in MCMC steps
2026-06-02 16:45:04,351 - Initial energy: 9258.6426 E_h
