2026-06-02 16:41:51,498 - JAX version: 0.10.1
2026-06-02 16:41:51,500 - jax_enable_x64: False
2026-06-02 16:41:51,500 - JAXlib version: 0.10.1
2026-06-02 16:41:51,501 - KFAC-JAX version: 0.0.8
2026-06-02 16:41:51,501 - Available devices: ['cuda:0']
2026-06-02 16:41:51,501 - Platform: gpu
2026-06-02 16:41:51,501 - Default precision: float32
2026-06-02 16:41:51,501 - Default matmul precision: float32
2026-06-02 16:41:51,501 - GPU information: ['Tesla V100-PCIE-32GB']
2026-06-02 16:41:51,501 - Python version: 3.13.13
2026-06-02 16:41:51,501 - System: Linux #20260508 SMP PREEMPT_DYNAMIC Fri May  8 11:20:56 EDT 2026
2026-06-02 16:41:51,501 - Processor: x86_64
2026-06-02 16:41:51,501 - Numpy version: 2.4.6
2026-06-02 16:41:51,501 - CUDA_VISIBLE_DEVICES: GPU-0c43c07f-fe0f-8203-a1ff-f88212bf1664
2026-06-02 16:41:51,501 - NVIDIA driver version: 580.126.09
580.126.09
2026-06-02 16:41:51,501 - GPU models: Tesla V100-PCIE-32GB, Tesla V100-PCIE-32GB
2026-06-02 16:41:51,518 - Starting QMC with 1 XLA devices per host across 1 hosts.
2026-06-02 16:41:53,906 - No checkpoint found. Training new model.
2026-06-02 16:41:55,727 - Using adam_kfac optimizer: Adam until step 500, then KFAC.
2026-06-02 16:41:55,748 - Burning in MCMC chain for 2000 steps
2026-06-02 16:45:10,763 - Completed burn-in MCMC steps
