2026-06-01 22:40:25,518 - JAX version: 0.10.1
2026-06-01 22:40:25,519 - jax_enable_x64: False
2026-06-01 22:40:25,519 - JAXlib version: 0.10.1
2026-06-01 22:40:25,519 - KFAC-JAX version: 0.0.8
2026-06-01 22:40:25,520 - Available devices: ['cuda:0', 'cuda:1']
2026-06-01 22:40:25,520 - Platform: gpu
2026-06-01 22:40:25,520 - Default precision: float32
2026-06-01 22:40:25,520 - Default matmul precision: float32
2026-06-01 22:40:25,520 - GPU information: ['Tesla V100-PCIE-32GB', 'Tesla V100-PCIE-32GB']
2026-06-01 22:40:25,520 - Python version: 3.13.13
2026-06-01 22:40:25,520 - System: Linux #20260508 SMP PREEMPT_DYNAMIC Fri May  8 11:20:56 EDT 2026
2026-06-01 22:40:25,520 - Processor: x86_64
2026-06-01 22:40:25,520 - Numpy version: 2.4.6
2026-06-01 22:40:25,520 - CUDA_VISIBLE_DEVICES: GPU-10c64428-c12c-c88e-17d7-61be018b61b9,GPU-07a7a66a-4668-fa5e-51c9-f6ea471b7895
2026-06-01 22:40:25,520 - NVIDIA driver version: 580.126.09
580.126.09
2026-06-01 22:40:25,520 - GPU models: Tesla V100-PCIE-32GB, Tesla V100-PCIE-32GB
2026-06-01 22:40:25,548 - Starting QMC with 2 XLA devices per host across 1 hosts.
2026-06-01 22:40:31,229 - Loading checkpoint results/bilayer-bosons/BosonNet/N32_layers16_16_rs0.5_d1.0_D50.0_sq/qmcjax_ckpt_004435.npz
2026-06-01 22:40:36,029 - Unregularized parameters masking info (for curvature calculations and L2 regularization)
2026-06-01 22:40:36,030 -   Not masking out (DictKey(key='embed'), DictKey(key='b'))
2026-06-01 22:40:36,030 -   Not masking out (DictKey(key='embed'), DictKey(key='w'))
2026-06-01 22:40:36,030 -   Not masking out (DictKey(key='phi'), SequenceKey(idx=0), SequenceKey(idx=0), DictKey(key='b'))
2026-06-01 22:40:36,030 -   Not masking out (DictKey(key='phi'), SequenceKey(idx=0), SequenceKey(idx=0), DictKey(key='w'))
2026-06-01 22:40:36,030 -   Not masking out (DictKey(key='phi'), SequenceKey(idx=0), SequenceKey(idx=1), DictKey(key='b'))
2026-06-01 22:40:36,030 -   Not masking out (DictKey(key='phi'), SequenceKey(idx=0), SequenceKey(idx=1), DictKey(key='w'))
2026-06-01 22:40:36,030 -   Not masking out (DictKey(key='phi'), SequenceKey(idx=1), SequenceKey(idx=0), DictKey(key='b'))
2026-06-01 22:40:36,030 -   Not masking out (DictKey(key='phi'), SequenceKey(idx=1), SequenceKey(idx=0), DictKey(key='w'))
2026-06-01 22:40:36,030 -   Not masking out (DictKey(key='phi'), SequenceKey(idx=1), SequenceKey(idx=1), DictKey(key='b'))
2026-06-01 22:40:36,030 -   Not masking out (DictKey(key='phi'), SequenceKey(idx=1), SequenceKey(idx=1), DictKey(key='w'))
2026-06-01 22:40:36,030 -   Not masking out (DictKey(key='phi'), SequenceKey(idx=2), SequenceKey(idx=0), DictKey(key='b'))
2026-06-01 22:40:36,030 -   Not masking out (DictKey(key='phi'), SequenceKey(idx=2), SequenceKey(idx=0), DictKey(key='w'))
2026-06-01 22:40:36,030 -   Not masking out (DictKey(key='phi'), SequenceKey(idx=2), SequenceKey(idx=1), DictKey(key='b'))
2026-06-01 22:40:36,030 -   Not masking out (DictKey(key='phi'), SequenceKey(idx=2), SequenceKey(idx=1), DictKey(key='w'))
2026-06-01 22:40:36,030 -   Not masking out (DictKey(key='rho'), SequenceKey(idx=0), DictKey(key='b'))
2026-06-01 22:40:36,030 -   Not masking out (DictKey(key='rho'), SequenceKey(idx=0), DictKey(key='w'))
2026-06-01 22:40:36,030 -   Not masking out (DictKey(key='rho'), SequenceKey(idx=1), DictKey(key='b'))
2026-06-01 22:40:36,030 -   Not masking out (DictKey(key='rho'), SequenceKey(idx=1), DictKey(key='w'))
2026-06-01 22:40:36,030 -   Not masking out (DictKey(key='transformer'), SequenceKey(idx=0), DictKey(key='attn_ln'), DictKey(key='offset'))
2026-06-01 22:40:36,030 -   Not masking out (DictKey(key='transformer'), SequenceKey(idx=0), DictKey(key='attn_ln'), DictKey(key='scale'))
2026-06-01 22:40:36,030 -   Not masking out (DictKey(key='transformer'), SequenceKey(idx=0), DictKey(key='ff1'), DictKey(key='b'))
2026-06-01 22:40:36,030 -   Not masking out (DictKey(key='transformer'), SequenceKey(idx=0), DictKey(key='ff1'), DictKey(key='w'))
2026-06-01 22:40:36,030 -   Not masking out (DictKey(key='transformer'), SequenceKey(idx=0), DictKey(key='ff2'), DictKey(key='b'))
2026-06-01 22:40:36,030 -   Not masking out (DictKey(key='transformer'), SequenceKey(idx=0), DictKey(key='ff2'), DictKey(key='w'))
2026-06-01 22:40:36,030 -   Not masking out (DictKey(key='transformer'), SequenceKey(idx=0), DictKey(key='ff_ln'), DictKey(key='offset'))
2026-06-01 22:40:36,030 -   Not masking out (DictKey(key='transformer'), SequenceKey(idx=0), DictKey(key='ff_ln'), DictKey(key='scale'))
2026-06-01 22:40:36,030 -   Not masking out (DictKey(key='transformer'), SequenceKey(idx=0), DictKey(key='k_w'))
2026-06-01 22:40:36,030 -   Not masking out (DictKey(key='transformer'), SequenceKey(idx=0), DictKey(key='out_w'))
2026-06-01 22:40:36,030 -   Not masking out (DictKey(key='transformer'), SequenceKey(idx=0), DictKey(key='q_w'))
2026-06-01 22:40:36,030 -   Not masking out (DictKey(key='transformer'), SequenceKey(idx=0), DictKey(key='v_w'))
2026-06-01 22:40:36,030 -   Not masking out (DictKey(key='transformer'), SequenceKey(idx=1), DictKey(key='attn_ln'), DictKey(key='offset'))
2026-06-01 22:40:36,030 -   Not masking out (DictKey(key='transformer'), SequenceKey(idx=1), DictKey(key='attn_ln'), DictKey(key='scale'))
2026-06-01 22:40:36,030 -   Not masking out (DictKey(key='transformer'), SequenceKey(idx=1), DictKey(key='ff1'), DictKey(key='b'))
2026-06-01 22:40:36,031 -   Not masking out (DictKey(key='transformer'), SequenceKey(idx=1), DictKey(key='ff1'), DictKey(key='w'))
2026-06-01 22:40:36,031 -   Not masking out (DictKey(key='transformer'), SequenceKey(idx=1), DictKey(key='ff2'), DictKey(key='b'))
2026-06-01 22:40:36,031 -   Not masking out (DictKey(key='transformer'), SequenceKey(idx=1), DictKey(key='ff2'), DictKey(key='w'))
2026-06-01 22:40:36,031 -   Not masking out (DictKey(key='transformer'), SequenceKey(idx=1), DictKey(key='ff_ln'), DictKey(key='offset'))
2026-06-01 22:40:36,031 -   Not masking out (DictKey(key='transformer'), SequenceKey(idx=1), DictKey(key='ff_ln'), DictKey(key='scale'))
2026-06-01 22:40:36,031 -   Not masking out (DictKey(key='transformer'), SequenceKey(idx=1), DictKey(key='k_w'))
2026-06-01 22:40:36,031 -   Not masking out (DictKey(key='transformer'), SequenceKey(idx=1), DictKey(key='out_w'))
2026-06-01 22:40:36,031 -   Not masking out (DictKey(key='transformer'), SequenceKey(idx=1), DictKey(key='q_w'))
2026-06-01 22:40:36,031 -   Not masking out (DictKey(key='transformer'), SequenceKey(idx=1), DictKey(key='v_w'))
2026-06-01 22:40:36,031 -   Not masking out (DictKey(key='transformer'), SequenceKey(idx=2), DictKey(key='attn_ln'), DictKey(key='offset'))
2026-06-01 22:40:36,031 -   Not masking out (DictKey(key='transformer'), SequenceKey(idx=2), DictKey(key='attn_ln'), DictKey(key='scale'))
2026-06-01 22:40:36,031 -   Not masking out (DictKey(key='transformer'), SequenceKey(idx=2), DictKey(key='ff1'), DictKey(key='b'))
2026-06-01 22:40:36,031 -   Not masking out (DictKey(key='transformer'), SequenceKey(idx=2), DictKey(key='ff1'), DictKey(key='w'))
2026-06-01 22:40:36,031 -   Not masking out (DictKey(key='transformer'), SequenceKey(idx=2), DictKey(key='ff2'), DictKey(key='b'))
2026-06-01 22:40:36,031 -   Not masking out (DictKey(key='transformer'), SequenceKey(idx=2), DictKey(key='ff2'), DictKey(key='w'))
2026-06-01 22:40:36,031 -   Not masking out (DictKey(key='transformer'), SequenceKey(idx=2), DictKey(key='ff_ln'), DictKey(key='offset'))
2026-06-01 22:40:36,031 -   Not masking out (DictKey(key='transformer'), SequenceKey(idx=2), DictKey(key='ff_ln'), DictKey(key='scale'))
2026-06-01 22:40:36,031 -   Not masking out (DictKey(key='transformer'), SequenceKey(idx=2), DictKey(key='k_w'))
2026-06-01 22:40:36,031 -   Not masking out (DictKey(key='transformer'), SequenceKey(idx=2), DictKey(key='out_w'))
2026-06-01 22:40:36,031 -   Not masking out (DictKey(key='transformer'), SequenceKey(idx=2), DictKey(key='q_w'))
2026-06-01 22:40:36,031 -   Not masking out (DictKey(key='transformer'), SequenceKey(idx=2), DictKey(key='v_w'))
2026-06-01 22:40:38,114 - ==================================================
2026-06-01 22:40:38,115 - Graph parameter registrations:
2026-06-01 22:40:38,115 - {'embed': {'b': 'Auto[tag_variant=repeated_dense(0)|match_type=repeated_dense1_with_bias]',
2026-06-01 22:40:38,115 -            'w': 'Auto[tag_variant=repeated_dense(0)|match_type=repeated_dense1_with_bias]'},
2026-06-01 22:40:38,116 -  'ln': [],
2026-06-01 22:40:38,116 -  'phi': [[{'b': 'Auto[generic(0)]', 'w': 'Auto[generic(1)]'},
2026-06-01 22:40:38,116 -           {'b': 'Auto[generic(2)]', 'w': 'Auto[generic(3)]'}],
2026-06-01 22:40:38,116 -          [{'b': 'Auto[generic(4)]', 'w': 'Auto[generic(5)]'},
2026-06-01 22:40:38,116 -           {'b': 'Auto[generic(6)]', 'w': 'Auto[generic(7)]'}],
2026-06-01 22:40:38,116 -          [{'b': 'Auto[generic(8)]', 'w': 'Auto[generic(9)]'},
2026-06-01 22:40:38,116 -           {'b': 'Auto[generic(10)]', 'w': 'Auto[generic(11)]'}]],
2026-06-01 22:40:38,116 -  'rho': [{'b': 'Auto[tag_variant=dense(0)|match_type=dense_with_bias_no_reshape]',
2026-06-01 22:40:38,116 -           'w': 'Auto[tag_variant=dense(0)|match_type=dense_with_bias_no_reshape]'},
2026-06-01 22:40:38,116 -          {'b': 'Auto[tag_variant=dense(1)|match_type=dense_with_bias_no_reshape]',
2026-06-01 22:40:38,116 -           'w': 'Auto[tag_variant=dense(1)|match_type=dense_with_bias_no_reshape]'}],
2026-06-01 22:40:38,116 -  'transformer': [{'attn_ln': {'offset': 'Auto[tag_variant=scale_and_shift(0)|match_type=normalization_haiku_broadcast_1]',
2026-06-01 22:40:38,116 -                               'scale': 'Auto[tag_variant=scale_and_shift(0)|match_type=normalization_haiku_broadcast_1]'},
2026-06-01 22:40:38,116 -                   'ff1': {'b': 'Auto[tag_variant=repeated_dense(5)|match_type=repeated_dense1_with_bias]',
2026-06-01 22:40:38,116 -                           'w': 'Auto[tag_variant=repeated_dense(5)|match_type=repeated_dense1_with_bias]'},
2026-06-01 22:40:38,116 -                   'ff2': {'b': 'Auto[tag_variant=repeated_dense(6)|match_type=repeated_dense1_with_bias]',
2026-06-01 22:40:38,116 -                           'w': 'Auto[tag_variant=repeated_dense(6)|match_type=repeated_dense1_with_bias]'},
2026-06-01 22:40:38,116 -                   'ff_ln': {'offset': 'Auto[tag_variant=scale_and_shift(1)|match_type=normalization_haiku_broadcast_1]',
2026-06-01 22:40:38,116 -                             'scale': 'Auto[tag_variant=scale_and_shift(1)|match_type=normalization_haiku_broadcast_1]'},
2026-06-01 22:40:38,116 -                   'k_w': 'Auto[tag_variant=repeated_dense(2)|match_type=repeated_dense1_no_bias]',
2026-06-01 22:40:38,116 -                   'out_w': 'Auto[tag_variant=repeated_dense(4)|match_type=repeated_dense1_no_bias]',
2026-06-01 22:40:38,116 -                   'q_w': 'Auto[tag_variant=repeated_dense(1)|match_type=repeated_dense1_no_bias]',
2026-06-01 22:40:38,116 -                   'v_w': 'Auto[tag_variant=repeated_dense(3)|match_type=repeated_dense1_no_bias]'},
2026-06-01 22:40:38,116 -                  {'attn_ln': {'offset': 'Auto[tag_variant=scale_and_shift(2)|match_type=normalization_haiku_broadcast_1]',
2026-06-01 22:40:38,116 -                               'scale': 'Auto[tag_variant=scale_and_shift(2)|match_type=normalization_haiku_broadcast_1]'},
2026-06-01 22:40:38,116 -                   'ff1': {'b': 'Auto[tag_variant=repeated_dense(11)|match_type=repeated_dense1_with_bias]',
2026-06-01 22:40:38,116 -                           'w': 'Auto[tag_variant=repeated_dense(11)|match_type=repeated_dense1_with_bias]'},
2026-06-01 22:40:38,116 -                   'ff2': {'b': 'Auto[tag_variant=repeated_dense(12)|match_type=repeated_dense1_with_bias]',
2026-06-01 22:40:38,116 -                           'w': 'Auto[tag_variant=repeated_dense(12)|match_type=repeated_dense1_with_bias]'},
2026-06-01 22:40:38,116 -                   'ff_ln': {'offset': 'Auto[tag_variant=scale_and_shift(3)|match_type=normalization_haiku_broadcast_1]',
2026-06-01 22:40:38,116 -                             'scale': 'Auto[tag_variant=scale_and_shift(3)|match_type=normalization_haiku_broadcast_1]'},
2026-06-01 22:40:38,116 -                   'k_w': 'Auto[tag_variant=repeated_dense(8)|match_type=repeated_dense1_no_bias]',
2026-06-01 22:40:38,116 -                   'out_w': 'Auto[tag_variant=repeated_dense(10)|match_type=repeated_dense1_no_bias]',
2026-06-01 22:40:38,116 -                   'q_w': 'Auto[tag_variant=repeated_dense(7)|match_type=repeated_dense1_no_bias]',
2026-06-01 22:40:38,116 -                   'v_w': 'Auto[tag_variant=repeated_dense(9)|match_type=repeated_dense1_no_bias]'},
2026-06-01 22:40:38,116 -                  {'attn_ln': {'offset': 'Auto[tag_variant=scale_and_shift(4)|match_type=normalization_haiku_broadcast_1]',
2026-06-01 22:40:38,116 -                               'scale': 'Auto[tag_variant=scale_and_shift(4)|match_type=normalization_haiku_broadcast_1]'},
2026-06-01 22:40:38,116 -                   'ff1': {'b': 'Auto[tag_variant=repeated_dense(17)|match_type=repeated_dense1_with_bias]',
2026-06-01 22:40:38,116 -                           'w': 'Auto[tag_variant=repeated_dense(17)|match_type=repeated_dense1_with_bias]'},
2026-06-01 22:40:38,116 -                   'ff2': {'b': 'Auto[tag_variant=repeated_dense(18)|match_type=repeated_dense1_with_bias]',
2026-06-01 22:40:38,116 -                           'w': 'Auto[tag_variant=repeated_dense(18)|match_type=repeated_dense1_with_bias]'},
2026-06-01 22:40:38,116 -                   'ff_ln': {'offset': 'Auto[tag_variant=scale_and_shift(5)|match_type=normalization_haiku_broadcast_1]',
2026-06-01 22:40:38,116 -                             'scale': 'Auto[tag_variant=scale_and_shift(5)|match_type=normalization_haiku_broadcast_1]'},
2026-06-01 22:40:38,116 -                   'k_w': 'Auto[tag_variant=repeated_dense(14)|match_type=repeated_dense1_no_bias]',
2026-06-01 22:40:38,116 -                   'out_w': 'Auto[tag_variant=repeated_dense(16)|match_type=repeated_dense1_no_bias]',
2026-06-01 22:40:38,116 -                   'q_w': 'Auto[tag_variant=repeated_dense(13)|match_type=repeated_dense1_no_bias]',
2026-06-01 22:40:38,116 -                   'v_w': 'Auto[tag_variant=repeated_dense(15)|match_type=repeated_dense1_no_bias]'}]}
2026-06-01 22:40:38,117 - ==================================================
2026-06-01 22:40:38,128 - Graph registered losses:
2026-06-01 22:40:38,128 - NormalMeanNegativeLogProbLoss(mean=Var(id=139876623471744):float32[1024,1], variance=Literal(0.5), weight=Literal(1.0), normalize_log_prob=Literal(True))
2026-06-01 22:40:38,128 - ==================================================
2026-06-01 22:40:38,130 - BlockDiagonalCurvature blocks:
2026-06-01 22:40:38,130 - RepeatedDenseBlock(parameter_specs=['ab -> (a)b', 'a -> 1a'], parameters_concat_axis=0), tag name: Auto[tag_variant=repeated_dense(0)|match_type=repeated_dense1_with_bias], params shapes: ((5, 128), (128,))
2026-06-01 22:40:38,130 - NaiveDiagonal, tag name: Auto[generic(0)], params shapes: ((128,),)
2026-06-01 22:40:38,130 - NaiveDiagonal, tag name: Auto[generic(1)], params shapes: ((128, 128),)
2026-06-01 22:40:38,130 - NaiveDiagonal, tag name: Auto[generic(2)], params shapes: ((128,),)
2026-06-01 22:40:38,130 - NaiveDiagonal, tag name: Auto[generic(3)], params shapes: ((128, 128),)
2026-06-01 22:40:38,130 - NaiveDiagonal, tag name: Auto[generic(4)], params shapes: ((128,),)
2026-06-01 22:40:38,130 - NaiveDiagonal, tag name: Auto[generic(5)], params shapes: ((128, 128),)
2026-06-01 22:40:38,131 - NaiveDiagonal, tag name: Auto[generic(6)], params shapes: ((128,),)
2026-06-01 22:40:38,131 - NaiveDiagonal, tag name: Auto[generic(7)], params shapes: ((128, 128),)
2026-06-01 22:40:38,131 - NaiveDiagonal, tag name: Auto[generic(8)], params shapes: ((128,),)
2026-06-01 22:40:38,131 - NaiveDiagonal, tag name: Auto[generic(9)], params shapes: ((128, 128),)
2026-06-01 22:40:38,131 - NaiveDiagonal, tag name: Auto[generic(10)], params shapes: ((128,),)
2026-06-01 22:40:38,131 - NaiveDiagonal, tag name: Auto[generic(11)], params shapes: ((128, 128),)
2026-06-01 22:40:38,131 - DenseTwoKroneckerFactored(parameter_specs=['ab -> (a)b', 'a -> 1a'], parameters_concat_axis=0), tag name: Auto[tag_variant=dense(0)|match_type=dense_with_bias_no_reshape], params shapes: ((128, 128), (128,))
2026-06-01 22:40:38,131 - DenseTwoKroneckerFactored(parameter_specs=['ab -> (a)b', 'a -> 1a'], parameters_concat_axis=0), tag name: Auto[tag_variant=dense(1)|match_type=dense_with_bias_no_reshape], params shapes: ((128, 1), (1,))
2026-06-01 22:40:38,131 - ScaleAndShiftDiagonal, tag name: Auto[tag_variant=scale_and_shift(0)|match_type=normalization_haiku_broadcast_1], params shapes: ((128,), (128,))
2026-06-01 22:40:38,131 - RepeatedDenseBlock(parameter_specs=['ab -> (a)b', 'a -> 1a'], parameters_concat_axis=0), tag name: Auto[tag_variant=repeated_dense(5)|match_type=repeated_dense1_with_bias], params shapes: ((128, 512), (512,))
2026-06-01 22:40:38,131 - RepeatedDenseBlock(parameter_specs=['ab -> (a)b', 'a -> 1a'], parameters_concat_axis=0), tag name: Auto[tag_variant=repeated_dense(6)|match_type=repeated_dense1_with_bias], params shapes: ((512, 128), (128,))
2026-06-01 22:40:38,131 - ScaleAndShiftDiagonal, tag name: Auto[tag_variant=scale_and_shift(1)|match_type=normalization_haiku_broadcast_1], params shapes: ((128,), (128,))
2026-06-01 22:40:38,132 - RepeatedDenseBlock(parameter_specs=['ab -> (a)b'], parameters_concat_axis=0), tag name: Auto[tag_variant=repeated_dense(2)|match_type=repeated_dense1_no_bias], params shapes: ((128, 128),)
2026-06-01 22:40:38,132 - RepeatedDenseBlock(parameter_specs=['ab -> (a)b'], parameters_concat_axis=0), tag name: Auto[tag_variant=repeated_dense(4)|match_type=repeated_dense1_no_bias], params shapes: ((128, 128),)
2026-06-01 22:40:38,132 - RepeatedDenseBlock(parameter_specs=['ab -> (a)b'], parameters_concat_axis=0), tag name: Auto[tag_variant=repeated_dense(1)|match_type=repeated_dense1_no_bias], params shapes: ((128, 128),)
2026-06-01 22:40:38,132 - RepeatedDenseBlock(parameter_specs=['ab -> (a)b'], parameters_concat_axis=0), tag name: Auto[tag_variant=repeated_dense(3)|match_type=repeated_dense1_no_bias], params shapes: ((128, 128),)
2026-06-01 22:40:38,132 - ScaleAndShiftDiagonal, tag name: Auto[tag_variant=scale_and_shift(2)|match_type=normalization_haiku_broadcast_1], params shapes: ((128,), (128,))
2026-06-01 22:40:38,132 - RepeatedDenseBlock(parameter_specs=['ab -> (a)b', 'a -> 1a'], parameters_concat_axis=0), tag name: Auto[tag_variant=repeated_dense(11)|match_type=repeated_dense1_with_bias], params shapes: ((128, 512), (512,))
2026-06-01 22:40:38,132 - RepeatedDenseBlock(parameter_specs=['ab -> (a)b', 'a -> 1a'], parameters_concat_axis=0), tag name: Auto[tag_variant=repeated_dense(12)|match_type=repeated_dense1_with_bias], params shapes: ((512, 128), (128,))
2026-06-01 22:40:38,132 - ScaleAndShiftDiagonal, tag name: Auto[tag_variant=scale_and_shift(3)|match_type=normalization_haiku_broadcast_1], params shapes: ((128,), (128,))
2026-06-01 22:40:38,132 - RepeatedDenseBlock(parameter_specs=['ab -> (a)b'], parameters_concat_axis=0), tag name: Auto[tag_variant=repeated_dense(8)|match_type=repeated_dense1_no_bias], params shapes: ((128, 128),)
2026-06-01 22:40:38,132 - RepeatedDenseBlock(parameter_specs=['ab -> (a)b'], parameters_concat_axis=0), tag name: Auto[tag_variant=repeated_dense(10)|match_type=repeated_dense1_no_bias], params shapes: ((128, 128),)
2026-06-01 22:40:38,133 - RepeatedDenseBlock(parameter_specs=['ab -> (a)b'], parameters_concat_axis=0), tag name: Auto[tag_variant=repeated_dense(7)|match_type=repeated_dense1_no_bias], params shapes: ((128, 128),)
2026-06-01 22:40:38,133 - RepeatedDenseBlock(parameter_specs=['ab -> (a)b'], parameters_concat_axis=0), tag name: Auto[tag_variant=repeated_dense(9)|match_type=repeated_dense1_no_bias], params shapes: ((128, 128),)
2026-06-01 22:40:38,133 - ScaleAndShiftDiagonal, tag name: Auto[tag_variant=scale_and_shift(4)|match_type=normalization_haiku_broadcast_1], params shapes: ((128,), (128,))
2026-06-01 22:40:38,133 - RepeatedDenseBlock(parameter_specs=['ab -> (a)b', 'a -> 1a'], parameters_concat_axis=0), tag name: Auto[tag_variant=repeated_dense(17)|match_type=repeated_dense1_with_bias], params shapes: ((128, 512), (512,))
2026-06-01 22:40:38,133 - RepeatedDenseBlock(parameter_specs=['ab -> (a)b', 'a -> 1a'], parameters_concat_axis=0), tag name: Auto[tag_variant=repeated_dense(18)|match_type=repeated_dense1_with_bias], params shapes: ((512, 128), (128,))
2026-06-01 22:40:38,133 - ScaleAndShiftDiagonal, tag name: Auto[tag_variant=scale_and_shift(5)|match_type=normalization_haiku_broadcast_1], params shapes: ((128,), (128,))
2026-06-01 22:40:38,133 - RepeatedDenseBlock(parameter_specs=['ab -> (a)b'], parameters_concat_axis=0), tag name: Auto[tag_variant=repeated_dense(14)|match_type=repeated_dense1_no_bias], params shapes: ((128, 128),)
2026-06-01 22:40:38,133 - RepeatedDenseBlock(parameter_specs=['ab -> (a)b'], parameters_concat_axis=0), tag name: Auto[tag_variant=repeated_dense(16)|match_type=repeated_dense1_no_bias], params shapes: ((128, 128),)
2026-06-01 22:40:38,133 - RepeatedDenseBlock(parameter_specs=['ab -> (a)b'], parameters_concat_axis=0), tag name: Auto[tag_variant=repeated_dense(13)|match_type=repeated_dense1_no_bias], params shapes: ((128, 128),)
2026-06-01 22:40:38,134 - RepeatedDenseBlock(parameter_specs=['ab -> (a)b'], parameters_concat_axis=0), tag name: Auto[tag_variant=repeated_dense(15)|match_type=repeated_dense1_no_bias], params shapes: ((128, 128),)
2026-06-01 22:40:38,134 - ==================================================
2026-06-01 22:40:38,486 - Using adam_kfac optimizer: Adam until step 500, then KFAC.
2026-06-01 22:40:59,265 - Step 04436: 3954.0781 E_h, exp. variance=0.0000 E_h^2, pmove=0.86
2026-06-01 22:41:11,978 - Step 04437: 3950.3064 E_h, exp. variance=1.2803 E_h^2, pmove=0.85
2026-06-01 22:41:12,899 - Step 04438: 3955.7175 E_h, exp. variance=1.5183 E_h^2, pmove=0.85
2026-06-01 22:41:13,808 - Step 04439: 3951.3691 E_h, exp. variance=1.9441 E_h^2, pmove=0.85
2026-06-01 22:41:14,719 - Step 04440: 3953.5688 E_h, exp. variance=1.7503 E_h^2, pmove=0.86
2026-06-01 22:41:15,629 - Step 04441: 3951.1079 E_h, exp. variance=2.1528 E_h^2, pmove=0.85
2026-06-01 22:41:16,539 - Step 04442: 3952.4199 E_h, exp. variance=2.0218 E_h^2, pmove=0.86
2026-06-01 22:41:17,447 - Step 04443: 3949.8132 E_h, exp. variance=2.9082 E_h^2, pmove=0.85
2026-06-01 22:41:18,353 - Step 04444: 3949.8816 E_h, exp. variance=3.4611 E_h^2, pmove=0.86
2026-06-01 22:41:19,265 - Step 04445: 3950.5295 E_h, exp. variance=3.5148 E_h^2, pmove=0.85
2026-06-01 22:41:20,178 - Step 04446: 3951.3267 E_h, exp. variance=3.2722 E_h^2, pmove=0.86
2026-06-01 22:41:21,093 - Step 04447: 3953.1252 E_h, exp. variance=3.0038 E_h^2, pmove=0.85
2026-06-01 22:41:22,002 - Step 04448: 3950.6741 E_h, exp. variance=2.9707 E_h^2, pmove=0.85
2026-06-01 22:41:22,914 - Step 04449: 3952.3213 E_h, exp. variance=2.6744 E_h^2, pmove=0.85
2026-06-01 22:41:23,824 - Step 04450: 3951.6045 E_h, exp. variance=2.4427 E_h^2, pmove=0.86
2026-06-01 22:41:24,733 - Step 04451: 3951.1953 E_h, exp. variance=2.2842 E_h^2, pmove=0.85
2026-06-01 22:41:25,645 - Step 04452: 3954.1309 E_h, exp. variance=2.4366 E_h^2, pmove=0.86
2026-06-01 22:41:26,556 - Step 04453: 3952.4648 E_h, exp. variance=2.1960 E_h^2, pmove=0.85
2026-06-01 22:41:27,468 - Step 04454: 3951.7136 E_h, exp. variance=2.0072 E_h^2, pmove=0.86
2026-06-01 22:41:28,382 - Step 04455: 3951.3101 E_h, exp. variance=1.8843 E_h^2, pmove=0.85
2026-06-01 22:41:29,294 - Step 04456: 3950.9773 E_h, exp. variance=1.8189 E_h^2, pmove=0.85
2026-06-01 22:41:30,206 - Step 04457: 3951.5439 E_h, exp. variance=1.6583 E_h^2, pmove=0.85
2026-06-01 22:41:31,122 - Step 04458: 3951.2690 E_h, exp. variance=1.5381 E_h^2, pmove=0.86
2026-06-01 22:41:32,032 - Step 04459: 3949.9136 E_h, exp. variance=1.7430 E_h^2, pmove=0.86
2026-06-01 22:41:32,944 - Step 04460: 3952.6172 E_h, exp. variance=1.6427 E_h^2, pmove=0.85
2026-06-01 22:41:33,859 - Step 04461: 3950.7219 E_h, exp. variance=1.5832 E_h^2, pmove=0.85
2026-06-01 22:41:34,772 - Step 04462: 3950.6548 E_h, exp. variance=1.5218 E_h^2, pmove=0.85
2026-06-01 22:41:35,686 - Step 04463: 3952.7085 E_h, exp. variance=1.4824 E_h^2, pmove=0.85
2026-06-01 22:41:36,599 - Step 04464: 3949.8401 E_h, exp. variance=1.6459 E_h^2, pmove=0.85
2026-06-01 22:41:37,512 - Step 04465: 3952.8276 E_h, exp. variance=1.6364 E_h^2, pmove=0.86
2026-06-01 22:41:38,423 - Step 04466: 3951.5483 E_h, exp. variance=1.4736 E_h^2, pmove=0.86
2026-06-01 22:41:39,340 - Step 04467: 3952.7041 E_h, exp. variance=1.4288 E_h^2, pmove=0.86
2026-06-01 22:41:40,253 - Step 04468: 3951.1572 E_h, exp. variance=1.3168 E_h^2, pmove=0.85
2026-06-01 22:41:41,163 - Step 04469: 3950.5312 E_h, exp. variance=1.3049 E_h^2, pmove=0.86
2026-06-01 22:41:42,073 - Step 04470: 3950.0901 E_h, exp. variance=1.3713 E_h^2, pmove=0.85
2026-06-01 22:41:42,988 - Step 04471: 3950.2512 E_h, exp. variance=1.3575 E_h^2, pmove=0.86
2026-06-01 22:41:43,903 - Step 04472: 3949.1492 E_h, exp. variance=1.6398 E_h^2, pmove=0.85
2026-06-01 22:41:44,816 - Step 04473: 3949.2119 E_h, exp. variance=1.7929 E_h^2, pmove=0.86
2026-06-01 22:41:45,730 - Step 04474: 3952.0059 E_h, exp. variance=1.7234 E_h^2, pmove=0.85
2026-06-01 22:41:46,642 - Step 04475: 3951.7603 E_h, exp. variance=1.6015 E_h^2, pmove=0.86
2026-06-01 22:41:47,554 - Step 04476: 3950.2341 E_h, exp. variance=1.5068 E_h^2, pmove=0.86
2026-06-01 22:41:48,470 - Step 04477: 3951.2644 E_h, exp. variance=1.3623 E_h^2, pmove=0.86
2026-06-01 22:41:49,385 - Step 04478: 3951.7134 E_h, exp. variance=1.2684 E_h^2, pmove=0.86
2026-06-01 22:41:50,295 - Step 04479: 3949.6689 E_h, exp. variance=1.3249 E_h^2, pmove=0.86
2026-06-01 22:41:51,207 - Step 04480: 3951.5098 E_h, exp. variance=1.2203 E_h^2, pmove=0.86
2026-06-01 22:41:52,120 - Step 04481: 3946.7739 E_h, exp. variance=2.7127 E_h^2, pmove=0.85
2026-06-01 22:41:53,029 - Step 04482: 3951.2617 E_h, exp. variance=2.4826 E_h^2, pmove=0.86
2026-06-01 22:41:53,953 - Step 04483: 3946.7151 E_h, exp. variance=3.6302 E_h^2, pmove=0.85
2026-06-01 22:41:54,865 - Step 04484: 3950.0520 E_h, exp. variance=3.2710 E_h^2, pmove=0.86
2026-06-01 22:41:55,778 - Step 04485: 3949.6643 E_h, exp. variance=2.9736 E_h^2, pmove=0.85
2026-06-01 22:41:56,694 - Step 04486: 3949.1951 E_h, exp. variance=2.7638 E_h^2, pmove=0.85
2026-06-01 22:41:57,621 - Step 04487: 3949.9932 E_h, exp. variance=2.4882 E_h^2, pmove=0.86
2026-06-01 22:41:58,556 - Step 04488: 3949.8135 E_h, exp. variance=2.2454 E_h^2, pmove=0.86
2026-06-01 22:41:59,467 - Step 04489: 3950.4578 E_h, exp. variance=2.0360 E_h^2, pmove=0.86
2026-06-01 22:42:00,383 - Step 04490: 3949.5408 E_h, exp. variance=1.8594 E_h^2, pmove=0.86
2026-06-01 22:42:01,298 - Step 04491: 3948.5354 E_h, exp. variance=1.8756 E_h^2, pmove=0.86
2026-06-01 22:42:02,212 - Step 04492: 3949.0913 E_h, exp. variance=1.7446 E_h^2, pmove=0.86
2026-06-01 22:42:03,123 - Step 04493: 3948.9800 E_h, exp. variance=1.6314 E_h^2, pmove=0.86
2026-06-01 22:42:04,043 - Step 04494: 3948.8496 E_h, exp. variance=1.5367 E_h^2, pmove=0.86
2026-06-01 22:42:04,953 - Step 04495: 3948.5662 E_h, exp. variance=1.4859 E_h^2, pmove=0.86
2026-06-01 22:42:05,866 - Step 04496: 3948.9102 E_h, exp. variance=1.3717 E_h^2, pmove=0.86
2026-06-01 22:42:06,776 - Step 04497: 3947.0859 E_h, exp. variance=1.7444 E_h^2, pmove=0.86
2026-06-01 22:42:07,687 - Step 04498: 3947.5293 E_h, exp. variance=1.8298 E_h^2, pmove=0.85
2026-06-01 22:42:08,598 - Step 04499: 3947.0352 E_h, exp. variance=2.0152 E_h^2, pmove=0.86
2026-06-01 22:42:09,512 - Step 04500: 3946.8843 E_h, exp. variance=2.1636 E_h^2, pmove=0.85
2026-06-01 22:42:10,425 - Step 04501: 3947.4814 E_h, exp. variance=2.0719 E_h^2, pmove=0.85
2026-06-01 22:42:11,338 - Step 04502: 3948.4988 E_h, exp. variance=1.8649 E_h^2, pmove=0.86
2026-06-01 22:42:12,253 - Step 04503: 3948.8550 E_h, exp. variance=1.6875 E_h^2, pmove=0.85
2026-06-01 22:42:13,165 - Step 04504: 3946.9695 E_h, exp. variance=1.7489 E_h^2, pmove=0.86
2026-06-01 22:42:14,080 - Step 04505: 3948.6965 E_h, exp. variance=1.5815 E_h^2, pmove=0.86
2026-06-01 22:42:14,993 - Step 04506: 3946.7368 E_h, exp. variance=1.6836 E_h^2, pmove=0.86
2026-06-01 22:42:15,904 - Step 04507: 3948.3726 E_h, exp. variance=1.5163 E_h^2, pmove=0.86
2026-06-01 22:42:16,820 - Step 04508: 3946.4941 E_h, exp. variance=1.6510 E_h^2, pmove=0.85
2026-06-01 22:42:17,733 - Step 04509: 3948.2551 E_h, exp. variance=1.4881 E_h^2, pmove=0.86
2026-06-01 22:42:18,644 - Step 04510: 3947.1372 E_h, exp. variance=1.4253 E_h^2, pmove=0.85
2026-06-01 22:42:19,556 - Step 04511: 3949.1160 E_h, exp. variance=1.3915 E_h^2, pmove=0.86
2026-06-01 22:42:20,469 - Step 04512: 3942.2173 E_h, exp. variance=4.3955 E_h^2, pmove=0.85
2026-06-01 22:42:21,384 - Step 04513: 3950.8274 E_h, exp. variance=4.9310 E_h^2, pmove=0.86
2026-06-01 22:42:22,295 - Step 04514: 3944.3848 E_h, exp. variance=5.5280 E_h^2, pmove=0.85
2026-06-01 22:42:23,210 - Step 04515: 3948.2034 E_h, exp. variance=5.0176 E_h^2, pmove=0.85
2026-06-01 22:42:24,121 - Step 04516: 3947.8828 E_h, exp. variance=4.5238 E_h^2, pmove=0.85
2026-06-01 22:42:25,035 - Step 04517: 3947.5459 E_h, exp. variance=4.0718 E_h^2, pmove=0.85
2026-06-01 22:42:25,949 - Step 04518: 3947.2979 E_h, exp. variance=3.6733 E_h^2, pmove=0.85
2026-06-01 22:42:26,861 - Step 04519: 3945.8975 E_h, exp. variance=3.5600 E_h^2, pmove=0.85
2026-06-01 22:42:27,775 - Step 04520: 3947.0786 E_h, exp. variance=3.2138 E_h^2, pmove=0.85
2026-06-01 22:42:28,687 - Step 04521: 3948.0774 E_h, exp. variance=2.9367 E_h^2, pmove=0.86
2026-06-01 22:42:29,606 - Step 04522: 3944.6250 E_h, exp. variance=3.3595 E_h^2, pmove=0.85
2026-06-01 22:42:30,519 - Step 04523: 3947.6350 E_h, exp. variance=3.0435 E_h^2, pmove=0.86
2026-06-01 22:42:31,433 - Step 04524: 3946.1255 E_h, exp. variance=2.8453 E_h^2, pmove=0.86
2026-06-01 22:42:32,340 - Step 04525: 3946.3608 E_h, exp. variance=2.6103 E_h^2, pmove=0.85
2026-06-01 22:42:33,257 - Step 04526: 3942.8008 E_h, exp. variance=3.9579 E_h^2, pmove=0.85
2026-06-01 22:42:34,171 - Step 04527: 3944.8608 E_h, exp. variance=3.8361 E_h^2, pmove=0.86
2026-06-01 22:42:35,082 - Step 04528: 3943.4109 E_h, exp. variance=4.2735 E_h^2, pmove=0.85
2026-06-01 22:42:35,996 - Step 04529: 3944.9863 E_h, exp. variance=3.9637 E_h^2, pmove=0.86
2026-06-01 22:42:36,910 - Step 04530: 3945.3433 E_h, exp. variance=3.6079 E_h^2, pmove=0.86
2026-06-01 22:42:37,820 - Step 04531: 3926.4861 E_h, exp. variance=37.3352 E_h^2, pmove=0.85
2026-06-01 22:42:38,736 - Step 04532: 3949.9766 E_h, exp. variance=36.8149 E_h^2, pmove=0.86
2026-06-01 22:42:39,646 - Step 04533: 3944.2278 E_h, exp. variance=33.1458 E_h^2, pmove=0.85
2026-06-01 22:42:40,557 - Step 04534: 3947.1899 E_h, exp. variance=30.4529 E_h^2, pmove=0.86
2026-06-01 22:42:41,469 - Step 04535: 3943.4766 E_h, exp. variance=27.5711 E_h^2, pmove=0.85
2026-06-01 22:42:42,385 - Step 04536: 3948.8223 E_h, exp. variance=26.3509 E_h^2, pmove=0.86
2026-06-01 22:42:43,297 - Step 04537: 3944.6548 E_h, exp. variance=23.7339 E_h^2, pmove=0.85
2026-06-01 22:42:44,211 - Step 04538: 3948.3848 E_h, exp. variance=22.3564 E_h^2, pmove=0.86
2026-06-01 22:42:45,129 - Step 04539: 3945.4419 E_h, exp. variance=20.1210 E_h^2, pmove=0.85
2026-06-01 22:42:46,041 - Step 04540: 3945.8022 E_h, exp. variance=18.1237 E_h^2, pmove=0.86
2026-06-01 22:42:46,956 - Step 04541: 3942.9258 E_h, exp. variance=16.8788 E_h^2, pmove=0.85
2026-06-01 22:42:47,867 - Step 04542: 3947.0793 E_h, exp. variance=15.5137 E_h^2, pmove=0.86
2026-06-01 22:42:48,784 - Step 04543: 3944.0005 E_h, exp. variance=14.1323 E_h^2, pmove=0.85
2026-06-01 22:42:49,702 - Step 04544: 3944.8093 E_h, exp. variance=12.7356 E_h^2, pmove=0.86
2026-06-01 22:42:50,618 - Step 04545: 3944.1636 E_h, exp. variance=11.5578 E_h^2, pmove=0.86
2026-06-01 22:42:51,529 - Step 04546: 3945.7795 E_h, exp. variance=10.4446 E_h^2, pmove=0.86
2026-06-01 22:42:52,446 - Step 04547: 3943.6440 E_h, exp. variance=9.6071 E_h^2, pmove=0.86
2026-06-01 22:42:53,377 - Step 04548: 3945.4805 E_h, exp. variance=8.6664 E_h^2, pmove=0.86
2026-06-01 22:42:54,295 - Step 04549: 3944.0837 E_h, exp. variance=7.8849 E_h^2, pmove=0.85
2026-06-01 22:42:55,213 - Step 04550: 3943.6616 E_h, exp. variance=7.2479 E_h^2, pmove=0.86
2026-06-01 22:42:56,130 - Step 04551: 3942.9160 E_h, exp. variance=6.8526 E_h^2, pmove=0.86
2026-06-01 22:42:57,049 - Step 04552: 3940.6807 E_h, exp. variance=7.5767 E_h^2, pmove=0.85
2026-06-01 22:42:57,968 - Step 04553: 3945.2876 E_h, exp. variance=6.9174 E_h^2, pmove=0.86
2026-06-01 22:42:58,882 - Step 04554: 3943.9126 E_h, exp. variance=6.2426 E_h^2, pmove=0.86
2026-06-01 22:42:59,796 - Step 04555: 3944.3623 E_h, exp. variance=5.6187 E_h^2, pmove=0.86
2026-06-01 22:43:00,712 - Step 04556: 3943.8689 E_h, exp. variance=5.0742 E_h^2, pmove=0.86
2026-06-01 22:43:01,631 - Step 04557: 3945.0249 E_h, exp. variance=4.6188 E_h^2, pmove=0.86
2026-06-01 22:43:02,543 - Step 04558: 3942.8257 E_h, exp. variance=4.3636 E_h^2, pmove=0.86
2026-06-01 22:43:03,455 - Step 04559: 3944.9297 E_h, exp. variance=3.9765 E_h^2, pmove=0.86
2026-06-01 22:43:04,372 - Step 04560: 3941.9717 E_h, exp. variance=4.0516 E_h^2, pmove=0.85
2026-06-01 22:43:05,284 - Step 04561: 3945.5425 E_h, exp. variance=3.8511 E_h^2, pmove=0.86
2026-06-01 22:43:06,202 - Step 04562: 3941.3848 E_h, exp. variance=4.1718 E_h^2, pmove=0.85
2026-06-01 22:43:07,118 - Step 04563: 3944.2793 E_h, exp. variance=3.7672 E_h^2, pmove=0.86
2026-06-01 22:43:08,033 - Step 04564: 3941.7568 E_h, exp. variance=3.8204 E_h^2, pmove=0.86
2026-06-01 22:43:08,949 - Step 04565: 3945.0693 E_h, exp. variance=3.6013 E_h^2, pmove=0.86
2026-06-01 22:43:09,863 - Step 04566: 3942.0215 E_h, exp. variance=3.5448 E_h^2, pmove=0.86
2026-06-01 22:43:10,775 - Step 04567: 3944.6951 E_h, exp. variance=3.2840 E_h^2, pmove=0.86
2026-06-01 22:43:11,688 - Step 04568: 3942.1396 E_h, exp. variance=3.1969 E_h^2, pmove=0.85
2026-06-01 22:43:12,602 - Step 04569: 3943.8730 E_h, exp. variance=2.8833 E_h^2, pmove=0.86
2026-06-01 22:43:13,516 - Step 04570: 3944.4124 E_h, exp. variance=2.6487 E_h^2, pmove=0.86
2026-06-01 22:43:14,433 - Step 04571: 3942.4204 E_h, exp. variance=2.5351 E_h^2, pmove=0.86
2026-06-01 22:43:15,345 - Step 04572: 3943.3076 E_h, exp. variance=2.2886 E_h^2, pmove=0.86
2026-06-01 22:43:16,260 - Step 04573: 3939.5039 E_h, exp. variance=3.5397 E_h^2, pmove=0.85
2026-06-01 22:43:17,170 - Step 04574: 3944.3958 E_h, exp. variance=3.3246 E_h^2, pmove=0.86
2026-06-01 22:43:18,092 - Step 04575: 3939.9856 E_h, exp. variance=3.9677 E_h^2, pmove=0.85
2026-06-01 22:43:19,010 - Step 04576: 3943.7212 E_h, exp. variance=3.6246 E_h^2, pmove=0.86
2026-06-01 22:43:19,923 - Step 04577: 3941.4229 E_h, exp. variance=3.4934 E_h^2, pmove=0.85
2026-06-01 22:43:20,833 - Step 04578: 3944.9622 E_h, exp. variance=3.5397 E_h^2, pmove=0.86
2026-06-01 22:43:21,746 - Step 04579: 3944.8794 E_h, exp. variance=3.4787 E_h^2, pmove=0.86
2026-06-01 22:43:22,662 - Step 04580: 3938.9004 E_h, exp. variance=4.8379 E_h^2, pmove=0.85
2026-06-01 22:43:23,576 - Step 04581: 3944.9253 E_h, exp. variance=4.7530 E_h^2, pmove=0.86
2026-06-01 22:43:24,490 - Step 04582: 3941.4287 E_h, exp. variance=4.5086 E_h^2, pmove=0.86
2026-06-01 22:43:25,409 - Step 04583: 3943.6152 E_h, exp. variance=4.1077 E_h^2, pmove=0.86
2026-06-01 22:43:26,331 - Step 04584: 3942.8486 E_h, exp. variance=3.6978 E_h^2, pmove=0.86
2026-06-01 22:43:27,249 - Step 04585: 3945.6521 E_h, exp. variance=3.9923 E_h^2, pmove=0.86
2026-06-01 22:43:28,162 - Step 04586: 3942.1104 E_h, exp. variance=3.7013 E_h^2, pmove=0.85
2026-06-01 22:43:29,077 - Step 04587: 3944.2268 E_h, exp. variance=3.4460 E_h^2, pmove=0.86
2026-06-01 22:43:29,994 - Step 04588: 3941.9917 E_h, exp. variance=3.2351 E_h^2, pmove=0.85
2026-06-01 22:43:30,909 - Step 04589: 3942.3042 E_h, exp. variance=2.9669 E_h^2, pmove=0.86
2026-06-01 22:43:31,826 - Step 04590: 3941.2322 E_h, exp. variance=2.9548 E_h^2, pmove=0.86
2026-06-01 22:43:32,743 - Step 04591: 3940.8892 E_h, exp. variance=2.9992 E_h^2, pmove=0.86
2026-06-01 22:43:33,657 - Step 04592: 3940.2737 E_h, exp. variance=3.2025 E_h^2, pmove=0.85
2026-06-01 22:43:34,574 - Step 04593: 3940.5425 E_h, exp. variance=3.1934 E_h^2, pmove=0.86
2026-06-01 22:43:35,494 - Step 04594: 3938.7092 E_h, exp. variance=3.9807 E_h^2, pmove=0.85
2026-06-01 22:43:36,408 - Step 04595: 3940.0464 E_h, exp. variance=3.8804 E_h^2, pmove=0.86
2026-06-01 22:43:37,325 - Step 04596: 3939.4255 E_h, exp. variance=3.9511 E_h^2, pmove=0.85
2026-06-01 22:43:38,242 - Step 04597: 3940.9805 E_h, exp. variance=3.5765 E_h^2, pmove=0.86
2026-06-01 22:43:39,156 - Step 04598: 3942.1792 E_h, exp. variance=3.2721 E_h^2, pmove=0.86
2026-06-01 22:43:40,073 - Step 04599: 3940.6572 E_h, exp. variance=3.0068 E_h^2, pmove=0.86
2026-06-01 22:43:40,988 - Step 04600: 3943.1079 E_h, exp. variance=2.9675 E_h^2, pmove=0.86
2026-06-01 22:43:41,909 - Step 04601: 3927.0132 E_h, exp. variance=21.7529 E_h^2, pmove=0.85
2026-06-01 22:43:42,834 - Step 04602: 3945.6875 E_h, exp. variance=22.3692 E_h^2, pmove=0.86
2026-06-01 22:43:43,755 - Step 04603: 3942.6250 E_h, exp. variance=20.4745 E_h^2, pmove=0.85
2026-06-01 22:43:44,673 - Step 04604: 3941.7803 E_h, exp. variance=18.5016 E_h^2, pmove=0.86
2026-06-01 22:43:45,586 - Step 04605: 3937.8530 E_h, exp. variance=17.5209 E_h^2, pmove=0.86
2026-06-01 22:43:46,498 - Step 04606: 3944.2915 E_h, exp. variance=16.9620 E_h^2, pmove=0.86
2026-06-01 22:43:47,411 - Step 04607: 3940.4011 E_h, exp. variance=15.2996 E_h^2, pmove=0.85
2026-06-01 22:43:48,327 - Step 04608: 3941.0381 E_h, exp. variance=13.7703 E_h^2, pmove=0.86
2026-06-01 22:43:49,246 - Step 04609: 3942.0811 E_h, exp. variance=12.5061 E_h^2, pmove=0.86
2026-06-01 22:43:50,165 - Step 04610: 3939.5283 E_h, exp. variance=11.4704 E_h^2, pmove=0.85
2026-06-01 22:43:51,082 - Step 04611: 3940.4756 E_h, exp. variance=10.3411 E_h^2, pmove=0.86
2026-06-01 22:43:51,998 - Step 04612: 3930.6365 E_h, exp. variance=18.7410 E_h^2, pmove=0.85
2026-06-01 22:43:52,911 - Step 04613: 3939.4873 E_h, exp. variance=16.8788 E_h^2, pmove=0.86
2026-06-01 22:43:53,827 - Step 04614: 3936.8542 E_h, exp. variance=15.9795 E_h^2, pmove=0.85
2026-06-01 22:43:54,744 - Step 04615: 3939.4932 E_h, exp. variance=14.3817 E_h^2, pmove=0.86
2026-06-01 22:43:55,659 - Step 04616: 3936.8318 E_h, exp. variance=13.5920 E_h^2, pmove=0.85
2026-06-01 22:43:56,577 - Step 04617: 3940.2905 E_h, exp. variance=12.3307 E_h^2, pmove=0.86
2026-06-01 22:43:57,494 - Step 04618: 3936.8608 E_h, exp. variance=11.6561 E_h^2, pmove=0.85
2026-06-01 22:43:58,407 - Step 04619: 3939.2041 E_h, exp. variance=10.4914 E_h^2, pmove=0.86
2026-06-01 22:43:59,326 - Step 04620: 3934.5605 E_h, exp. variance=11.3073 E_h^2, pmove=0.85
2026-06-01 22:44:00,242 - Step 04621: 3939.3547 E_h, exp. variance=10.2203 E_h^2, pmove=0.86
2026-06-01 22:44:01,161 - Step 04622: 3935.6887 E_h, exp. variance=10.0293 E_h^2, pmove=0.86
2026-06-01 22:44:02,080 - Step 04623: 3939.8611 E_h, exp. variance=9.2124 E_h^2, pmove=0.86
2026-06-01 22:44:02,990 - Step 04624: 3938.4338 E_h, exp. variance=8.2927 E_h^2, pmove=0.86
2026-06-01 22:44:03,903 - Step 04625: 3939.2703 E_h, exp. variance=7.5097 E_h^2, pmove=0.86
2026-06-01 22:44:04,821 - Step 04626: 3938.7949 E_h, exp. variance=6.7613 E_h^2, pmove=0.85
2026-06-01 22:44:05,738 - Step 04627: 3938.4338 E_h, exp. variance=6.0891 E_h^2, pmove=0.86
2026-06-01 22:44:06,654 - Step 04628: 3939.6455 E_h, exp. variance=5.5745 E_h^2, pmove=0.86
2026-06-01 22:44:07,573 - Step 04629: 3935.8965 E_h, exp. variance=5.7365 E_h^2, pmove=0.85
2026-06-01 22:44:08,490 - Step 04630: 3939.6250 E_h, exp. variance=5.2890 E_h^2, pmove=0.86
2026-06-01 22:44:09,405 - Step 04631: 3935.8013 E_h, exp. variance=5.4449 E_h^2, pmove=0.86
2026-06-01 22:44:10,321 - Step 04632: 3938.8191 E_h, exp. variance=4.9262 E_h^2, pmove=0.86
2026-06-01 22:44:11,235 - Step 04633: 3935.9355 E_h, exp. variance=4.9527 E_h^2, pmove=0.86
2026-06-01 22:44:12,151 - Step 04634: 3935.8350 E_h, exp. variance=4.9179 E_h^2, pmove=0.86
2026-06-01 22:44:13,069 - Step 04635: 3936.2485 E_h, exp. variance=4.6629 E_h^2, pmove=0.86
2026-06-01 22:44:13,985 - Step 04636: 3937.4739 E_h, exp. variance=4.2015 E_h^2, pmove=0.86
2026-06-01 22:44:14,899 - Step 04637: 3938.1133 E_h, exp. variance=3.7979 E_h^2, pmove=0.86
2026-06-01 22:44:15,815 - Step 04638: 3939.4463 E_h, exp. variance=3.6839 E_h^2, pmove=0.86
2026-06-01 22:44:16,733 - Step 04639: 3940.1187 E_h, exp. variance=3.7587 E_h^2, pmove=0.86
2026-06-01 22:44:17,650 - Step 04640: 3940.9795 E_h, exp. variance=4.1179 E_h^2, pmove=0.85
2026-06-01 22:44:18,570 - Step 04641: 3938.4600 E_h, exp. variance=3.7063 E_h^2, pmove=0.85
2026-06-01 22:44:19,488 - Step 04642: 3940.2280 E_h, exp. variance=3.6323 E_h^2, pmove=0.86
2026-06-01 22:44:20,402 - Step 04643: 3941.7092 E_h, exp. variance=4.1424 E_h^2, pmove=0.85
2026-06-01 22:44:21,319 - Step 04644: 3939.9272 E_h, exp. variance=3.8221 E_h^2, pmove=0.85
2026-06-01 22:44:22,235 - Step 04645: 3941.2314 E_h, exp. variance=3.8849 E_h^2, pmove=0.85
2026-06-01 22:44:23,147 - Step 04646: 3941.4380 E_h, exp. variance=3.9351 E_h^2, pmove=0.86
2026-06-01 22:44:24,067 - Step 04647: 3940.4365 E_h, exp. variance=3.6290 E_h^2, pmove=0.86
2026-06-01 22:44:24,982 - Step 04648: 3942.7444 E_h, exp. variance=4.1847 E_h^2, pmove=0.86
2026-06-01 22:44:25,902 - Step 04649: 3936.8196 E_h, exp. variance=4.6032 E_h^2, pmove=0.85
2026-06-01 22:44:27,197 - Step 04650: 3942.2791 E_h, exp. variance=4.8062 E_h^2, pmove=0.86
2026-06-01 22:44:28,118 - Step 04651: 3936.5813 E_h, exp. variance=5.2788 E_h^2, pmove=0.85
2026-06-01 22:44:29,034 - Step 04652: 3939.9893 E_h, exp. variance=4.7716 E_h^2, pmove=0.86
2026-06-01 22:44:29,951 - Step 04653: 3938.6882 E_h, exp. variance=4.3625 E_h^2, pmove=0.86
2026-06-01 22:44:30,870 - Step 04654: 3939.0188 E_h, exp. variance=3.9447 E_h^2, pmove=0.86
2026-06-01 22:44:31,787 - Step 04655: 3938.4668 E_h, exp. variance=3.6330 E_h^2, pmove=0.86
2026-06-01 22:44:32,713 - Step 04656: 3939.4387 E_h, exp. variance=3.2708 E_h^2, pmove=0.86
2026-06-01 22:44:33,629 - Step 04657: 3939.8535 E_h, exp. variance=2.9674 E_h^2, pmove=0.85
2026-06-01 22:44:34,546 - Step 04658: 3937.4763 E_h, exp. variance=3.0009 E_h^2, pmove=0.86
2026-06-01 22:44:35,462 - Step 04659: 3940.0476 E_h, exp. variance=2.7654 E_h^2, pmove=0.86
2026-06-01 22:44:36,378 - Step 04660: 3939.2905 E_h, exp. variance=2.4889 E_h^2, pmove=0.85
2026-06-01 22:44:37,293 - Step 04661: 3939.5378 E_h, exp. variance=2.2457 E_h^2, pmove=0.86
2026-06-01 22:44:38,207 - Step 04662: 3939.6008 E_h, exp. variance=2.0287 E_h^2, pmove=0.85
2026-06-01 22:44:39,126 - Step 04663: 3938.1680 E_h, exp. variance=1.9495 E_h^2, pmove=0.85
2026-06-01 22:44:40,042 - Step 04664: 3938.8540 E_h, exp. variance=1.7667 E_h^2, pmove=0.86
2026-06-01 22:44:40,965 - Step 04665: 3940.2773 E_h, exp. variance=1.6973 E_h^2, pmove=0.86
2026-06-01 22:44:41,882 - Step 04666: 3937.6963 E_h, exp. variance=1.7576 E_h^2, pmove=0.86
2026-06-01 22:44:42,801 - Step 04667: 3941.1006 E_h, exp. variance=1.9295 E_h^2, pmove=0.86
2026-06-01 22:44:43,721 - Step 04668: 3939.7720 E_h, exp. variance=1.7540 E_h^2, pmove=0.86
2026-06-01 22:44:44,644 - Step 04669: 3940.3408 E_h, exp. variance=1.6625 E_h^2, pmove=0.86
2026-06-01 22:44:45,561 - Step 04670: 3938.2649 E_h, exp. variance=1.6274 E_h^2, pmove=0.85
2026-06-01 22:44:46,481 - Step 04671: 3941.4209 E_h, exp. variance=1.8501 E_h^2, pmove=0.86
2026-06-01 22:44:47,398 - Step 04672: 3937.4717 E_h, exp. variance=2.0570 E_h^2, pmove=0.85
2026-06-01 22:44:48,313 - Step 04673: 3941.4370 E_h, exp. variance=2.2434 E_h^2, pmove=0.86
2026-06-01 22:44:49,233 - Step 04674: 3938.6699 E_h, exp. variance=2.0901 E_h^2, pmove=0.85
2026-06-01 22:44:50,151 - Step 04675: 3940.2251 E_h, exp. variance=1.9325 E_h^2, pmove=0.85
2026-06-01 22:44:51,074 - Step 04676: 3939.3213 E_h, exp. variance=1.7438 E_h^2, pmove=0.86
2026-06-01 22:44:51,990 - Step 04677: 3940.0168 E_h, exp. variance=1.5914 E_h^2, pmove=0.86
2026-06-01 22:44:52,910 - Step 04678: 3938.4565 E_h, exp. variance=1.5442 E_h^2, pmove=0.85
2026-06-01 22:44:53,830 - Step 04679: 3938.9941 E_h, exp. variance=1.4093 E_h^2, pmove=0.86
2026-06-01 22:44:54,746 - Step 04680: 3938.3770 E_h, exp. variance=1.3651 E_h^2, pmove=0.86
2026-06-01 22:44:55,664 - Step 04681: 3939.5249 E_h, exp. variance=1.2327 E_h^2, pmove=0.86
2026-06-01 22:44:56,581 - Step 04682: 3935.4033 E_h, exp. variance=2.4981 E_h^2, pmove=0.85
2026-06-01 22:44:57,498 - Step 04683: 3940.3525 E_h, exp. variance=2.4282 E_h^2, pmove=0.86
2026-06-01 22:44:58,414 - Step 04684: 3937.2324 E_h, exp. variance=2.4926 E_h^2, pmove=0.85
2026-06-01 22:44:59,331 - Step 04685: 3938.9700 E_h, exp. variance=2.2438 E_h^2, pmove=0.86
2026-06-01 22:45:00,253 - Step 04686: 3936.0823 E_h, exp. variance=2.7353 E_h^2, pmove=0.86
2026-06-01 22:45:01,170 - Step 04687: 3938.1685 E_h, exp. variance=2.4802 E_h^2, pmove=0.86
2026-06-01 22:45:02,088 - Step 04688: 3936.0276 E_h, exp. variance=2.8164 E_h^2, pmove=0.86
2026-06-01 22:45:03,020 - Step 04689: 3937.9543 E_h, exp. variance=2.5468 E_h^2, pmove=0.86
2026-06-01 22:45:03,936 - Step 04690: 3936.8530 E_h, exp. variance=2.4764 E_h^2, pmove=0.86
2026-06-01 22:45:04,856 - Step 04691: 3937.0200 E_h, exp. variance=2.3419 E_h^2, pmove=0.86
2026-06-01 22:45:05,780 - Step 04692: 3936.3730 E_h, exp. variance=2.3544 E_h^2, pmove=0.85
2026-06-01 22:45:06,697 - Step 04693: 3936.0532 E_h, exp. variance=2.4138 E_h^2, pmove=0.86
2026-06-01 22:45:07,613 - Step 04694: 3935.0825 E_h, exp. variance=2.7808 E_h^2, pmove=0.85
2026-06-01 22:45:08,534 - Step 04695: 3936.8000 E_h, exp. variance=2.5376 E_h^2, pmove=0.85
2026-06-01 22:45:09,453 - Step 04696: 3936.5044 E_h, exp. variance=2.3497 E_h^2, pmove=0.86
2026-06-01 22:45:10,369 - Step 04697: 3936.3845 E_h, exp. variance=2.1860 E_h^2, pmove=0.86
2026-06-01 22:45:11,288 - Step 04698: 3936.1504 E_h, exp. variance=2.0638 E_h^2, pmove=0.86
2026-06-01 22:45:12,206 - Step 04699: 3935.6567 E_h, exp. variance=2.0403 E_h^2, pmove=0.86
2026-06-01 22:45:13,122 - Step 04700: 3933.3896 E_h, exp. variance=2.9704 E_h^2, pmove=0.86
2026-06-01 22:45:14,039 - Step 04701: 3934.7434 E_h, exp. variance=2.9784 E_h^2, pmove=0.86
2026-06-01 22:45:14,955 - Step 04702: 3932.2319 E_h, exp. variance=4.2444 E_h^2, pmove=0.86
2026-06-01 22:45:15,875 - Step 04703: 3934.8159 E_h, exp. variance=3.9427 E_h^2, pmove=0.86
2026-06-01 22:45:16,794 - Step 04704: 3933.4294 E_h, exp. variance=4.0831 E_h^2, pmove=0.86
2026-06-01 22:45:17,714 - Step 04705: 3935.6926 E_h, exp. variance=3.6752 E_h^2, pmove=0.86
2026-06-01 22:45:18,628 - Step 04706: 3935.1670 E_h, exp. variance=3.3270 E_h^2, pmove=0.86
2026-06-01 22:45:19,549 - Step 04707: 3934.9631 E_h, exp. variance=3.0290 E_h^2, pmove=0.86
2026-06-01 22:45:20,465 - Step 04708: 3936.0796 E_h, exp. variance=2.7541 E_h^2, pmove=0.85
2026-06-01 22:45:21,380 - Step 04709: 3935.3462 E_h, exp. variance=2.4835 E_h^2, pmove=0.85
2026-06-01 22:45:22,303 - Step 04710: 3936.3728 E_h, exp. variance=2.2954 E_h^2, pmove=0.86
2026-06-01 22:45:23,220 - Step 04711: 3936.2500 E_h, exp. variance=2.0998 E_h^2, pmove=0.86
2026-06-01 22:45:24,138 - Step 04712: 3938.0435 E_h, exp. variance=2.3851 E_h^2, pmove=0.86
2026-06-01 22:45:25,056 - Step 04713: 3933.4834 E_h, exp. variance=2.6863 E_h^2, pmove=0.86
2026-06-01 22:45:25,972 - Step 04714: 3938.2607 E_h, exp. variance=3.0137 E_h^2, pmove=0.86
2026-06-01 22:45:26,886 - Step 04715: 3935.0603 E_h, exp. variance=2.7827 E_h^2, pmove=0.85
2026-06-01 22:45:27,808 - Step 04716: 3937.8516 E_h, exp. variance=2.8628 E_h^2, pmove=0.86
2026-06-01 22:45:28,737 - Step 04717: 3934.5576 E_h, exp. variance=2.7785 E_h^2, pmove=0.85
2026-06-01 22:45:29,657 - Step 04718: 3937.2876 E_h, exp. variance=2.6725 E_h^2, pmove=0.86
2026-06-01 22:45:30,578 - Step 04719: 3933.9023 E_h, exp. variance=2.8180 E_h^2, pmove=0.86
2026-06-01 22:45:31,497 - Step 04720: 3935.6487 E_h, exp. variance=2.5392 E_h^2, pmove=0.86
2026-06-01 22:45:32,417 - Step 04721: 3932.6829 E_h, exp. variance=3.1663 E_h^2, pmove=0.85
2026-06-01 22:45:33,339 - Step 04722: 3934.3950 E_h, exp. variance=2.9594 E_h^2, pmove=0.86
2026-06-01 22:45:34,255 - Step 04723: 3932.8337 E_h, exp. variance=3.2508 E_h^2, pmove=0.86
2026-06-01 22:45:35,174 - Step 04724: 3934.0234 E_h, exp. variance=3.0365 E_h^2, pmove=0.86
2026-06-01 22:45:36,087 - Step 04725: 3933.1909 E_h, exp. variance=3.0346 E_h^2, pmove=0.86
2026-06-01 22:45:37,010 - Step 04726: 3935.0386 E_h, exp. variance=2.7348 E_h^2, pmove=0.86
2026-06-01 22:45:37,927 - Step 04727: 3934.3506 E_h, exp. variance=2.4845 E_h^2, pmove=0.85
2026-06-01 22:45:38,844 - Step 04728: 3935.9888 E_h, exp. variance=2.3615 E_h^2, pmove=0.86
2026-06-01 22:45:39,762 - Step 04729: 3933.6377 E_h, exp. variance=2.2748 E_h^2, pmove=0.86
2026-06-01 22:45:40,683 - Step 04730: 3935.0803 E_h, exp. variance=2.0545 E_h^2, pmove=0.86
2026-06-01 22:45:41,601 - Step 04731: 3934.1655 E_h, exp. variance=1.8883 E_h^2, pmove=0.86
2026-06-01 22:45:42,522 - Step 04732: 3933.0312 E_h, exp. variance=1.9684 E_h^2, pmove=0.86
2026-06-01 22:45:43,443 - Step 04733: 3935.2856 E_h, exp. variance=1.8155 E_h^2, pmove=0.86
2026-06-01 22:45:44,367 - Step 04734: 3933.8472 E_h, exp. variance=1.6929 E_h^2, pmove=0.86
2026-06-01 22:45:45,287 - Step 04735: 3933.4038 E_h, exp. variance=1.6472 E_h^2, pmove=0.86
2026-06-01 22:45:46,203 - Step 04736: 3933.5356 E_h, exp. variance=1.5592 E_h^2, pmove=0.86
2026-06-01 22:45:47,121 - Step 04737: 3932.1104 E_h, exp. variance=1.8612 E_h^2, pmove=0.85
2026-06-01 22:45:48,044 - Step 04738: 3934.6990 E_h, exp. variance=1.7032 E_h^2, pmove=0.86
2026-06-01 22:45:48,963 - Step 04739: 3933.0781 E_h, exp. variance=1.6454 E_h^2, pmove=0.86
2026-06-01 22:45:49,883 - Step 04740: 3934.1699 E_h, exp. variance=1.4815 E_h^2, pmove=0.86
2026-06-01 22:45:50,802 - Step 04741: 3933.0193 E_h, exp. variance=1.4372 E_h^2, pmove=0.86
2026-06-01 22:45:51,724 - Step 04742: 3933.5220 E_h, exp. variance=1.3128 E_h^2, pmove=0.86
2026-06-01 22:45:52,645 - Step 04743: 3933.0542 E_h, exp. variance=1.2521 E_h^2, pmove=0.86
2026-06-01 22:45:53,564 - Step 04744: 3932.1714 E_h, exp. variance=1.3807 E_h^2, pmove=0.85
2026-06-01 22:45:54,484 - Step 04745: 3933.8486 E_h, exp. variance=1.2451 E_h^2, pmove=0.86
2026-06-01 22:45:55,400 - Step 04746: 3932.2354 E_h, exp. variance=1.3135 E_h^2, pmove=0.86
2026-06-01 22:45:56,321 - Step 04747: 3933.9150 E_h, exp. variance=1.1940 E_h^2, pmove=0.86
2026-06-01 22:45:57,242 - Step 04748: 3930.2832 E_h, exp. variance=2.0582 E_h^2, pmove=0.86
2026-06-01 22:45:58,162 - Step 04749: 3932.2395 E_h, exp. variance=1.9458 E_h^2, pmove=0.86
2026-06-01 22:45:59,082 - Step 04750: 3931.0537 E_h, exp. variance=2.1493 E_h^2, pmove=0.86
2026-06-01 22:46:00,013 - Step 04751: 3932.1321 E_h, exp. variance=1.9941 E_h^2, pmove=0.86
2026-06-01 22:46:00,935 - Step 04752: 3930.7515 E_h, exp. variance=2.1967 E_h^2, pmove=0.86
2026-06-01 22:46:01,855 - Step 04753: 3931.9385 E_h, exp. variance=2.0230 E_h^2, pmove=0.86
2026-06-01 22:46:02,773 - Step 04754: 3930.4956 E_h, exp. variance=2.2125 E_h^2, pmove=0.86
2026-06-01 22:46:03,694 - Step 04755: 3931.9885 E_h, exp. variance=2.0046 E_h^2, pmove=0.86
2026-06-01 22:46:04,612 - Step 04756: 3931.2017 E_h, exp. variance=1.9197 E_h^2, pmove=0.86
2026-06-01 22:46:05,538 - Step 04757: 3931.6255 E_h, exp. variance=1.7597 E_h^2, pmove=0.86
2026-06-01 22:46:06,462 - Step 04758: 3931.5945 E_h, exp. variance=1.6127 E_h^2, pmove=0.86
2026-06-01 22:46:07,385 - Step 04759: 3931.8215 E_h, exp. variance=1.4587 E_h^2, pmove=0.86
2026-06-01 22:46:08,306 - Step 04760: 3931.5820 E_h, exp. variance=1.3348 E_h^2, pmove=0.86
2026-06-01 22:46:09,226 - Step 04761: 3932.1675 E_h, exp. variance=1.2031 E_h^2, pmove=0.86
2026-06-01 22:46:10,152 - Step 04762: 3931.9202 E_h, exp. variance=1.0841 E_h^2, pmove=0.86
2026-06-01 22:46:11,074 - Step 04763: 3932.9658 E_h, exp. variance=1.0547 E_h^2, pmove=0.86
2026-06-01 22:46:11,998 - Step 04764: 3933.2710 E_h, exp. variance=1.0679 E_h^2, pmove=0.86
2026-06-01 22:46:12,923 - Step 04765: 3933.5269 E_h, exp. variance=1.1107 E_h^2, pmove=0.86
2026-06-01 22:46:13,853 - Step 04766: 3933.6528 E_h, exp. variance=1.1486 E_h^2, pmove=0.86
2026-06-01 22:46:14,776 - Step 04767: 3930.9629 E_h, exp. variance=1.2450 E_h^2, pmove=0.86
2026-06-01 22:46:15,698 - Step 04768: 3934.5947 E_h, exp. variance=1.5773 E_h^2, pmove=0.86
2026-06-01 22:46:16,621 - Step 04769: 3931.5635 E_h, exp. variance=1.5102 E_h^2, pmove=0.85
2026-06-01 22:46:17,542 - Step 04770: 3933.8203 E_h, exp. variance=1.5241 E_h^2, pmove=0.86
2026-06-01 22:46:18,462 - Step 04771: 3931.7886 E_h, exp. variance=1.4312 E_h^2, pmove=0.86
2026-06-01 22:46:19,381 - Step 04772: 3932.1951 E_h, exp. variance=1.2977 E_h^2, pmove=0.86
2026-06-01 22:46:20,298 - Step 04773: 3934.2822 E_h, exp. variance=1.4575 E_h^2, pmove=0.86
2026-06-01 22:46:21,225 - Step 04774: 3932.8628 E_h, exp. variance=1.3152 E_h^2, pmove=0.86
2026-06-01 22:46:22,144 - Step 04775: 3933.1243 E_h, exp. variance=1.2009 E_h^2, pmove=0.86
2026-06-01 22:46:23,064 - Step 04776: 3932.0518 E_h, exp. variance=1.1223 E_h^2, pmove=0.86
2026-06-01 22:46:23,982 - Step 04777: 3932.5122 E_h, exp. variance=1.0121 E_h^2, pmove=0.85
2026-06-01 22:46:24,902 - Step 04778: 3932.2207 E_h, exp. variance=0.9273 E_h^2, pmove=0.86
2026-06-01 22:46:25,820 - Step 04779: 3932.1704 E_h, exp. variance=0.8516 E_h^2, pmove=0.86
2026-06-01 22:46:26,741 - Step 04780: 3931.7275 E_h, exp. variance=0.8291 E_h^2, pmove=0.86
2026-06-01 22:46:27,660 - Step 04781: 3932.7778 E_h, exp. variance=0.7543 E_h^2, pmove=0.86
2026-06-01 22:46:28,593 - Step 04782: 3931.0317 E_h, exp. variance=0.8751 E_h^2, pmove=0.86
2026-06-01 22:46:29,511 - Step 04783: 3933.0337 E_h, exp. variance=0.8283 E_h^2, pmove=0.86
2026-06-01 22:46:30,432 - Step 04784: 3931.6162 E_h, exp. variance=0.8048 E_h^2, pmove=0.86
2026-06-01 22:46:31,352 - Step 04785: 3932.0737 E_h, exp. variance=0.7310 E_h^2, pmove=0.86
2026-06-01 22:46:32,271 - Step 04786: 3932.7148 E_h, exp. variance=0.6720 E_h^2, pmove=0.85
2026-06-01 22:46:33,197 - Step 04787: 3933.4150 E_h, exp. variance=0.7052 E_h^2, pmove=0.86
2026-06-01 22:46:34,115 - Step 04788: 3933.8311 E_h, exp. variance=0.8027 E_h^2, pmove=0.86
2026-06-01 22:46:35,035 - Step 04789: 3933.6465 E_h, exp. variance=0.8208 E_h^2, pmove=0.85
2026-06-01 22:46:35,955 - Step 04790: 3933.3403 E_h, exp. variance=0.7749 E_h^2, pmove=0.86
2026-06-01 22:46:36,879 - Step 04791: 3932.2358 E_h, exp. variance=0.7230 E_h^2, pmove=0.86
2026-06-01 22:46:37,803 - Step 04792: 3933.1914 E_h, exp. variance=0.6711 E_h^2, pmove=0.86
2026-06-01 22:46:38,720 - Step 04793: 3933.1050 E_h, exp. variance=0.6145 E_h^2, pmove=0.86
2026-06-01 22:46:39,641 - Step 04794: 3933.3179 E_h, exp. variance=0.5774 E_h^2, pmove=0.86
2026-06-01 22:46:40,558 - Step 04795: 3932.5391 E_h, exp. variance=0.5283 E_h^2, pmove=0.86
2026-06-01 22:46:41,480 - Step 04796: 3932.1213 E_h, exp. variance=0.5193 E_h^2, pmove=0.86
2026-06-01 22:46:42,397 - Step 04797: 3932.5286 E_h, exp. variance=0.4717 E_h^2, pmove=0.86
2026-06-01 22:46:43,313 - Step 04798: 3931.2483 E_h, exp. variance=0.6213 E_h^2, pmove=0.86
2026-06-01 22:46:44,234 - Step 04799: 3932.6187 E_h, exp. variance=0.5593 E_h^2, pmove=0.86
2026-06-01 22:46:45,159 - Step 04800: 3931.2803 E_h, exp. variance=0.6560 E_h^2, pmove=0.85
2026-06-01 22:46:46,082 - Step 04801: 3931.9031 E_h, exp. variance=0.6176 E_h^2, pmove=0.86
2026-06-01 22:46:47,003 - Step 04802: 3931.9990 E_h, exp. variance=0.5702 E_h^2, pmove=0.86
2026-06-01 22:46:47,924 - Step 04803: 3932.8782 E_h, exp. variance=0.5375 E_h^2, pmove=0.86
2026-06-01 22:46:48,842 - Step 04804: 3933.4600 E_h, exp. variance=0.5830 E_h^2, pmove=0.86
2026-06-01 22:46:49,763 - Step 04805: 3933.3113 E_h, exp. variance=0.5818 E_h^2, pmove=0.85
2026-06-01 22:46:50,684 - Step 04806: 3932.7747 E_h, exp. variance=0.5265 E_h^2, pmove=0.86
2026-06-01 22:46:51,601 - Step 04807: 3933.1287 E_h, exp. variance=0.4978 E_h^2, pmove=0.86
2026-06-01 22:46:52,522 - Step 04808: 3932.8535 E_h, exp. variance=0.4513 E_h^2, pmove=0.86
2026-06-01 22:46:53,442 - Step 04809: 3931.6582 E_h, exp. variance=0.5007 E_h^2, pmove=0.85
2026-06-01 22:46:54,366 - Step 04810: 3932.6470 E_h, exp. variance=0.4510 E_h^2, pmove=0.85
2026-06-01 22:46:55,286 - Step 04811: 3931.7292 E_h, exp. variance=0.4722 E_h^2, pmove=0.86
2026-06-01 22:46:56,202 - Step 04812: 3932.7915 E_h, exp. variance=0.4325 E_h^2, pmove=0.86
2026-06-01 22:46:57,122 - Step 04813: 3932.7690 E_h, exp. variance=0.3944 E_h^2, pmove=0.86
2026-06-01 22:46:58,043 - Step 04814: 3931.8013 E_h, exp. variance=0.4060 E_h^2, pmove=0.85
2026-06-01 22:46:58,961 - Step 04815: 3933.2351 E_h, exp. variance=0.4169 E_h^2, pmove=0.86
2026-06-01 22:46:59,883 - Step 04816: 3931.9810 E_h, exp. variance=0.4048 E_h^2, pmove=0.85
2026-06-01 22:47:00,810 - Step 04817: 3932.4910 E_h, exp. variance=0.3643 E_h^2, pmove=0.86
2026-06-01 22:47:01,736 - Step 04818: 3932.2073 E_h, exp. variance=0.3354 E_h^2, pmove=0.86
2026-06-01 22:47:02,655 - Step 04819: 3930.8816 E_h, exp. variance=0.5283 E_h^2, pmove=0.85
2026-06-01 22:47:03,574 - Step 04820: 3931.8049 E_h, exp. variance=0.4984 E_h^2, pmove=0.86
2026-06-01 22:47:04,492 - Step 04821: 3928.1914 E_h, exp. variance=1.9374 E_h^2, pmove=0.86
2026-06-01 22:47:05,411 - Step 04822: 3930.8921 E_h, exp. variance=1.8266 E_h^2, pmove=0.86
2026-06-01 22:47:06,331 - Step 04823: 3929.5713 E_h, exp. variance=2.0736 E_h^2, pmove=0.86
2026-06-01 22:47:07,252 - Step 04824: 3929.6299 E_h, exp. variance=2.1938 E_h^2, pmove=0.86
2026-06-01 22:47:08,172 - Step 04825: 3929.0740 E_h, exp. variance=2.4394 E_h^2, pmove=0.86
2026-06-01 22:47:09,095 - Step 04826: 3928.8184 E_h, exp. variance=2.6720 E_h^2, pmove=0.86
2026-06-01 22:47:10,020 - Step 04827: 3928.6819 E_h, exp. variance=2.8434 E_h^2, pmove=0.86
2026-06-01 22:47:10,939 - Step 04828: 3929.0889 E_h, exp. variance=2.7837 E_h^2, pmove=0.86
2026-06-01 22:47:11,865 - Step 04829: 3929.8845 E_h, exp. variance=2.5406 E_h^2, pmove=0.86
2026-06-01 22:47:12,783 - Step 04830: 3929.0723 E_h, exp. variance=2.4570 E_h^2, pmove=0.86
2026-06-01 22:47:13,707 - Step 04831: 3930.8633 E_h, exp. variance=2.2388 E_h^2, pmove=0.86
2026-06-01 22:47:14,628 - Step 04832: 3929.6880 E_h, exp. variance=2.0562 E_h^2, pmove=0.86
2026-06-01 22:47:15,552 - Step 04833: 3929.8345 E_h, exp. variance=1.8699 E_h^2, pmove=0.86
2026-06-01 22:47:16,472 - Step 04834: 3930.7424 E_h, exp. variance=1.7046 E_h^2, pmove=0.86
2026-06-01 22:47:17,394 - Step 04835: 3930.0701 E_h, exp. variance=1.5389 E_h^2, pmove=0.86
2026-06-01 22:47:18,314 - Step 04836: 3932.1980 E_h, exp. variance=1.7170 E_h^2, pmove=0.86
2026-06-01 22:47:19,234 - Step 04837: 3930.9092 E_h, exp. variance=1.5627 E_h^2, pmove=0.86
2026-06-01 22:47:20,155 - Step 04838: 3931.5298 E_h, exp. variance=1.4993 E_h^2, pmove=0.86
2026-06-01 22:47:21,075 - Step 04839: 3930.6646 E_h, exp. variance=1.3496 E_h^2, pmove=0.86
2026-06-01 22:47:21,992 - Step 04840: 3931.5620 E_h, exp. variance=1.2945 E_h^2, pmove=0.86
2026-06-01 22:47:22,909 - Step 04841: 3932.5964 E_h, exp. variance=1.4838 E_h^2, pmove=0.86
2026-06-01 22:47:23,832 - Step 04842: 3931.8936 E_h, exp. variance=1.4238 E_h^2, pmove=0.86
2026-06-01 22:47:24,753 - Step 04843: 3931.9019 E_h, exp. variance=1.3544 E_h^2, pmove=0.86
2026-06-01 22:47:25,676 - Step 04844: 3929.9812 E_h, exp. variance=1.3299 E_h^2, pmove=0.86
2026-06-01 22:47:26,596 - Step 04845: 3929.8105 E_h, exp. variance=1.3202 E_h^2, pmove=0.86
2026-06-01 22:47:27,523 - Step 04846: 3929.9229 E_h, exp. variance=1.2678 E_h^2, pmove=0.86
2026-06-01 22:47:28,456 - Step 04847: 3930.3210 E_h, exp. variance=1.1592 E_h^2, pmove=0.85
2026-06-01 22:47:29,376 - Step 04848: 3927.9482 E_h, exp. variance=1.7371 E_h^2, pmove=0.86
2026-06-01 22:47:30,294 - Step 04849: 3928.8315 E_h, exp. variance=1.7984 E_h^2, pmove=0.86
2026-06-01 22:47:31,221 - Step 04850: 3927.5925 E_h, exp. variance=2.2713 E_h^2, pmove=0.86
2026-06-01 22:47:32,148 - Step 04851: 3930.2246 E_h, exp. variance=2.0481 E_h^2, pmove=0.86
2026-06-01 22:47:33,074 - Step 04852: 3928.1914 E_h, exp. variance=2.1499 E_h^2, pmove=0.85
2026-06-01 22:47:33,997 - Step 04853: 3929.3259 E_h, exp. variance=1.9598 E_h^2, pmove=0.86
2026-06-01 22:47:34,918 - Step 04854: 3930.5786 E_h, exp. variance=1.8184 E_h^2, pmove=0.86
2026-06-01 22:47:35,841 - Step 04855: 3929.8691 E_h, exp. variance=1.6366 E_h^2, pmove=0.86
2026-06-01 22:47:36,762 - Step 04856: 3929.8994 E_h, exp. variance=1.4730 E_h^2, pmove=0.86
2026-06-01 22:47:37,686 - Step 04857: 3930.8545 E_h, exp. variance=1.4113 E_h^2, pmove=0.86
2026-06-01 22:47:38,614 - Step 04858: 3931.2515 E_h, exp. variance=1.4165 E_h^2, pmove=0.86
2026-06-01 22:47:39,536 - Step 04859: 3930.0581 E_h, exp. variance=1.2750 E_h^2, pmove=0.86
2026-06-01 22:47:40,459 - Step 04860: 3931.3357 E_h, exp. variance=1.2851 E_h^2, pmove=0.86
2026-06-01 22:47:41,377 - Step 04861: 3930.4875 E_h, exp. variance=1.1629 E_h^2, pmove=0.86
2026-06-01 22:47:42,300 - Step 04862: 3931.1870 E_h, exp. variance=1.1257 E_h^2, pmove=0.86
2026-06-01 22:47:43,220 - Step 04863: 3929.3267 E_h, exp. variance=1.1061 E_h^2, pmove=0.86
2026-06-01 22:47:44,142 - Step 04864: 3931.5498 E_h, exp. variance=1.1496 E_h^2, pmove=0.86
2026-06-01 22:47:45,063 - Step 04865: 3927.0588 E_h, exp. variance=2.0227 E_h^2, pmove=0.85
2026-06-01 22:47:45,991 - Step 04866: 3930.7632 E_h, exp. variance=1.8674 E_h^2, pmove=0.86
2026-06-01 22:47:46,915 - Step 04867: 3929.3975 E_h, exp. variance=1.7268 E_h^2, pmove=0.86
2026-06-01 22:47:47,839 - Step 04868: 3928.6616 E_h, exp. variance=1.7255 E_h^2, pmove=0.86
2026-06-01 22:47:48,761 - Step 04869: 3931.1934 E_h, exp. variance=1.7026 E_h^2, pmove=0.86
2026-06-01 22:47:49,679 - Step 04870: 3928.9976 E_h, exp. variance=1.6288 E_h^2, pmove=0.86
2026-06-01 22:47:50,599 - Step 04871: 3932.7817 E_h, exp. variance=2.1983 E_h^2, pmove=0.86
2026-06-01 22:47:51,521 - Step 04872: 3928.6250 E_h, exp. variance=2.2058 E_h^2, pmove=0.85
2026-06-01 22:47:52,443 - Step 04873: 3930.9585 E_h, exp. variance=2.0586 E_h^2, pmove=0.86
2026-06-01 22:47:53,371 - Step 04874: 3928.5315 E_h, exp. variance=2.0873 E_h^2, pmove=0.85
2026-06-01 22:47:54,296 - Step 04875: 3930.4963 E_h, exp. variance=1.9021 E_h^2, pmove=0.86
2026-06-01 22:47:55,218 - Step 04876: 3928.7605 E_h, exp. variance=1.8583 E_h^2, pmove=0.86
2026-06-01 22:47:56,139 - Step 04877: 3929.7532 E_h, exp. variance=1.6746 E_h^2, pmove=0.86
2026-06-01 22:47:57,057 - Step 04878: 3929.6335 E_h, exp. variance=1.5132 E_h^2, pmove=0.86
2026-06-01 22:47:57,978 - Step 04879: 3930.7471 E_h, exp. variance=1.4316 E_h^2, pmove=0.86
2026-06-01 22:47:58,901 - Step 04880: 3930.8320 E_h, exp. variance=1.3577 E_h^2, pmove=0.86
2026-06-01 22:47:59,823 - Step 04881: 3931.3801 E_h, exp. variance=1.3830 E_h^2, pmove=0.86
2026-06-01 22:48:00,741 - Step 04882: 3930.8040 E_h, exp. variance=1.2801 E_h^2, pmove=0.86
2026-06-01 22:48:01,665 - Step 04883: 3931.3994 E_h, exp. variance=1.2733 E_h^2, pmove=0.86
2026-06-01 22:48:02,588 - Step 04884: 3930.2478 E_h, exp. variance=1.1470 E_h^2, pmove=0.86
2026-06-01 22:48:03,510 - Step 04885: 3931.0933 E_h, exp. variance=1.0828 E_h^2, pmove=0.86
2026-06-01 22:48:04,441 - Step 04886: 3930.7104 E_h, exp. variance=0.9822 E_h^2, pmove=0.86
2026-06-01 22:48:05,365 - Step 04887: 3929.0596 E_h, exp. variance=1.0575 E_h^2, pmove=0.86
2026-06-01 22:48:06,285 - Step 04888: 3930.6138 E_h, exp. variance=0.9601 E_h^2, pmove=0.86
2026-06-01 22:48:07,208 - Step 04889: 3927.9895 E_h, exp. variance=1.3612 E_h^2, pmove=0.86
2026-06-01 22:48:08,130 - Step 04890: 3928.9324 E_h, exp. variance=1.3488 E_h^2, pmove=0.86
2026-06-01 22:48:09,052 - Step 04891: 3928.0789 E_h, exp. variance=1.5418 E_h^2, pmove=0.85
2026-06-01 22:48:09,974 - Step 04892: 3928.3093 E_h, exp. variance=1.5867 E_h^2, pmove=0.86
2026-06-01 22:48:10,894 - Step 04893: 3928.6245 E_h, exp. variance=1.5223 E_h^2, pmove=0.86
2026-06-01 22:48:11,816 - Step 04894: 3928.1567 E_h, exp. variance=1.5437 E_h^2, pmove=0.86
2026-06-01 22:48:12,738 - Step 04895: 3928.5850 E_h, exp. variance=1.4501 E_h^2, pmove=0.86
2026-06-01 22:48:13,658 - Step 04896: 3927.2373 E_h, exp. variance=1.6972 E_h^2, pmove=0.86
2026-06-01 22:48:14,586 - Step 04897: 3928.9980 E_h, exp. variance=1.5287 E_h^2, pmove=0.86
2026-06-01 22:48:15,511 - Step 04898: 3928.1108 E_h, exp. variance=1.4646 E_h^2, pmove=0.86
2026-06-01 22:48:16,437 - Step 04899: 3929.7910 E_h, exp. variance=1.3738 E_h^2, pmove=0.86
2026-06-01 22:48:17,363 - Step 04900: 3928.9888 E_h, exp. variance=1.2372 E_h^2, pmove=0.86
2026-06-01 22:48:18,290 - Step 04901: 3929.0327 E_h, exp. variance=1.1136 E_h^2, pmove=0.86
2026-06-01 22:48:19,213 - Step 04902: 3929.4697 E_h, exp. variance=1.0167 E_h^2, pmove=0.86
2026-06-01 22:48:20,133 - Step 04903: 3928.4956 E_h, exp. variance=0.9490 E_h^2, pmove=0.86
2026-06-01 22:48:21,051 - Step 04904: 3929.1433 E_h, exp. variance=0.8549 E_h^2, pmove=0.86
2026-06-01 22:48:21,973 - Step 04905: 3927.3960 E_h, exp. variance=1.0179 E_h^2, pmove=0.86
2026-06-01 22:48:22,894 - Step 04906: 3928.6284 E_h, exp. variance=0.9224 E_h^2, pmove=0.86
2026-06-01 22:48:23,815 - Step 04907: 3927.0718 E_h, exp. variance=1.1196 E_h^2, pmove=0.86
2026-06-01 22:48:24,742 - Step 04908: 3927.0464 E_h, exp. variance=1.2496 E_h^2, pmove=0.86
2026-06-01 22:48:25,664 - Step 04909: 3926.0918 E_h, exp. variance=1.6561 E_h^2, pmove=0.86
2026-06-01 22:48:26,592 - Step 04910: 3926.4321 E_h, exp. variance=1.7975 E_h^2, pmove=0.86
2026-06-01 22:48:27,520 - Step 04911: 3926.9663 E_h, exp. variance=1.7323 E_h^2, pmove=0.86
2026-06-01 22:48:28,441 - Step 04912: 3927.7253 E_h, exp. variance=1.5649 E_h^2, pmove=0.86
2026-06-01 22:48:29,364 - Step 04913: 3926.5083 E_h, exp. variance=1.5970 E_h^2, pmove=0.86
2026-06-01 22:48:30,286 - Step 04914: 3927.7461 E_h, exp. variance=1.4377 E_h^2, pmove=0.86
2026-06-01 22:48:31,209 - Step 04915: 3928.4263 E_h, exp. variance=1.3287 E_h^2, pmove=0.86
2026-06-01 22:48:32,132 - Step 04916: 3929.2908 E_h, exp. variance=1.3784 E_h^2, pmove=0.86
2026-06-01 22:48:33,060 - Step 04917: 3928.4873 E_h, exp. variance=1.2611 E_h^2, pmove=0.86
2026-06-01 22:48:33,978 - Step 04918: 3930.1379 E_h, exp. variance=1.5248 E_h^2, pmove=0.86
2026-06-01 22:48:34,899 - Step 04919: 3928.0842 E_h, exp. variance=1.3752 E_h^2, pmove=0.86
2026-06-01 22:48:35,826 - Step 04920: 3929.0391 E_h, exp. variance=1.2942 E_h^2, pmove=0.86
2026-06-01 22:48:36,752 - Step 04921: 3926.8486 E_h, exp. variance=1.3613 E_h^2, pmove=0.86
2026-06-01 22:48:37,675 - Step 04922: 3928.3691 E_h, exp. variance=1.2284 E_h^2, pmove=0.86
2026-06-01 22:48:38,596 - Step 04923: 3926.9546 E_h, exp. variance=1.2446 E_h^2, pmove=0.86
2026-06-01 22:48:39,516 - Step 04924: 3927.1235 E_h, exp. variance=1.2013 E_h^2, pmove=0.86
2026-06-01 22:48:40,435 - Step 04925: 3926.7522 E_h, exp. variance=1.2165 E_h^2, pmove=0.86
2026-06-01 22:48:41,359 - Step 04926: 3926.0835 E_h, exp. variance=1.3775 E_h^2, pmove=0.86
2026-06-01 22:48:42,279 - Step 04927: 3926.4653 E_h, exp. variance=1.3722 E_h^2, pmove=0.86
2026-06-01 22:48:43,203 - Step 04928: 3925.7603 E_h, exp. variance=1.5256 E_h^2, pmove=0.86
2026-06-01 22:48:44,125 - Step 04929: 3925.9585 E_h, exp. variance=1.5542 E_h^2, pmove=0.86
2026-06-01 22:48:45,053 - Step 04930: 3927.1033 E_h, exp. variance=1.4004 E_h^2, pmove=0.86
2026-06-01 22:48:45,981 - Step 04931: 3925.5552 E_h, exp. variance=1.5105 E_h^2, pmove=0.86
2026-06-01 22:48:46,903 - Step 04932: 3926.8247 E_h, exp. variance=1.3643 E_h^2, pmove=0.86
2026-06-01 22:48:47,825 - Step 04933: 3924.4644 E_h, exp. variance=1.8214 E_h^2, pmove=0.86
2026-06-01 22:48:48,746 - Step 04934: 3926.7568 E_h, exp. variance=1.6393 E_h^2, pmove=0.86
2026-06-01 22:48:49,672 - Step 04935: 3925.1580 E_h, exp. variance=1.7103 E_h^2, pmove=0.86
2026-06-01 22:48:50,596 - Step 04936: 3926.9392 E_h, exp. variance=1.5489 E_h^2, pmove=0.86
2026-06-01 22:48:51,517 - Step 04937: 3924.9175 E_h, exp. variance=1.6625 E_h^2, pmove=0.86
2026-06-01 22:48:52,441 - Step 04938: 3926.2588 E_h, exp. variance=1.5004 E_h^2, pmove=0.86
2026-06-01 22:48:53,363 - Step 04939: 3924.1511 E_h, exp. variance=1.8264 E_h^2, pmove=0.86
2026-06-01 22:48:54,288 - Step 04940: 3926.5132 E_h, exp. variance=1.6514 E_h^2, pmove=0.86
2026-06-01 22:48:55,210 - Step 04941: 3926.4832 E_h, exp. variance=1.4912 E_h^2, pmove=0.86
2026-06-01 22:48:56,132 - Step 04942: 3925.9968 E_h, exp. variance=1.3489 E_h^2, pmove=0.86
2026-06-01 22:48:57,055 - Step 04943: 3926.8015 E_h, exp. variance=1.2418 E_h^2, pmove=0.86
2026-06-01 22:48:57,979 - Step 04944: 3926.0667 E_h, exp. variance=1.1226 E_h^2, pmove=0.86
2026-06-01 22:48:58,899 - Step 04945: 3925.8242 E_h, exp. variance=1.0289 E_h^2, pmove=0.86
2026-06-01 22:48:59,818 - Step 04946: 3927.9626 E_h, exp. variance=1.1954 E_h^2, pmove=0.86
2026-06-01 22:49:00,745 - Step 04947: 3925.1990 E_h, exp. variance=1.2069 E_h^2, pmove=0.86
2026-06-01 22:49:01,665 - Step 04948: 3928.3645 E_h, exp. variance=1.4753 E_h^2, pmove=0.86
2026-06-01 22:49:02,589 - Step 04949: 3928.6890 E_h, exp. variance=1.7617 E_h^2, pmove=0.86
2026-06-01 22:49:03,512 - Step 04950: 3926.8828 E_h, exp. variance=1.5882 E_h^2, pmove=0.86
2026-06-01 22:49:04,432 - Step 04951: 3926.5811 E_h, exp. variance=1.4313 E_h^2, pmove=0.86
2026-06-01 22:49:05,354 - Step 04952: 3927.1729 E_h, exp. variance=1.3071 E_h^2, pmove=0.86
2026-06-01 22:49:06,287 - Step 04953: 3926.4043 E_h, exp. variance=1.1878 E_h^2, pmove=0.86
2026-06-01 22:49:07,206 - Step 04954: 3929.4685 E_h, exp. variance=1.7464 E_h^2, pmove=0.86
2026-06-01 22:49:08,128 - Step 04955: 3927.7139 E_h, exp. variance=1.6177 E_h^2, pmove=0.86
2026-06-01 22:49:09,047 - Step 04956: 3928.8350 E_h, exp. variance=1.7359 E_h^2, pmove=0.86
2026-06-01 22:49:09,971 - Step 04957: 3927.3872 E_h, exp. variance=1.5641 E_h^2, pmove=0.86
2026-06-01 22:49:10,894 - Step 04958: 3928.6934 E_h, exp. variance=1.5922 E_h^2, pmove=0.86
2026-06-01 22:49:11,816 - Step 04959: 3930.2598 E_h, exp. variance=2.1666 E_h^2, pmove=0.86
2026-06-01 22:49:12,737 - Step 04960: 3928.8870 E_h, exp. variance=2.0788 E_h^2, pmove=0.86
2026-06-01 22:49:13,658 - Step 04961: 3928.6646 E_h, exp. variance=1.9367 E_h^2, pmove=0.86
2026-06-01 22:49:14,582 - Step 04962: 3928.7217 E_h, exp. variance=1.8045 E_h^2, pmove=0.86
2026-06-01 22:49:15,504 - Step 04963: 3927.2651 E_h, exp. variance=1.6698 E_h^2, pmove=0.86
2026-06-01 22:49:16,426 - Step 04964: 3929.4570 E_h, exp. variance=1.7191 E_h^2, pmove=0.86
2026-06-01 22:49:17,352 - Step 04965: 3927.3337 E_h, exp. variance=1.5949 E_h^2, pmove=0.86
2026-06-01 22:49:18,272 - Step 04966: 3927.4326 E_h, exp. variance=1.4633 E_h^2, pmove=0.86
2026-06-01 22:49:19,191 - Step 04967: 3928.9688 E_h, exp. variance=1.4134 E_h^2, pmove=0.86
2026-06-01 22:49:20,117 - Step 04968: 3928.4087 E_h, exp. variance=1.2845 E_h^2, pmove=0.85
2026-06-01 22:49:21,042 - Step 04969: 3931.2048 E_h, exp. variance=2.0383 E_h^2, pmove=0.86
2026-06-01 22:49:21,964 - Step 04970: 3911.7129 E_h, exp. variance=26.8567 E_h^2, pmove=0.86
2026-06-01 22:49:22,885 - Step 04971: 3929.4646 E_h, exp. variance=24.8492 E_h^2, pmove=0.86
2026-06-01 22:49:23,807 - Step 04972: 3927.4893 E_h, exp. variance=22.3864 E_h^2, pmove=0.85
2026-06-01 22:49:24,729 - Step 04973: 3924.4067 E_h, exp. variance=20.7734 E_h^2, pmove=0.86
2026-06-01 22:49:25,648 - Step 04974: 3928.1025 E_h, exp. variance=18.8536 E_h^2, pmove=0.86
2026-06-01 22:49:26,568 - Step 04975: 3929.8232 E_h, exp. variance=17.7309 E_h^2, pmove=0.85
2026-06-01 22:49:27,494 - Step 04976: 3928.5461 E_h, exp. variance=16.1202 E_h^2, pmove=0.86
2026-06-01 22:49:28,415 - Step 04977: 3925.0225 E_h, exp. variance=14.9905 E_h^2, pmove=0.86
2026-06-01 22:49:29,339 - Step 04978: 3927.0464 E_h, exp. variance=13.4917 E_h^2, pmove=0.86
2026-06-01 22:49:30,257 - Step 04979: 3926.3589 E_h, exp. variance=12.1920 E_h^2, pmove=0.86
2026-06-01 22:49:31,176 - Step 04980: 3926.7490 E_h, exp. variance=10.9797 E_h^2, pmove=0.86
2026-06-01 22:49:32,100 - Step 04981: 3927.0835 E_h, exp. variance=9.8824 E_h^2, pmove=0.86
2026-06-01 22:49:33,022 - Step 04982: 3927.6333 E_h, exp. variance=8.9295 E_h^2, pmove=0.85
2026-06-01 22:49:33,943 - Step 04983: 3927.6121 E_h, exp. variance=8.0630 E_h^2, pmove=0.86
2026-06-01 22:49:34,863 - Step 04984: 3928.0015 E_h, exp. variance=7.3260 E_h^2, pmove=0.86
2026-06-01 22:49:35,787 - Step 04985: 3926.1650 E_h, exp. variance=6.6920 E_h^2, pmove=0.85
2026-06-01 22:49:36,713 - Step 04986: 3926.0908 E_h, exp. variance=6.1157 E_h^2, pmove=0.86
2026-06-01 22:49:37,636 - Step 04987: 3926.1328 E_h, exp. variance=5.5726 E_h^2, pmove=0.86
2026-06-01 22:49:38,557 - Step 04988: 3927.1296 E_h, exp. variance=5.0193 E_h^2, pmove=0.86
2026-06-01 22:49:39,478 - Step 04989: 3925.6982 E_h, exp. variance=4.6560 E_h^2, pmove=0.86
2026-06-01 22:49:40,401 - Step 04990: 3924.9946 E_h, exp. variance=4.4887 E_h^2, pmove=0.86
2026-06-01 22:49:41,325 - Step 04991: 3927.5010 E_h, exp. variance=4.1076 E_h^2, pmove=0.86
2026-06-01 22:49:42,247 - Step 04992: 3926.3552 E_h, exp. variance=3.7088 E_h^2, pmove=0.85
2026-06-01 22:49:43,166 - Step 04993: 3927.7178 E_h, exp. variance=3.4342 E_h^2, pmove=0.86
2026-06-01 22:49:44,086 - Step 04994: 3926.6731 E_h, exp. variance=3.0920 E_h^2, pmove=0.86
2026-06-01 22:49:45,013 - Step 04995: 3927.1104 E_h, exp. variance=2.7929 E_h^2, pmove=0.86
2026-06-01 22:49:45,934 - Step 04996: 3926.4949 E_h, exp. variance=2.5225 E_h^2, pmove=0.86
2026-06-01 22:49:46,863 - Step 04997: 3925.9111 E_h, exp. variance=2.3378 E_h^2, pmove=0.86
2026-06-01 22:49:47,785 - Step 04998: 3927.3989 E_h, exp. variance=2.1491 E_h^2, pmove=0.86
2026-06-01 22:49:48,715 - Step 04999: 3927.5840 E_h, exp. variance=1.9951 E_h^2, pmove=0.86
2026-06-01 22:49:48,715 - Saving checkpoint results/bilayer-bosons/BosonNet/N32_layers16_16_rs0.5_d1.0_D50.0_sq/qmcjax_ckpt_004999.npz
2026-06-01 22:49:48,999 - Training completed after t [s] = 563
