2026-06-15 02:40:30,911 - 
2026-06-15 02:40:30,912 - === Runtime Environment ===
2026-06-15 02:40:30,912 - Command line: /home/gridsan/hlo1/project/PeriodicWaveBoson/scripts/train/run_bilayer.py --results-dir results/D_d_scan_N24_rs1.0_sq --dipole-strength 1.6 --d 1.0 --seed 69
2026-06-15 02:40:30,912 - Working directory: /home/gridsan/hlo1/project/PeriodicWaveBoson
2026-06-15 02:40:30,912 - Host: d-14-2-1
2026-06-15 02:40:30,912 - Python version: 3.13.13
2026-06-15 02:40:30,912 - System: Linux #20260508 SMP PREEMPT_DYNAMIC Fri May  8 11:20:56 EDT 2026
2026-06-15 02:40:30,914 - Processor: x86_64
2026-06-15 02:40:30,914 - Numpy version: 2.4.6
2026-06-15 02:40:30,914 - 
2026-06-15 02:40:30,914 - === Scheduler Environment ===
2026-06-15 02:40:30,914 - LLSUB_RANK: 19
2026-06-15 02:40:30,914 - LLSUB_SIZE: 20
2026-06-15 02:40:30,914 - SLURM_JOB_ID: 4946458
2026-06-15 02:40:30,914 - SLURM_JOB_NAME: submit.sh
2026-06-15 02:40:30,914 - SLURM_NODELIST: d-14-2-1
2026-06-15 02:40:30,914 - SLURM_PROCID: 0
2026-06-15 02:40:30,914 - SLURM_LOCALID: 0
2026-06-15 02:40:30,914 - SLURM_GPUS: <unset>
2026-06-15 02:40:30,914 - SLURM_GPUS_ON_NODE: 2
2026-06-15 02:40:30,914 - SLURM_CPUS_PER_TASK: 1
2026-06-15 02:40:30,914 - 
2026-06-15 02:40:30,914 - === JAX Device Visibility ===
2026-06-15 02:40:30,914 - JAX version: 0.10.1
2026-06-15 02:40:30,914 - JAXlib version: 0.10.1
2026-06-15 02:40:30,914 - KFAC-JAX version: 0.0.8
2026-06-15 02:40:30,914 - Platform: gpu
2026-06-15 02:40:30,914 - jax_enable_x64: False
2026-06-15 02:40:30,914 - Default precision: float32
2026-06-15 02:40:30,914 - Default matmul precision: float32
2026-06-15 02:40:30,914 - CUDA_VISIBLE_DEVICES: GPU-1f0b2155-0397-9a46-4b8d-e42348c89094
2026-06-15 02:40:30,914 - XLA_PYTHON_CLIENT_PREALLOCATE: <unset>
2026-06-15 02:40:30,914 - XLA_PYTHON_CLIENT_MEM_FRACTION: <unset>
2026-06-15 02:40:30,914 - JAX process index/count: 0/1
2026-06-15 02:40:30,914 - JAX local device count: 1
2026-06-15 02:40:30,915 - JAX global device count: 1
2026-06-15 02:40:30,915 - JAX local devices: ['cuda:0']
2026-06-15 02:40:30,915 - JAX global devices: ['cuda:0']
2026-06-15 02:40:30,915 - JAX visible GPU kinds: ['Tesla V100-PCIE-32GB']
2026-06-15 02:40:30,915 - 
2026-06-15 02:40:30,915 - === Node NVIDIA State ===
2026-06-15 02:40:30,935 - nvidia-smi -L output (node-level, not necessarily JAX-visible):
GPU 0: Tesla V100-PCIE-32GB (UUID: GPU-1f0b2155-0397-9a46-4b8d-e42348c89094)
GPU 1: Tesla V100-PCIE-32GB (UUID: GPU-209d4020-5a74-c1b1-64e5-48ba21668ff8)
2026-06-15 02:40:30,954 - nvidia-smi query (node-level, not necessarily JAX-visible):
index, uuid, name, driver_version, memory.total [MiB], memory.used [MiB], utilization.gpu [%]
0, GPU-1f0b2155-0397-9a46-4b8d-e42348c89094, Tesla V100-PCIE-32GB, 580.126.09, 32768 MiB, 326 MiB, 0 %
1, GPU-209d4020-5a74-c1b1-64e5-48ba21668ff8, Tesla V100-PCIE-32GB, 580.126.09, 32768 MiB, 326 MiB, 0 %
2026-06-15 02:40:30,954 - 
2026-06-15 02:40:30,954 - === Training Log ===
2026-06-15 02:40:31,016 - Starting QMC with 1 XLA devices per host across 1 hosts.
2026-06-15 02:40:34,695 - No checkpoint found. Training new model.
2026-06-15 02:40:36,863 - Unregularized parameters masking info (for curvature calculations and L2 regularization)
2026-06-15 02:40:36,863 -   Not masking out (DictKey(key='embed'), DictKey(key='b'))
2026-06-15 02:40:36,863 -   Not masking out (DictKey(key='embed'), DictKey(key='w'))
2026-06-15 02:40:36,863 -   Not masking out (DictKey(key='phi'), SequenceKey(idx=0), SequenceKey(idx=0), DictKey(key='b'))
2026-06-15 02:40:36,863 -   Not masking out (DictKey(key='phi'), SequenceKey(idx=0), SequenceKey(idx=0), DictKey(key='w'))
2026-06-15 02:40:36,864 -   Not masking out (DictKey(key='phi'), SequenceKey(idx=0), SequenceKey(idx=1), DictKey(key='b'))
2026-06-15 02:40:36,864 -   Not masking out (DictKey(key='phi'), SequenceKey(idx=0), SequenceKey(idx=1), DictKey(key='w'))
2026-06-15 02:40:36,864 -   Not masking out (DictKey(key='phi'), SequenceKey(idx=1), SequenceKey(idx=0), DictKey(key='b'))
2026-06-15 02:40:36,864 -   Not masking out (DictKey(key='phi'), SequenceKey(idx=1), SequenceKey(idx=0), DictKey(key='w'))
2026-06-15 02:40:36,864 -   Not masking out (DictKey(key='phi'), SequenceKey(idx=1), SequenceKey(idx=1), DictKey(key='b'))
2026-06-15 02:40:36,864 -   Not masking out (DictKey(key='phi'), SequenceKey(idx=1), SequenceKey(idx=1), DictKey(key='w'))
2026-06-15 02:40:36,864 -   Not masking out (DictKey(key='phi'), SequenceKey(idx=2), SequenceKey(idx=0), DictKey(key='b'))
2026-06-15 02:40:36,864 -   Not masking out (DictKey(key='phi'), SequenceKey(idx=2), SequenceKey(idx=0), DictKey(key='w'))
2026-06-15 02:40:36,864 -   Not masking out (DictKey(key='phi'), SequenceKey(idx=2), SequenceKey(idx=1), DictKey(key='b'))
2026-06-15 02:40:36,864 -   Not masking out (DictKey(key='phi'), SequenceKey(idx=2), SequenceKey(idx=1), DictKey(key='w'))
2026-06-15 02:40:36,864 -   Not masking out (DictKey(key='phi'), SequenceKey(idx=3), SequenceKey(idx=0), DictKey(key='b'))
2026-06-15 02:40:36,864 -   Not masking out (DictKey(key='phi'), SequenceKey(idx=3), SequenceKey(idx=0), DictKey(key='w'))
2026-06-15 02:40:36,864 -   Not masking out (DictKey(key='phi'), SequenceKey(idx=3), SequenceKey(idx=1), DictKey(key='b'))
2026-06-15 02:40:36,864 -   Not masking out (DictKey(key='phi'), SequenceKey(idx=3), SequenceKey(idx=1), DictKey(key='w'))
2026-06-15 02:40:36,864 -   Not masking out (DictKey(key='rho'), SequenceKey(idx=0), DictKey(key='b'))
2026-06-15 02:40:36,864 -   Not masking out (DictKey(key='rho'), SequenceKey(idx=0), DictKey(key='w'))
2026-06-15 02:40:36,864 -   Not masking out (DictKey(key='rho'), SequenceKey(idx=1), DictKey(key='b'))
2026-06-15 02:40:36,864 -   Not masking out (DictKey(key='rho'), SequenceKey(idx=1), DictKey(key='w'))
2026-06-15 02:40:36,864 -   Not masking out (DictKey(key='transformer'), SequenceKey(idx=0), DictKey(key='attn_ln'), DictKey(key='offset'))
2026-06-15 02:40:36,864 -   Not masking out (DictKey(key='transformer'), SequenceKey(idx=0), DictKey(key='attn_ln'), DictKey(key='scale'))
2026-06-15 02:40:36,864 -   Not masking out (DictKey(key='transformer'), SequenceKey(idx=0), DictKey(key='distance_bias'), DictKey(key='dipole_inter_w'))
2026-06-15 02:40:36,864 -   Not masking out (DictKey(key='transformer'), SequenceKey(idx=0), DictKey(key='distance_bias'), DictKey(key='dipole_intra_w'))
2026-06-15 02:40:36,864 -   Not masking out (DictKey(key='transformer'), SequenceKey(idx=0), DictKey(key='distance_bias'), DictKey(key='distance_inter_w'))
2026-06-15 02:40:36,864 -   Not masking out (DictKey(key='transformer'), SequenceKey(idx=0), DictKey(key='distance_bias'), DictKey(key='distance_intra_w'))
2026-06-15 02:40:36,864 -   Not masking out (DictKey(key='transformer'), SequenceKey(idx=0), DictKey(key='ff1'), DictKey(key='b'))
2026-06-15 02:40:36,864 -   Not masking out (DictKey(key='transformer'), SequenceKey(idx=0), DictKey(key='ff1'), DictKey(key='w'))
2026-06-15 02:40:36,864 -   Not masking out (DictKey(key='transformer'), SequenceKey(idx=0), DictKey(key='ff2'), DictKey(key='b'))
2026-06-15 02:40:36,864 -   Not masking out (DictKey(key='transformer'), SequenceKey(idx=0), DictKey(key='ff2'), DictKey(key='w'))
2026-06-15 02:40:36,864 -   Not masking out (DictKey(key='transformer'), SequenceKey(idx=0), DictKey(key='ff_ln'), DictKey(key='offset'))
2026-06-15 02:40:36,864 -   Not masking out (DictKey(key='transformer'), SequenceKey(idx=0), DictKey(key='ff_ln'), DictKey(key='scale'))
2026-06-15 02:40:36,864 -   Not masking out (DictKey(key='transformer'), SequenceKey(idx=0), DictKey(key='k_w'))
2026-06-15 02:40:36,864 -   Not masking out (DictKey(key='transformer'), SequenceKey(idx=0), DictKey(key='out_w'))
2026-06-15 02:40:36,865 -   Not masking out (DictKey(key='transformer'), SequenceKey(idx=0), DictKey(key='q_w'))
2026-06-15 02:40:36,865 -   Not masking out (DictKey(key='transformer'), SequenceKey(idx=0), DictKey(key='v_w'))
2026-06-15 02:40:36,865 -   Not masking out (DictKey(key='transformer'), SequenceKey(idx=1), DictKey(key='attn_ln'), DictKey(key='offset'))
2026-06-15 02:40:36,865 -   Not masking out (DictKey(key='transformer'), SequenceKey(idx=1), DictKey(key='attn_ln'), DictKey(key='scale'))
2026-06-15 02:40:36,865 -   Not masking out (DictKey(key='transformer'), SequenceKey(idx=1), DictKey(key='distance_bias'), DictKey(key='dipole_inter_w'))
2026-06-15 02:40:36,865 -   Not masking out (DictKey(key='transformer'), SequenceKey(idx=1), DictKey(key='distance_bias'), DictKey(key='dipole_intra_w'))
2026-06-15 02:40:36,865 -   Not masking out (DictKey(key='transformer'), SequenceKey(idx=1), DictKey(key='distance_bias'), DictKey(key='distance_inter_w'))
2026-06-15 02:40:36,865 -   Not masking out (DictKey(key='transformer'), SequenceKey(idx=1), DictKey(key='distance_bias'), DictKey(key='distance_intra_w'))
2026-06-15 02:40:36,865 -   Not masking out (DictKey(key='transformer'), SequenceKey(idx=1), DictKey(key='ff1'), DictKey(key='b'))
2026-06-15 02:40:36,865 -   Not masking out (DictKey(key='transformer'), SequenceKey(idx=1), DictKey(key='ff1'), DictKey(key='w'))
2026-06-15 02:40:36,865 -   Not masking out (DictKey(key='transformer'), SequenceKey(idx=1), DictKey(key='ff2'), DictKey(key='b'))
2026-06-15 02:40:36,865 -   Not masking out (DictKey(key='transformer'), SequenceKey(idx=1), DictKey(key='ff2'), DictKey(key='w'))
2026-06-15 02:40:36,865 -   Not masking out (DictKey(key='transformer'), SequenceKey(idx=1), DictKey(key='ff_ln'), DictKey(key='offset'))
2026-06-15 02:40:36,865 -   Not masking out (DictKey(key='transformer'), SequenceKey(idx=1), DictKey(key='ff_ln'), DictKey(key='scale'))
2026-06-15 02:40:36,865 -   Not masking out (DictKey(key='transformer'), SequenceKey(idx=1), DictKey(key='k_w'))
2026-06-15 02:40:36,865 -   Not masking out (DictKey(key='transformer'), SequenceKey(idx=1), DictKey(key='out_w'))
2026-06-15 02:40:36,865 -   Not masking out (DictKey(key='transformer'), SequenceKey(idx=1), DictKey(key='q_w'))
2026-06-15 02:40:36,865 -   Not masking out (DictKey(key='transformer'), SequenceKey(idx=1), DictKey(key='v_w'))
2026-06-15 02:40:36,865 -   Not masking out (DictKey(key='transformer'), SequenceKey(idx=2), DictKey(key='attn_ln'), DictKey(key='offset'))
2026-06-15 02:40:36,865 -   Not masking out (DictKey(key='transformer'), SequenceKey(idx=2), DictKey(key='attn_ln'), DictKey(key='scale'))
2026-06-15 02:40:36,865 -   Not masking out (DictKey(key='transformer'), SequenceKey(idx=2), DictKey(key='distance_bias'), DictKey(key='dipole_inter_w'))
2026-06-15 02:40:36,865 -   Not masking out (DictKey(key='transformer'), SequenceKey(idx=2), DictKey(key='distance_bias'), DictKey(key='dipole_intra_w'))
2026-06-15 02:40:36,865 -   Not masking out (DictKey(key='transformer'), SequenceKey(idx=2), DictKey(key='distance_bias'), DictKey(key='distance_inter_w'))
2026-06-15 02:40:36,865 -   Not masking out (DictKey(key='transformer'), SequenceKey(idx=2), DictKey(key='distance_bias'), DictKey(key='distance_intra_w'))
2026-06-15 02:40:36,865 -   Not masking out (DictKey(key='transformer'), SequenceKey(idx=2), DictKey(key='ff1'), DictKey(key='b'))
2026-06-15 02:40:36,865 -   Not masking out (DictKey(key='transformer'), SequenceKey(idx=2), DictKey(key='ff1'), DictKey(key='w'))
2026-06-15 02:40:36,865 -   Not masking out (DictKey(key='transformer'), SequenceKey(idx=2), DictKey(key='ff2'), DictKey(key='b'))
2026-06-15 02:40:36,865 -   Not masking out (DictKey(key='transformer'), SequenceKey(idx=2), DictKey(key='ff2'), DictKey(key='w'))
2026-06-15 02:40:36,865 -   Not masking out (DictKey(key='transformer'), SequenceKey(idx=2), DictKey(key='ff_ln'), DictKey(key='offset'))
2026-06-15 02:40:36,865 -   Not masking out (DictKey(key='transformer'), SequenceKey(idx=2), DictKey(key='ff_ln'), DictKey(key='scale'))
2026-06-15 02:40:36,865 -   Not masking out (DictKey(key='transformer'), SequenceKey(idx=2), DictKey(key='k_w'))
2026-06-15 02:40:36,865 -   Not masking out (DictKey(key='transformer'), SequenceKey(idx=2), DictKey(key='out_w'))
2026-06-15 02:40:36,865 -   Not masking out (DictKey(key='transformer'), SequenceKey(idx=2), DictKey(key='q_w'))
2026-06-15 02:40:36,865 -   Not masking out (DictKey(key='transformer'), SequenceKey(idx=2), DictKey(key='v_w'))
2026-06-15 02:40:36,865 -   Not masking out (DictKey(key='transformer'), SequenceKey(idx=3), DictKey(key='attn_ln'), DictKey(key='offset'))
2026-06-15 02:40:36,866 -   Not masking out (DictKey(key='transformer'), SequenceKey(idx=3), DictKey(key='attn_ln'), DictKey(key='scale'))
2026-06-15 02:40:36,866 -   Not masking out (DictKey(key='transformer'), SequenceKey(idx=3), DictKey(key='distance_bias'), DictKey(key='dipole_inter_w'))
2026-06-15 02:40:36,866 -   Not masking out (DictKey(key='transformer'), SequenceKey(idx=3), DictKey(key='distance_bias'), DictKey(key='dipole_intra_w'))
2026-06-15 02:40:36,866 -   Not masking out (DictKey(key='transformer'), SequenceKey(idx=3), DictKey(key='distance_bias'), DictKey(key='distance_inter_w'))
2026-06-15 02:40:36,866 -   Not masking out (DictKey(key='transformer'), SequenceKey(idx=3), DictKey(key='distance_bias'), DictKey(key='distance_intra_w'))
2026-06-15 02:40:36,866 -   Not masking out (DictKey(key='transformer'), SequenceKey(idx=3), DictKey(key='ff1'), DictKey(key='b'))
2026-06-15 02:40:36,866 -   Not masking out (DictKey(key='transformer'), SequenceKey(idx=3), DictKey(key='ff1'), DictKey(key='w'))
2026-06-15 02:40:36,866 -   Not masking out (DictKey(key='transformer'), SequenceKey(idx=3), DictKey(key='ff2'), DictKey(key='b'))
2026-06-15 02:40:36,866 -   Not masking out (DictKey(key='transformer'), SequenceKey(idx=3), DictKey(key='ff2'), DictKey(key='w'))
2026-06-15 02:40:36,866 -   Not masking out (DictKey(key='transformer'), SequenceKey(idx=3), DictKey(key='ff_ln'), DictKey(key='offset'))
2026-06-15 02:40:36,866 -   Not masking out (DictKey(key='transformer'), SequenceKey(idx=3), DictKey(key='ff_ln'), DictKey(key='scale'))
2026-06-15 02:40:36,866 -   Not masking out (DictKey(key='transformer'), SequenceKey(idx=3), DictKey(key='k_w'))
2026-06-15 02:40:36,866 -   Not masking out (DictKey(key='transformer'), SequenceKey(idx=3), DictKey(key='out_w'))
2026-06-15 02:40:36,866 -   Not masking out (DictKey(key='transformer'), SequenceKey(idx=3), DictKey(key='q_w'))
2026-06-15 02:40:36,866 -   Not masking out (DictKey(key='transformer'), SequenceKey(idx=3), DictKey(key='v_w'))
2026-06-15 02:40:40,890 - ==================================================
2026-06-15 02:40:40,890 - Graph parameter registrations:
2026-06-15 02:40:40,891 - {'embed': {'b': 'Auto[tag_variant=repeated_dense(0)|match_type=repeated_dense1_with_bias]',
2026-06-15 02:40:40,891 -            'w': 'Auto[tag_variant=repeated_dense(0)|match_type=repeated_dense1_with_bias]'},
2026-06-15 02:40:40,891 -  'ln': [],
2026-06-15 02:40:40,891 -  'phi': [[{'b': 'Auto[generic(0)]', 'w': 'Auto[generic(1)]'},
2026-06-15 02:40:40,891 -           {'b': 'Auto[generic(2)]', 'w': 'Auto[generic(3)]'}],
2026-06-15 02:40:40,891 -          [{'b': 'Auto[generic(4)]', 'w': 'Auto[generic(5)]'},
2026-06-15 02:40:40,891 -           {'b': 'Auto[generic(6)]', 'w': 'Auto[generic(7)]'}],
2026-06-15 02:40:40,891 -          [{'b': 'Auto[generic(8)]', 'w': 'Auto[generic(9)]'},
2026-06-15 02:40:40,891 -           {'b': 'Auto[generic(10)]', 'w': 'Auto[generic(11)]'}],
2026-06-15 02:40:40,891 -          [{'b': 'Auto[generic(12)]', 'w': 'Auto[generic(13)]'},
2026-06-15 02:40:40,891 -           {'b': 'Auto[generic(14)]', 'w': 'Auto[generic(15)]'}]],
2026-06-15 02:40:40,892 -  'rho': [{'b': 'Auto[tag_variant=dense(0)|match_type=dense_with_bias_no_reshape]',
2026-06-15 02:40:40,892 -           'w': 'Auto[tag_variant=dense(0)|match_type=dense_with_bias_no_reshape]'},
2026-06-15 02:40:40,892 -          {'b': 'Auto[tag_variant=dense(1)|match_type=dense_with_bias_no_reshape]',
2026-06-15 02:40:40,892 -           'w': 'Auto[tag_variant=dense(1)|match_type=dense_with_bias_no_reshape]'}],
2026-06-15 02:40:40,892 -  'transformer': [{'attn_ln': {'offset': 'Auto[tag_variant=scale_and_shift(0)|match_type=normalization_haiku_broadcast_1]',
2026-06-15 02:40:40,892 -                               'scale': 'Auto[tag_variant=scale_and_shift(0)|match_type=normalization_haiku_broadcast_1]'},
2026-06-15 02:40:40,892 -                   'distance_bias': {'dipole_inter_w': 'Auto[generic(16)]',
2026-06-15 02:40:40,892 -                                     'dipole_intra_w': 'Auto[generic(17)]',
2026-06-15 02:40:40,892 -                                     'distance_inter_w': 'Auto[generic(18)]',
2026-06-15 02:40:40,892 -                                     'distance_intra_w': 'Auto[generic(19)]'},
2026-06-15 02:40:40,892 -                   'ff1': {'b': 'Auto[tag_variant=repeated_dense(5)|match_type=repeated_dense1_with_bias]',
2026-06-15 02:40:40,892 -                           'w': 'Auto[tag_variant=repeated_dense(5)|match_type=repeated_dense1_with_bias]'},
2026-06-15 02:40:40,892 -                   'ff2': {'b': 'Auto[tag_variant=repeated_dense(6)|match_type=repeated_dense1_with_bias]',
2026-06-15 02:40:40,892 -                           'w': 'Auto[tag_variant=repeated_dense(6)|match_type=repeated_dense1_with_bias]'},
2026-06-15 02:40:40,892 -                   'ff_ln': {'offset': 'Auto[tag_variant=scale_and_shift(1)|match_type=normalization_haiku_broadcast_1]',
2026-06-15 02:40:40,892 -                             'scale': 'Auto[tag_variant=scale_and_shift(1)|match_type=normalization_haiku_broadcast_1]'},
2026-06-15 02:40:40,892 -                   'k_w': 'Auto[tag_variant=repeated_dense(2)|match_type=repeated_dense1_no_bias]',
2026-06-15 02:40:40,892 -                   'out_w': 'Auto[tag_variant=repeated_dense(4)|match_type=repeated_dense1_no_bias]',
2026-06-15 02:40:40,892 -                   'q_w': 'Auto[tag_variant=repeated_dense(1)|match_type=repeated_dense1_no_bias]',
2026-06-15 02:40:40,892 -                   'v_w': 'Auto[tag_variant=repeated_dense(3)|match_type=repeated_dense1_no_bias]'},
2026-06-15 02:40:40,892 -                  {'attn_ln': {'offset': 'Auto[tag_variant=scale_and_shift(2)|match_type=normalization_haiku_broadcast_1]',
2026-06-15 02:40:40,892 -                               'scale': 'Auto[tag_variant=scale_and_shift(2)|match_type=normalization_haiku_broadcast_1]'},
2026-06-15 02:40:40,892 -                   'distance_bias': {'dipole_inter_w': 'Auto[generic(20)]',
2026-06-15 02:40:40,892 -                                     'dipole_intra_w': 'Auto[generic(21)]',
2026-06-15 02:40:40,892 -                                     'distance_inter_w': 'Auto[generic(22)]',
2026-06-15 02:40:40,892 -                                     'distance_intra_w': 'Auto[generic(23)]'},
2026-06-15 02:40:40,892 -                   'ff1': {'b': 'Auto[tag_variant=repeated_dense(11)|match_type=repeated_dense1_with_bias]',
2026-06-15 02:40:40,892 -                           'w': 'Auto[tag_variant=repeated_dense(11)|match_type=repeated_dense1_with_bias]'},
2026-06-15 02:40:40,892 -                   'ff2': {'b': 'Auto[tag_variant=repeated_dense(12)|match_type=repeated_dense1_with_bias]',
2026-06-15 02:40:40,892 -                           'w': 'Auto[tag_variant=repeated_dense(12)|match_type=repeated_dense1_with_bias]'},
2026-06-15 02:40:40,892 -                   'ff_ln': {'offset': 'Auto[tag_variant=scale_and_shift(3)|match_type=normalization_haiku_broadcast_1]',
2026-06-15 02:40:40,892 -                             'scale': 'Auto[tag_variant=scale_and_shift(3)|match_type=normalization_haiku_broadcast_1]'},
2026-06-15 02:40:40,892 -                   'k_w': 'Auto[tag_variant=repeated_dense(8)|match_type=repeated_dense1_no_bias]',
2026-06-15 02:40:40,892 -                   'out_w': 'Auto[tag_variant=repeated_dense(10)|match_type=repeated_dense1_no_bias]',
2026-06-15 02:40:40,892 -                   'q_w': 'Auto[tag_variant=repeated_dense(7)|match_type=repeated_dense1_no_bias]',
2026-06-15 02:40:40,892 -                   'v_w': 'Auto[tag_variant=repeated_dense(9)|match_type=repeated_dense1_no_bias]'},
2026-06-15 02:40:40,892 -                  {'attn_ln': {'offset': 'Auto[tag_variant=scale_and_shift(4)|match_type=normalization_haiku_broadcast_1]',
2026-06-15 02:40:40,892 -                               'scale': 'Auto[tag_variant=scale_and_shift(4)|match_type=normalization_haiku_broadcast_1]'},
2026-06-15 02:40:40,892 -                   'distance_bias': {'dipole_inter_w': 'Auto[generic(24)]',
2026-06-15 02:40:40,892 -                                     'dipole_intra_w': 'Auto[generic(25)]',
2026-06-15 02:40:40,892 -                                     'distance_inter_w': 'Auto[generic(26)]',
2026-06-15 02:40:40,893 -                                     'distance_intra_w': 'Auto[generic(27)]'},
2026-06-15 02:40:40,893 -                   'ff1': {'b': 'Auto[tag_variant=repeated_dense(17)|match_type=repeated_dense1_with_bias]',
2026-06-15 02:40:40,893 -                           'w': 'Auto[tag_variant=repeated_dense(17)|match_type=repeated_dense1_with_bias]'},
2026-06-15 02:40:40,893 -                   'ff2': {'b': 'Auto[tag_variant=repeated_dense(18)|match_type=repeated_dense1_with_bias]',
2026-06-15 02:40:40,893 -                           'w': 'Auto[tag_variant=repeated_dense(18)|match_type=repeated_dense1_with_bias]'},
2026-06-15 02:40:40,893 -                   'ff_ln': {'offset': 'Auto[tag_variant=scale_and_shift(5)|match_type=normalization_haiku_broadcast_1]',
2026-06-15 02:40:40,893 -                             'scale': 'Auto[tag_variant=scale_and_shift(5)|match_type=normalization_haiku_broadcast_1]'},
2026-06-15 02:40:40,893 -                   'k_w': 'Auto[tag_variant=repeated_dense(14)|match_type=repeated_dense1_no_bias]',
2026-06-15 02:40:40,893 -                   'out_w': 'Auto[tag_variant=repeated_dense(16)|match_type=repeated_dense1_no_bias]',
2026-06-15 02:40:40,893 -                   'q_w': 'Auto[tag_variant=repeated_dense(13)|match_type=repeated_dense1_no_bias]',
2026-06-15 02:40:40,893 -                   'v_w': 'Auto[tag_variant=repeated_dense(15)|match_type=repeated_dense1_no_bias]'},
2026-06-15 02:40:40,893 -                  {'attn_ln': {'offset': 'Auto[tag_variant=scale_and_shift(6)|match_type=normalization_haiku_broadcast_1]',
2026-06-15 02:40:40,893 -                               'scale': 'Auto[tag_variant=scale_and_shift(6)|match_type=normalization_haiku_broadcast_1]'},
2026-06-15 02:40:40,893 -                   'distance_bias': {'dipole_inter_w': 'Auto[generic(28)]',
2026-06-15 02:40:40,893 -                                     'dipole_intra_w': 'Auto[generic(29)]',
2026-06-15 02:40:40,893 -                                     'distance_inter_w': 'Auto[generic(30)]',
2026-06-15 02:40:40,893 -                                     'distance_intra_w': 'Auto[generic(31)]'},
2026-06-15 02:40:40,893 -                   'ff1': {'b': 'Auto[tag_variant=repeated_dense(23)|match_type=repeated_dense1_with_bias]',
2026-06-15 02:40:40,893 -                           'w': 'Auto[tag_variant=repeated_dense(23)|match_type=repeated_dense1_with_bias]'},
2026-06-15 02:40:40,893 -                   'ff2': {'b': 'Auto[tag_variant=repeated_dense(24)|match_type=repeated_dense1_with_bias]',
2026-06-15 02:40:40,893 -                           'w': 'Auto[tag_variant=repeated_dense(24)|match_type=repeated_dense1_with_bias]'},
2026-06-15 02:40:40,893 -                   'ff_ln': {'offset': 'Auto[tag_variant=scale_and_shift(7)|match_type=normalization_haiku_broadcast_1]',
2026-06-15 02:40:40,893 -                             'scale': 'Auto[tag_variant=scale_and_shift(7)|match_type=normalization_haiku_broadcast_1]'},
2026-06-15 02:40:40,893 -                   'k_w': 'Auto[tag_variant=repeated_dense(20)|match_type=repeated_dense1_no_bias]',
2026-06-15 02:40:40,893 -                   'out_w': 'Auto[tag_variant=repeated_dense(22)|match_type=repeated_dense1_no_bias]',
2026-06-15 02:40:40,893 -                   'q_w': 'Auto[tag_variant=repeated_dense(19)|match_type=repeated_dense1_no_bias]',
2026-06-15 02:40:40,893 -                   'v_w': 'Auto[tag_variant=repeated_dense(21)|match_type=repeated_dense1_no_bias]'}]}
2026-06-15 02:40:40,893 - ==================================================
2026-06-15 02:40:41,082 - Graph registered losses:
2026-06-15 02:40:41,082 - NormalMeanNegativeLogProbLoss(mean=Var(id=140392420096064):float32[2048,1], variance=Literal(0.5), weight=Literal(1.0), normalize_log_prob=Literal(True))
2026-06-15 02:40:41,082 - ==================================================
2026-06-15 02:40:41,085 - BlockDiagonalCurvature blocks:
2026-06-15 02:40:41,085 - RepeatedDenseBlock(parameter_specs=['ab -> (a)b', 'a -> 1a'], parameters_concat_axis=0), tag name: Auto[tag_variant=repeated_dense(0)|match_type=repeated_dense1_with_bias], params shapes: ((5, 64), (64,))
2026-06-15 02:40:41,085 - NaiveDiagonal, tag name: Auto[generic(0)], params shapes: ((64,),)
2026-06-15 02:40:41,085 - NaiveDiagonal, tag name: Auto[generic(1)], params shapes: ((64, 64),)
2026-06-15 02:40:41,085 - NaiveDiagonal, tag name: Auto[generic(2)], params shapes: ((64,),)
2026-06-15 02:40:41,085 - NaiveDiagonal, tag name: Auto[generic(3)], params shapes: ((64, 64),)
2026-06-15 02:40:41,085 - NaiveDiagonal, tag name: Auto[generic(4)], params shapes: ((64,),)
2026-06-15 02:40:41,085 - NaiveDiagonal, tag name: Auto[generic(5)], params shapes: ((64, 64),)
2026-06-15 02:40:41,086 - NaiveDiagonal, tag name: Auto[generic(6)], params shapes: ((64,),)
2026-06-15 02:40:41,086 - NaiveDiagonal, tag name: Auto[generic(7)], params shapes: ((64, 64),)
2026-06-15 02:40:41,086 - NaiveDiagonal, tag name: Auto[generic(8)], params shapes: ((64,),)
2026-06-15 02:40:41,086 - NaiveDiagonal, tag name: Auto[generic(9)], params shapes: ((64, 64),)
2026-06-15 02:40:41,086 - NaiveDiagonal, tag name: Auto[generic(10)], params shapes: ((64,),)
2026-06-15 02:40:41,086 - NaiveDiagonal, tag name: Auto[generic(11)], params shapes: ((64, 64),)
2026-06-15 02:40:41,086 - NaiveDiagonal, tag name: Auto[generic(12)], params shapes: ((64,),)
2026-06-15 02:40:41,086 - NaiveDiagonal, tag name: Auto[generic(13)], params shapes: ((64, 64),)
2026-06-15 02:40:41,086 - NaiveDiagonal, tag name: Auto[generic(14)], params shapes: ((64,),)
2026-06-15 02:40:41,086 - NaiveDiagonal, tag name: Auto[generic(15)], params shapes: ((64, 64),)
2026-06-15 02:40:41,086 - DenseTwoKroneckerFactored(parameter_specs=['ab -> (a)b', 'a -> 1a'], parameters_concat_axis=0), tag name: Auto[tag_variant=dense(0)|match_type=dense_with_bias_no_reshape], params shapes: ((64, 64), (64,))
2026-06-15 02:40:41,086 - DenseTwoKroneckerFactored(parameter_specs=['ab -> (a)b', 'a -> 1a'], parameters_concat_axis=0), tag name: Auto[tag_variant=dense(1)|match_type=dense_with_bias_no_reshape], params shapes: ((64, 1), (1,))
2026-06-15 02:40:41,087 - ScaleAndShiftDiagonal, tag name: Auto[tag_variant=scale_and_shift(0)|match_type=normalization_haiku_broadcast_1], params shapes: ((64,), (64,))
2026-06-15 02:40:41,087 - NaiveDiagonal, tag name: Auto[generic(16)], params shapes: ((4,),)
2026-06-15 02:40:41,087 - NaiveDiagonal, tag name: Auto[generic(17)], params shapes: ((4,),)
2026-06-15 02:40:41,087 - NaiveDiagonal, tag name: Auto[generic(18)], params shapes: ((16, 4),)
2026-06-15 02:40:41,087 - NaiveDiagonal, tag name: Auto[generic(19)], params shapes: ((16, 4),)
2026-06-15 02:40:41,087 - RepeatedDenseBlock(parameter_specs=['ab -> (a)b', 'a -> 1a'], parameters_concat_axis=0), tag name: Auto[tag_variant=repeated_dense(5)|match_type=repeated_dense1_with_bias], params shapes: ((64, 256), (256,))
2026-06-15 02:40:41,087 - RepeatedDenseBlock(parameter_specs=['ab -> (a)b', 'a -> 1a'], parameters_concat_axis=0), tag name: Auto[tag_variant=repeated_dense(6)|match_type=repeated_dense1_with_bias], params shapes: ((256, 64), (64,))
2026-06-15 02:40:41,087 - ScaleAndShiftDiagonal, tag name: Auto[tag_variant=scale_and_shift(1)|match_type=normalization_haiku_broadcast_1], params shapes: ((64,), (64,))
2026-06-15 02:40:41,087 - RepeatedDenseBlock(parameter_specs=['ab -> (a)b'], parameters_concat_axis=0), tag name: Auto[tag_variant=repeated_dense(2)|match_type=repeated_dense1_no_bias], params shapes: ((64, 64),)
2026-06-15 02:40:41,087 - RepeatedDenseBlock(parameter_specs=['ab -> (a)b'], parameters_concat_axis=0), tag name: Auto[tag_variant=repeated_dense(4)|match_type=repeated_dense1_no_bias], params shapes: ((64, 64),)
2026-06-15 02:40:41,087 - RepeatedDenseBlock(parameter_specs=['ab -> (a)b'], parameters_concat_axis=0), tag name: Auto[tag_variant=repeated_dense(1)|match_type=repeated_dense1_no_bias], params shapes: ((64, 64),)
2026-06-15 02:40:41,088 - RepeatedDenseBlock(parameter_specs=['ab -> (a)b'], parameters_concat_axis=0), tag name: Auto[tag_variant=repeated_dense(3)|match_type=repeated_dense1_no_bias], params shapes: ((64, 64),)
2026-06-15 02:40:41,088 - ScaleAndShiftDiagonal, tag name: Auto[tag_variant=scale_and_shift(2)|match_type=normalization_haiku_broadcast_1], params shapes: ((64,), (64,))
2026-06-15 02:40:41,088 - NaiveDiagonal, tag name: Auto[generic(20)], params shapes: ((4,),)
2026-06-15 02:40:41,088 - NaiveDiagonal, tag name: Auto[generic(21)], params shapes: ((4,),)
2026-06-15 02:40:41,088 - NaiveDiagonal, tag name: Auto[generic(22)], params shapes: ((16, 4),)
2026-06-15 02:40:41,088 - NaiveDiagonal, tag name: Auto[generic(23)], params shapes: ((16, 4),)
2026-06-15 02:40:41,088 - RepeatedDenseBlock(parameter_specs=['ab -> (a)b', 'a -> 1a'], parameters_concat_axis=0), tag name: Auto[tag_variant=repeated_dense(11)|match_type=repeated_dense1_with_bias], params shapes: ((64, 256), (256,))
2026-06-15 02:40:41,088 - RepeatedDenseBlock(parameter_specs=['ab -> (a)b', 'a -> 1a'], parameters_concat_axis=0), tag name: Auto[tag_variant=repeated_dense(12)|match_type=repeated_dense1_with_bias], params shapes: ((256, 64), (64,))
2026-06-15 02:40:41,088 - ScaleAndShiftDiagonal, tag name: Auto[tag_variant=scale_and_shift(3)|match_type=normalization_haiku_broadcast_1], params shapes: ((64,), (64,))
2026-06-15 02:40:41,088 - RepeatedDenseBlock(parameter_specs=['ab -> (a)b'], parameters_concat_axis=0), tag name: Auto[tag_variant=repeated_dense(8)|match_type=repeated_dense1_no_bias], params shapes: ((64, 64),)
2026-06-15 02:40:41,089 - RepeatedDenseBlock(parameter_specs=['ab -> (a)b'], parameters_concat_axis=0), tag name: Auto[tag_variant=repeated_dense(10)|match_type=repeated_dense1_no_bias], params shapes: ((64, 64),)
2026-06-15 02:40:41,089 - RepeatedDenseBlock(parameter_specs=['ab -> (a)b'], parameters_concat_axis=0), tag name: Auto[tag_variant=repeated_dense(7)|match_type=repeated_dense1_no_bias], params shapes: ((64, 64),)
2026-06-15 02:40:41,089 - RepeatedDenseBlock(parameter_specs=['ab -> (a)b'], parameters_concat_axis=0), tag name: Auto[tag_variant=repeated_dense(9)|match_type=repeated_dense1_no_bias], params shapes: ((64, 64),)
2026-06-15 02:40:41,089 - ScaleAndShiftDiagonal, tag name: Auto[tag_variant=scale_and_shift(4)|match_type=normalization_haiku_broadcast_1], params shapes: ((64,), (64,))
2026-06-15 02:40:41,089 - NaiveDiagonal, tag name: Auto[generic(24)], params shapes: ((4,),)
2026-06-15 02:40:41,089 - NaiveDiagonal, tag name: Auto[generic(25)], params shapes: ((4,),)
2026-06-15 02:40:41,089 - NaiveDiagonal, tag name: Auto[generic(26)], params shapes: ((16, 4),)
2026-06-15 02:40:41,089 - NaiveDiagonal, tag name: Auto[generic(27)], params shapes: ((16, 4),)
2026-06-15 02:40:41,089 - RepeatedDenseBlock(parameter_specs=['ab -> (a)b', 'a -> 1a'], parameters_concat_axis=0), tag name: Auto[tag_variant=repeated_dense(17)|match_type=repeated_dense1_with_bias], params shapes: ((64, 256), (256,))
2026-06-15 02:40:41,089 - RepeatedDenseBlock(parameter_specs=['ab -> (a)b', 'a -> 1a'], parameters_concat_axis=0), tag name: Auto[tag_variant=repeated_dense(18)|match_type=repeated_dense1_with_bias], params shapes: ((256, 64), (64,))
2026-06-15 02:40:41,089 - ScaleAndShiftDiagonal, tag name: Auto[tag_variant=scale_and_shift(5)|match_type=normalization_haiku_broadcast_1], params shapes: ((64,), (64,))
2026-06-15 02:40:41,090 - RepeatedDenseBlock(parameter_specs=['ab -> (a)b'], parameters_concat_axis=0), tag name: Auto[tag_variant=repeated_dense(14)|match_type=repeated_dense1_no_bias], params shapes: ((64, 64),)
2026-06-15 02:40:41,090 - RepeatedDenseBlock(parameter_specs=['ab -> (a)b'], parameters_concat_axis=0), tag name: Auto[tag_variant=repeated_dense(16)|match_type=repeated_dense1_no_bias], params shapes: ((64, 64),)
2026-06-15 02:40:41,090 - RepeatedDenseBlock(parameter_specs=['ab -> (a)b'], parameters_concat_axis=0), tag name: Auto[tag_variant=repeated_dense(13)|match_type=repeated_dense1_no_bias], params shapes: ((64, 64),)
2026-06-15 02:40:41,090 - RepeatedDenseBlock(parameter_specs=['ab -> (a)b'], parameters_concat_axis=0), tag name: Auto[tag_variant=repeated_dense(15)|match_type=repeated_dense1_no_bias], params shapes: ((64, 64),)
2026-06-15 02:40:41,090 - ScaleAndShiftDiagonal, tag name: Auto[tag_variant=scale_and_shift(6)|match_type=normalization_haiku_broadcast_1], params shapes: ((64,), (64,))
2026-06-15 02:40:41,090 - NaiveDiagonal, tag name: Auto[generic(28)], params shapes: ((4,),)
2026-06-15 02:40:41,090 - NaiveDiagonal, tag name: Auto[generic(29)], params shapes: ((4,),)
2026-06-15 02:40:41,090 - NaiveDiagonal, tag name: Auto[generic(30)], params shapes: ((16, 4),)
2026-06-15 02:40:41,090 - NaiveDiagonal, tag name: Auto[generic(31)], params shapes: ((16, 4),)
2026-06-15 02:40:41,090 - RepeatedDenseBlock(parameter_specs=['ab -> (a)b', 'a -> 1a'], parameters_concat_axis=0), tag name: Auto[tag_variant=repeated_dense(23)|match_type=repeated_dense1_with_bias], params shapes: ((64, 256), (256,))
2026-06-15 02:40:41,091 - RepeatedDenseBlock(parameter_specs=['ab -> (a)b', 'a -> 1a'], parameters_concat_axis=0), tag name: Auto[tag_variant=repeated_dense(24)|match_type=repeated_dense1_with_bias], params shapes: ((256, 64), (64,))
2026-06-15 02:40:41,091 - ScaleAndShiftDiagonal, tag name: Auto[tag_variant=scale_and_shift(7)|match_type=normalization_haiku_broadcast_1], params shapes: ((64,), (64,))
2026-06-15 02:40:41,091 - RepeatedDenseBlock(parameter_specs=['ab -> (a)b'], parameters_concat_axis=0), tag name: Auto[tag_variant=repeated_dense(20)|match_type=repeated_dense1_no_bias], params shapes: ((64, 64),)
2026-06-15 02:40:41,091 - RepeatedDenseBlock(parameter_specs=['ab -> (a)b'], parameters_concat_axis=0), tag name: Auto[tag_variant=repeated_dense(22)|match_type=repeated_dense1_no_bias], params shapes: ((64, 64),)
2026-06-15 02:40:41,091 - RepeatedDenseBlock(parameter_specs=['ab -> (a)b'], parameters_concat_axis=0), tag name: Auto[tag_variant=repeated_dense(19)|match_type=repeated_dense1_no_bias], params shapes: ((64, 64),)
2026-06-15 02:40:41,091 - RepeatedDenseBlock(parameter_specs=['ab -> (a)b'], parameters_concat_axis=0), tag name: Auto[tag_variant=repeated_dense(21)|match_type=repeated_dense1_no_bias], params shapes: ((64, 64),)
2026-06-15 02:40:41,091 - ==================================================
2026-06-15 02:40:50,929 - Initial energy: nan E_h
