2026-06-11 14:22:49,913 - 
2026-06-11 14:22:49,914 - === Runtime Environment ===
2026-06-11 14:22:49,914 - Command line: /home/gridsan/hlo1/project/PeriodicWaveBoson/scripts/train/run_bilayer.py --num-bosons 32 --layers 16_16 --rs 1.0 --d 1.5 --dipole-strength 20.0 --cell sq --seed 42 --burn-in-iterations 0 --bold-iterations 5000 --retune-iterations 5000 --fine-iterations 20000 --results-dir /home/gridsan/hlo1/project/PeriodicWaveBoson/results
2026-06-11 14:22:49,915 - Working directory: /home/gridsan/hlo1/project/PeriodicWaveBoson
2026-06-11 14:22:49,915 - Host: d-14-2-1
2026-06-11 14:22:49,915 - Python version: 3.13.13
2026-06-11 14:22:49,915 - System: Linux #20260508 SMP PREEMPT_DYNAMIC Fri May  8 11:20:56 EDT 2026
2026-06-11 14:22:49,916 - Processor: x86_64
2026-06-11 14:22:49,916 - Numpy version: 2.4.6
2026-06-11 14:22:49,916 - 
2026-06-11 14:22:49,916 - === Scheduler Environment ===
2026-06-11 14:22:49,917 - LLSUB_RANK: 9
2026-06-11 14:22:49,917 - LLSUB_SIZE: 10
2026-06-11 14:22:49,917 - SLURM_JOB_ID: 4927441
2026-06-11 14:22:49,917 - SLURM_JOB_NAME: submit_bilayer_rs_d_scan.sh
2026-06-11 14:22:49,917 - SLURM_NODELIST: d-14-2-1
2026-06-11 14:22:49,917 - SLURM_PROCID: 0
2026-06-11 14:22:49,917 - SLURM_LOCALID: 0
2026-06-11 14:22:49,917 - SLURM_GPUS: <unset>
2026-06-11 14:22:49,917 - SLURM_GPUS_ON_NODE: 2
2026-06-11 14:22:49,917 - SLURM_CPUS_PER_TASK: 1
2026-06-11 14:22:49,917 - 
2026-06-11 14:22:49,917 - === JAX Device Visibility ===
2026-06-11 14:22:49,917 - JAX version: 0.10.1
2026-06-11 14:22:49,917 - JAXlib version: 0.10.1
2026-06-11 14:22:49,917 - KFAC-JAX version: 0.0.8
2026-06-11 14:22:49,917 - Platform: gpu
2026-06-11 14:22:49,917 - jax_enable_x64: False
2026-06-11 14:22:49,917 - Default precision: float32
2026-06-11 14:22:49,917 - Default matmul precision: float32
2026-06-11 14:22:49,917 - CUDA_VISIBLE_DEVICES: GPU-209d4020-5a74-c1b1-64e5-48ba21668ff8,GPU-1f0b2155-0397-9a46-4b8d-e42348c89094
2026-06-11 14:22:49,917 - XLA_PYTHON_CLIENT_PREALLOCATE: <unset>
2026-06-11 14:22:49,917 - XLA_PYTHON_CLIENT_MEM_FRACTION: <unset>
2026-06-11 14:22:49,917 - JAX process index/count: 0/1
2026-06-11 14:22:49,917 - JAX local device count: 2
2026-06-11 14:22:49,917 - JAX global device count: 2
2026-06-11 14:22:49,917 - JAX local devices: ['cuda:0', 'cuda:1']
2026-06-11 14:22:49,917 - JAX global devices: ['cuda:0', 'cuda:1']
2026-06-11 14:22:49,917 - JAX visible GPU kinds: ['Tesla V100-PCIE-32GB', 'Tesla V100-PCIE-32GB']
2026-06-11 14:22:49,917 - 
2026-06-11 14:22:49,917 - === Node NVIDIA State ===
2026-06-11 14:22:49,940 - nvidia-smi -L output (node-level, not necessarily JAX-visible):
GPU 0: Tesla V100-PCIE-32GB (UUID: GPU-1f0b2155-0397-9a46-4b8d-e42348c89094)
GPU 1: Tesla V100-PCIE-32GB (UUID: GPU-209d4020-5a74-c1b1-64e5-48ba21668ff8)
2026-06-11 14:22:49,960 - nvidia-smi query (node-level, not necessarily JAX-visible):
index, uuid, name, driver_version, memory.total [MiB], memory.used [MiB], utilization.gpu [%]
0, GPU-1f0b2155-0397-9a46-4b8d-e42348c89094, Tesla V100-PCIE-32GB, 580.126.09, 32768 MiB, 314 MiB, 0 %
1, GPU-209d4020-5a74-c1b1-64e5-48ba21668ff8, Tesla V100-PCIE-32GB, 580.126.09, 32768 MiB, 326 MiB, 0 %
2026-06-11 14:22:49,960 - 
2026-06-11 14:22:49,960 - === Training Log ===
2026-06-11 14:22:50,035 - Starting QMC with 2 XLA devices per host across 1 hosts.
2026-06-11 14:22:57,546 - No checkpoint found. Training new model.
2026-06-11 14:23:03,101 - Unregularized parameters masking info (for curvature calculations and L2 regularization)
2026-06-11 14:23:03,101 -   Not masking out (DictKey(key='embed'), DictKey(key='b'))
2026-06-11 14:23:03,101 -   Not masking out (DictKey(key='embed'), DictKey(key='w'))
2026-06-11 14:23:03,101 -   Not masking out (DictKey(key='phi'), SequenceKey(idx=0), SequenceKey(idx=0), DictKey(key='b'))
2026-06-11 14:23:03,101 -   Not masking out (DictKey(key='phi'), SequenceKey(idx=0), SequenceKey(idx=0), DictKey(key='w'))
2026-06-11 14:23:03,101 -   Not masking out (DictKey(key='phi'), SequenceKey(idx=0), SequenceKey(idx=1), DictKey(key='b'))
2026-06-11 14:23:03,101 -   Not masking out (DictKey(key='phi'), SequenceKey(idx=0), SequenceKey(idx=1), DictKey(key='w'))
2026-06-11 14:23:03,101 -   Not masking out (DictKey(key='phi'), SequenceKey(idx=1), SequenceKey(idx=0), DictKey(key='b'))
2026-06-11 14:23:03,101 -   Not masking out (DictKey(key='phi'), SequenceKey(idx=1), SequenceKey(idx=0), DictKey(key='w'))
2026-06-11 14:23:03,101 -   Not masking out (DictKey(key='phi'), SequenceKey(idx=1), SequenceKey(idx=1), DictKey(key='b'))
2026-06-11 14:23:03,101 -   Not masking out (DictKey(key='phi'), SequenceKey(idx=1), SequenceKey(idx=1), DictKey(key='w'))
2026-06-11 14:23:03,101 -   Not masking out (DictKey(key='phi'), SequenceKey(idx=2), SequenceKey(idx=0), DictKey(key='b'))
2026-06-11 14:23:03,101 -   Not masking out (DictKey(key='phi'), SequenceKey(idx=2), SequenceKey(idx=0), DictKey(key='w'))
2026-06-11 14:23:03,101 -   Not masking out (DictKey(key='phi'), SequenceKey(idx=2), SequenceKey(idx=1), DictKey(key='b'))
2026-06-11 14:23:03,101 -   Not masking out (DictKey(key='phi'), SequenceKey(idx=2), SequenceKey(idx=1), DictKey(key='w'))
2026-06-11 14:23:03,101 -   Not masking out (DictKey(key='phi'), SequenceKey(idx=3), SequenceKey(idx=0), DictKey(key='b'))
2026-06-11 14:23:03,101 -   Not masking out (DictKey(key='phi'), SequenceKey(idx=3), SequenceKey(idx=0), DictKey(key='w'))
2026-06-11 14:23:03,101 -   Not masking out (DictKey(key='phi'), SequenceKey(idx=3), SequenceKey(idx=1), DictKey(key='b'))
2026-06-11 14:23:03,102 -   Not masking out (DictKey(key='phi'), SequenceKey(idx=3), SequenceKey(idx=1), DictKey(key='w'))
2026-06-11 14:23:03,102 -   Not masking out (DictKey(key='rho'), SequenceKey(idx=0), DictKey(key='b'))
2026-06-11 14:23:03,102 -   Not masking out (DictKey(key='rho'), SequenceKey(idx=0), DictKey(key='w'))
2026-06-11 14:23:03,102 -   Not masking out (DictKey(key='rho'), SequenceKey(idx=1), DictKey(key='b'))
2026-06-11 14:23:03,102 -   Not masking out (DictKey(key='rho'), SequenceKey(idx=1), DictKey(key='w'))
2026-06-11 14:23:03,102 -   Not masking out (DictKey(key='transformer'), SequenceKey(idx=0), DictKey(key='attn_ln'), DictKey(key='offset'))
2026-06-11 14:23:03,102 -   Not masking out (DictKey(key='transformer'), SequenceKey(idx=0), DictKey(key='attn_ln'), DictKey(key='scale'))
2026-06-11 14:23:03,102 -   Not masking out (DictKey(key='transformer'), SequenceKey(idx=0), DictKey(key='ff1'), DictKey(key='b'))
2026-06-11 14:23:03,102 -   Not masking out (DictKey(key='transformer'), SequenceKey(idx=0), DictKey(key='ff1'), DictKey(key='w'))
2026-06-11 14:23:03,102 -   Not masking out (DictKey(key='transformer'), SequenceKey(idx=0), DictKey(key='ff2'), DictKey(key='b'))
2026-06-11 14:23:03,102 -   Not masking out (DictKey(key='transformer'), SequenceKey(idx=0), DictKey(key='ff2'), DictKey(key='w'))
2026-06-11 14:23:03,102 -   Not masking out (DictKey(key='transformer'), SequenceKey(idx=0), DictKey(key='ff_ln'), DictKey(key='offset'))
2026-06-11 14:23:03,102 -   Not masking out (DictKey(key='transformer'), SequenceKey(idx=0), DictKey(key='ff_ln'), DictKey(key='scale'))
2026-06-11 14:23:03,102 -   Not masking out (DictKey(key='transformer'), SequenceKey(idx=0), DictKey(key='k_w'))
2026-06-11 14:23:03,102 -   Not masking out (DictKey(key='transformer'), SequenceKey(idx=0), DictKey(key='out_w'))
2026-06-11 14:23:03,102 -   Not masking out (DictKey(key='transformer'), SequenceKey(idx=0), DictKey(key='q_w'))
2026-06-11 14:23:03,102 -   Not masking out (DictKey(key='transformer'), SequenceKey(idx=0), DictKey(key='v_w'))
2026-06-11 14:23:03,102 -   Not masking out (DictKey(key='transformer'), SequenceKey(idx=1), DictKey(key='attn_ln'), DictKey(key='offset'))
2026-06-11 14:23:03,102 -   Not masking out (DictKey(key='transformer'), SequenceKey(idx=1), DictKey(key='attn_ln'), DictKey(key='scale'))
2026-06-11 14:23:03,102 -   Not masking out (DictKey(key='transformer'), SequenceKey(idx=1), DictKey(key='ff1'), DictKey(key='b'))
2026-06-11 14:23:03,102 -   Not masking out (DictKey(key='transformer'), SequenceKey(idx=1), DictKey(key='ff1'), DictKey(key='w'))
2026-06-11 14:23:03,102 -   Not masking out (DictKey(key='transformer'), SequenceKey(idx=1), DictKey(key='ff2'), DictKey(key='b'))
2026-06-11 14:23:03,102 -   Not masking out (DictKey(key='transformer'), SequenceKey(idx=1), DictKey(key='ff2'), DictKey(key='w'))
2026-06-11 14:23:03,102 -   Not masking out (DictKey(key='transformer'), SequenceKey(idx=1), DictKey(key='ff_ln'), DictKey(key='offset'))
2026-06-11 14:23:03,102 -   Not masking out (DictKey(key='transformer'), SequenceKey(idx=1), DictKey(key='ff_ln'), DictKey(key='scale'))
2026-06-11 14:23:03,102 -   Not masking out (DictKey(key='transformer'), SequenceKey(idx=1), DictKey(key='k_w'))
2026-06-11 14:23:03,102 -   Not masking out (DictKey(key='transformer'), SequenceKey(idx=1), DictKey(key='out_w'))
2026-06-11 14:23:03,102 -   Not masking out (DictKey(key='transformer'), SequenceKey(idx=1), DictKey(key='q_w'))
2026-06-11 14:23:03,102 -   Not masking out (DictKey(key='transformer'), SequenceKey(idx=1), DictKey(key='v_w'))
2026-06-11 14:23:03,102 -   Not masking out (DictKey(key='transformer'), SequenceKey(idx=2), DictKey(key='attn_ln'), DictKey(key='offset'))
2026-06-11 14:23:03,102 -   Not masking out (DictKey(key='transformer'), SequenceKey(idx=2), DictKey(key='attn_ln'), DictKey(key='scale'))
2026-06-11 14:23:03,102 -   Not masking out (DictKey(key='transformer'), SequenceKey(idx=2), DictKey(key='ff1'), DictKey(key='b'))
2026-06-11 14:23:03,102 -   Not masking out (DictKey(key='transformer'), SequenceKey(idx=2), DictKey(key='ff1'), DictKey(key='w'))
2026-06-11 14:23:03,102 -   Not masking out (DictKey(key='transformer'), SequenceKey(idx=2), DictKey(key='ff2'), DictKey(key='b'))
2026-06-11 14:23:03,102 -   Not masking out (DictKey(key='transformer'), SequenceKey(idx=2), DictKey(key='ff2'), DictKey(key='w'))
2026-06-11 14:23:03,102 -   Not masking out (DictKey(key='transformer'), SequenceKey(idx=2), DictKey(key='ff_ln'), DictKey(key='offset'))
2026-06-11 14:23:03,102 -   Not masking out (DictKey(key='transformer'), SequenceKey(idx=2), DictKey(key='ff_ln'), DictKey(key='scale'))
2026-06-11 14:23:03,102 -   Not masking out (DictKey(key='transformer'), SequenceKey(idx=2), DictKey(key='k_w'))
2026-06-11 14:23:03,102 -   Not masking out (DictKey(key='transformer'), SequenceKey(idx=2), DictKey(key='out_w'))
2026-06-11 14:23:03,103 -   Not masking out (DictKey(key='transformer'), SequenceKey(idx=2), DictKey(key='q_w'))
2026-06-11 14:23:03,103 -   Not masking out (DictKey(key='transformer'), SequenceKey(idx=2), DictKey(key='v_w'))
2026-06-11 14:23:03,103 -   Not masking out (DictKey(key='transformer'), SequenceKey(idx=3), DictKey(key='attn_ln'), DictKey(key='offset'))
2026-06-11 14:23:03,103 -   Not masking out (DictKey(key='transformer'), SequenceKey(idx=3), DictKey(key='attn_ln'), DictKey(key='scale'))
2026-06-11 14:23:03,103 -   Not masking out (DictKey(key='transformer'), SequenceKey(idx=3), DictKey(key='ff1'), DictKey(key='b'))
2026-06-11 14:23:03,103 -   Not masking out (DictKey(key='transformer'), SequenceKey(idx=3), DictKey(key='ff1'), DictKey(key='w'))
2026-06-11 14:23:03,103 -   Not masking out (DictKey(key='transformer'), SequenceKey(idx=3), DictKey(key='ff2'), DictKey(key='b'))
2026-06-11 14:23:03,103 -   Not masking out (DictKey(key='transformer'), SequenceKey(idx=3), DictKey(key='ff2'), DictKey(key='w'))
2026-06-11 14:23:03,103 -   Not masking out (DictKey(key='transformer'), SequenceKey(idx=3), DictKey(key='ff_ln'), DictKey(key='offset'))
2026-06-11 14:23:03,103 -   Not masking out (DictKey(key='transformer'), SequenceKey(idx=3), DictKey(key='ff_ln'), DictKey(key='scale'))
2026-06-11 14:23:03,103 -   Not masking out (DictKey(key='transformer'), SequenceKey(idx=3), DictKey(key='k_w'))
2026-06-11 14:23:03,103 -   Not masking out (DictKey(key='transformer'), SequenceKey(idx=3), DictKey(key='out_w'))
2026-06-11 14:23:03,103 -   Not masking out (DictKey(key='transformer'), SequenceKey(idx=3), DictKey(key='q_w'))
2026-06-11 14:23:03,103 -   Not masking out (DictKey(key='transformer'), SequenceKey(idx=3), DictKey(key='v_w'))
2026-06-11 14:23:05,546 - ==================================================
2026-06-11 14:23:05,546 - Graph parameter registrations:
2026-06-11 14:23:05,547 - {'embed': {'b': 'Auto[tag_variant=repeated_dense(0)|match_type=repeated_dense1_with_bias]',
2026-06-11 14:23:05,547 -            'w': 'Auto[tag_variant=repeated_dense(0)|match_type=repeated_dense1_with_bias]'},
2026-06-11 14:23:05,547 -  'ln': [],
2026-06-11 14:23:05,547 -  'phi': [[{'b': 'Auto[generic(0)]', 'w': 'Auto[generic(1)]'},
2026-06-11 14:23:05,547 -           {'b': 'Auto[generic(2)]', 'w': 'Auto[generic(3)]'}],
2026-06-11 14:23:05,547 -          [{'b': 'Auto[generic(4)]', 'w': 'Auto[generic(5)]'},
2026-06-11 14:23:05,547 -           {'b': 'Auto[generic(6)]', 'w': 'Auto[generic(7)]'}],
2026-06-11 14:23:05,547 -          [{'b': 'Auto[generic(8)]', 'w': 'Auto[generic(9)]'},
2026-06-11 14:23:05,547 -           {'b': 'Auto[generic(10)]', 'w': 'Auto[generic(11)]'}],
2026-06-11 14:23:05,547 -          [{'b': 'Auto[generic(12)]', 'w': 'Auto[generic(13)]'},
2026-06-11 14:23:05,547 -           {'b': 'Auto[generic(14)]', 'w': 'Auto[generic(15)]'}]],
2026-06-11 14:23:05,547 -  'rho': [{'b': 'Auto[tag_variant=dense(0)|match_type=dense_with_bias_no_reshape]',
2026-06-11 14:23:05,547 -           'w': 'Auto[tag_variant=dense(0)|match_type=dense_with_bias_no_reshape]'},
2026-06-11 14:23:05,547 -          {'b': 'Auto[tag_variant=dense(1)|match_type=dense_with_bias_no_reshape]',
2026-06-11 14:23:05,547 -           'w': 'Auto[tag_variant=dense(1)|match_type=dense_with_bias_no_reshape]'}],
2026-06-11 14:23:05,547 -  'transformer': [{'attn_ln': {'offset': 'Auto[tag_variant=scale_and_shift(0)|match_type=normalization_haiku_broadcast_1]',
2026-06-11 14:23:05,547 -                               'scale': 'Auto[tag_variant=scale_and_shift(0)|match_type=normalization_haiku_broadcast_1]'},
2026-06-11 14:23:05,547 -                   'ff1': {'b': 'Auto[tag_variant=repeated_dense(5)|match_type=repeated_dense1_with_bias]',
2026-06-11 14:23:05,547 -                           'w': 'Auto[tag_variant=repeated_dense(5)|match_type=repeated_dense1_with_bias]'},
2026-06-11 14:23:05,547 -                   'ff2': {'b': 'Auto[tag_variant=repeated_dense(6)|match_type=repeated_dense1_with_bias]',
2026-06-11 14:23:05,547 -                           'w': 'Auto[tag_variant=repeated_dense(6)|match_type=repeated_dense1_with_bias]'},
2026-06-11 14:23:05,547 -                   'ff_ln': {'offset': 'Auto[tag_variant=scale_and_shift(1)|match_type=normalization_haiku_broadcast_1]',
2026-06-11 14:23:05,547 -                             'scale': 'Auto[tag_variant=scale_and_shift(1)|match_type=normalization_haiku_broadcast_1]'},
2026-06-11 14:23:05,547 -                   'k_w': 'Auto[tag_variant=repeated_dense(2)|match_type=repeated_dense1_no_bias]',
2026-06-11 14:23:05,547 -                   'out_w': 'Auto[tag_variant=repeated_dense(4)|match_type=repeated_dense1_no_bias]',
2026-06-11 14:23:05,547 -                   'q_w': 'Auto[tag_variant=repeated_dense(1)|match_type=repeated_dense1_no_bias]',
2026-06-11 14:23:05,547 -                   'v_w': 'Auto[tag_variant=repeated_dense(3)|match_type=repeated_dense1_no_bias]'},
2026-06-11 14:23:05,547 -                  {'attn_ln': {'offset': 'Auto[tag_variant=scale_and_shift(2)|match_type=normalization_haiku_broadcast_1]',
2026-06-11 14:23:05,547 -                               'scale': 'Auto[tag_variant=scale_and_shift(2)|match_type=normalization_haiku_broadcast_1]'},
2026-06-11 14:23:05,547 -                   'ff1': {'b': 'Auto[tag_variant=repeated_dense(11)|match_type=repeated_dense1_with_bias]',
2026-06-11 14:23:05,547 -                           'w': 'Auto[tag_variant=repeated_dense(11)|match_type=repeated_dense1_with_bias]'},
2026-06-11 14:23:05,547 -                   'ff2': {'b': 'Auto[tag_variant=repeated_dense(12)|match_type=repeated_dense1_with_bias]',
2026-06-11 14:23:05,547 -                           'w': 'Auto[tag_variant=repeated_dense(12)|match_type=repeated_dense1_with_bias]'},
2026-06-11 14:23:05,547 -                   'ff_ln': {'offset': 'Auto[tag_variant=scale_and_shift(3)|match_type=normalization_haiku_broadcast_1]',
2026-06-11 14:23:05,548 -                             'scale': 'Auto[tag_variant=scale_and_shift(3)|match_type=normalization_haiku_broadcast_1]'},
2026-06-11 14:23:05,548 -                   'k_w': 'Auto[tag_variant=repeated_dense(8)|match_type=repeated_dense1_no_bias]',
2026-06-11 14:23:05,548 -                   'out_w': 'Auto[tag_variant=repeated_dense(10)|match_type=repeated_dense1_no_bias]',
2026-06-11 14:23:05,548 -                   'q_w': 'Auto[tag_variant=repeated_dense(7)|match_type=repeated_dense1_no_bias]',
2026-06-11 14:23:05,548 -                   'v_w': 'Auto[tag_variant=repeated_dense(9)|match_type=repeated_dense1_no_bias]'},
2026-06-11 14:23:05,548 -                  {'attn_ln': {'offset': 'Auto[tag_variant=scale_and_shift(4)|match_type=normalization_haiku_broadcast_1]',
2026-06-11 14:23:05,548 -                               'scale': 'Auto[tag_variant=scale_and_shift(4)|match_type=normalization_haiku_broadcast_1]'},
2026-06-11 14:23:05,548 -                   'ff1': {'b': 'Auto[tag_variant=repeated_dense(17)|match_type=repeated_dense1_with_bias]',
2026-06-11 14:23:05,548 -                           'w': 'Auto[tag_variant=repeated_dense(17)|match_type=repeated_dense1_with_bias]'},
2026-06-11 14:23:05,548 -                   'ff2': {'b': 'Auto[tag_variant=repeated_dense(18)|match_type=repeated_dense1_with_bias]',
2026-06-11 14:23:05,548 -                           'w': 'Auto[tag_variant=repeated_dense(18)|match_type=repeated_dense1_with_bias]'},
2026-06-11 14:23:05,548 -                   'ff_ln': {'offset': 'Auto[tag_variant=scale_and_shift(5)|match_type=normalization_haiku_broadcast_1]',
2026-06-11 14:23:05,548 -                             'scale': 'Auto[tag_variant=scale_and_shift(5)|match_type=normalization_haiku_broadcast_1]'},
2026-06-11 14:23:05,548 -                   'k_w': 'Auto[tag_variant=repeated_dense(14)|match_type=repeated_dense1_no_bias]',
2026-06-11 14:23:05,548 -                   'out_w': 'Auto[tag_variant=repeated_dense(16)|match_type=repeated_dense1_no_bias]',
2026-06-11 14:23:05,548 -                   'q_w': 'Auto[tag_variant=repeated_dense(13)|match_type=repeated_dense1_no_bias]',
2026-06-11 14:23:05,548 -                   'v_w': 'Auto[tag_variant=repeated_dense(15)|match_type=repeated_dense1_no_bias]'},
2026-06-11 14:23:05,548 -                  {'attn_ln': {'offset': 'Auto[tag_variant=scale_and_shift(6)|match_type=normalization_haiku_broadcast_1]',
2026-06-11 14:23:05,548 -                               'scale': 'Auto[tag_variant=scale_and_shift(6)|match_type=normalization_haiku_broadcast_1]'},
2026-06-11 14:23:05,548 -                   'ff1': {'b': 'Auto[tag_variant=repeated_dense(23)|match_type=repeated_dense1_with_bias]',
2026-06-11 14:23:05,548 -                           'w': 'Auto[tag_variant=repeated_dense(23)|match_type=repeated_dense1_with_bias]'},
2026-06-11 14:23:05,548 -                   'ff2': {'b': 'Auto[tag_variant=repeated_dense(24)|match_type=repeated_dense1_with_bias]',
2026-06-11 14:23:05,548 -                           'w': 'Auto[tag_variant=repeated_dense(24)|match_type=repeated_dense1_with_bias]'},
2026-06-11 14:23:05,548 -                   'ff_ln': {'offset': 'Auto[tag_variant=scale_and_shift(7)|match_type=normalization_haiku_broadcast_1]',
2026-06-11 14:23:05,548 -                             'scale': 'Auto[tag_variant=scale_and_shift(7)|match_type=normalization_haiku_broadcast_1]'},
2026-06-11 14:23:05,548 -                   'k_w': 'Auto[tag_variant=repeated_dense(20)|match_type=repeated_dense1_no_bias]',
2026-06-11 14:23:05,548 -                   'out_w': 'Auto[tag_variant=repeated_dense(22)|match_type=repeated_dense1_no_bias]',
2026-06-11 14:23:05,548 -                   'q_w': 'Auto[tag_variant=repeated_dense(19)|match_type=repeated_dense1_no_bias]',
2026-06-11 14:23:05,548 -                   'v_w': 'Auto[tag_variant=repeated_dense(21)|match_type=repeated_dense1_no_bias]'}]}
2026-06-11 14:23:05,548 - ==================================================
2026-06-11 14:23:05,682 - Graph registered losses:
2026-06-11 14:23:05,683 - NormalMeanNegativeLogProbLoss(mean=Var(id=139744815547520):float32[1024,1], variance=Literal(0.5), weight=Literal(1.0), normalize_log_prob=Literal(True))
2026-06-11 14:23:05,683 - ==================================================
2026-06-11 14:23:05,685 - BlockDiagonalCurvature blocks:
2026-06-11 14:23:05,685 - RepeatedDenseBlock(parameter_specs=['ab -> (a)b', 'a -> 1a'], parameters_concat_axis=0), tag name: Auto[tag_variant=repeated_dense(0)|match_type=repeated_dense1_with_bias], params shapes: ((5, 96), (96,))
2026-06-11 14:23:05,685 - NaiveDiagonal, tag name: Auto[generic(0)], params shapes: ((96,),)
2026-06-11 14:23:05,685 - NaiveDiagonal, tag name: Auto[generic(1)], params shapes: ((96, 96),)
2026-06-11 14:23:05,685 - NaiveDiagonal, tag name: Auto[generic(2)], params shapes: ((96,),)
2026-06-11 14:23:05,685 - NaiveDiagonal, tag name: Auto[generic(3)], params shapes: ((96, 96),)
2026-06-11 14:23:05,685 - NaiveDiagonal, tag name: Auto[generic(4)], params shapes: ((96,),)
2026-06-11 14:23:05,685 - NaiveDiagonal, tag name: Auto[generic(5)], params shapes: ((96, 96),)
2026-06-11 14:23:05,686 - NaiveDiagonal, tag name: Auto[generic(6)], params shapes: ((96,),)
2026-06-11 14:23:05,686 - NaiveDiagonal, tag name: Auto[generic(7)], params shapes: ((96, 96),)
2026-06-11 14:23:05,686 - NaiveDiagonal, tag name: Auto[generic(8)], params shapes: ((96,),)
2026-06-11 14:23:05,686 - NaiveDiagonal, tag name: Auto[generic(9)], params shapes: ((96, 96),)
2026-06-11 14:23:05,686 - NaiveDiagonal, tag name: Auto[generic(10)], params shapes: ((96,),)
2026-06-11 14:23:05,686 - NaiveDiagonal, tag name: Auto[generic(11)], params shapes: ((96, 96),)
2026-06-11 14:23:05,686 - NaiveDiagonal, tag name: Auto[generic(12)], params shapes: ((96,),)
2026-06-11 14:23:05,686 - NaiveDiagonal, tag name: Auto[generic(13)], params shapes: ((96, 96),)
2026-06-11 14:23:05,686 - NaiveDiagonal, tag name: Auto[generic(14)], params shapes: ((96,),)
2026-06-11 14:23:05,686 - NaiveDiagonal, tag name: Auto[generic(15)], params shapes: ((96, 96),)
2026-06-11 14:23:05,686 - DenseTwoKroneckerFactored(parameter_specs=['ab -> (a)b', 'a -> 1a'], parameters_concat_axis=0), tag name: Auto[tag_variant=dense(0)|match_type=dense_with_bias_no_reshape], params shapes: ((96, 96), (96,))
2026-06-11 14:23:05,686 - DenseTwoKroneckerFactored(parameter_specs=['ab -> (a)b', 'a -> 1a'], parameters_concat_axis=0), tag name: Auto[tag_variant=dense(1)|match_type=dense_with_bias_no_reshape], params shapes: ((96, 1), (1,))
2026-06-11 14:23:05,686 - ScaleAndShiftDiagonal, tag name: Auto[tag_variant=scale_and_shift(0)|match_type=normalization_haiku_broadcast_1], params shapes: ((96,), (96,))
2026-06-11 14:23:05,687 - RepeatedDenseBlock(parameter_specs=['ab -> (a)b', 'a -> 1a'], parameters_concat_axis=0), tag name: Auto[tag_variant=repeated_dense(5)|match_type=repeated_dense1_with_bias], params shapes: ((96, 384), (384,))
2026-06-11 14:23:05,687 - RepeatedDenseBlock(parameter_specs=['ab -> (a)b', 'a -> 1a'], parameters_concat_axis=0), tag name: Auto[tag_variant=repeated_dense(6)|match_type=repeated_dense1_with_bias], params shapes: ((384, 96), (96,))
2026-06-11 14:23:05,687 - ScaleAndShiftDiagonal, tag name: Auto[tag_variant=scale_and_shift(1)|match_type=normalization_haiku_broadcast_1], params shapes: ((96,), (96,))
2026-06-11 14:23:05,687 - RepeatedDenseBlock(parameter_specs=['ab -> (a)b'], parameters_concat_axis=0), tag name: Auto[tag_variant=repeated_dense(2)|match_type=repeated_dense1_no_bias], params shapes: ((96, 96),)
2026-06-11 14:23:05,687 - RepeatedDenseBlock(parameter_specs=['ab -> (a)b'], parameters_concat_axis=0), tag name: Auto[tag_variant=repeated_dense(4)|match_type=repeated_dense1_no_bias], params shapes: ((96, 96),)
2026-06-11 14:23:05,687 - RepeatedDenseBlock(parameter_specs=['ab -> (a)b'], parameters_concat_axis=0), tag name: Auto[tag_variant=repeated_dense(1)|match_type=repeated_dense1_no_bias], params shapes: ((96, 96),)
2026-06-11 14:23:05,687 - RepeatedDenseBlock(parameter_specs=['ab -> (a)b'], parameters_concat_axis=0), tag name: Auto[tag_variant=repeated_dense(3)|match_type=repeated_dense1_no_bias], params shapes: ((96, 96),)
2026-06-11 14:23:05,687 - ScaleAndShiftDiagonal, tag name: Auto[tag_variant=scale_and_shift(2)|match_type=normalization_haiku_broadcast_1], params shapes: ((96,), (96,))
2026-06-11 14:23:05,687 - RepeatedDenseBlock(parameter_specs=['ab -> (a)b', 'a -> 1a'], parameters_concat_axis=0), tag name: Auto[tag_variant=repeated_dense(11)|match_type=repeated_dense1_with_bias], params shapes: ((96, 384), (384,))
2026-06-11 14:23:05,688 - RepeatedDenseBlock(parameter_specs=['ab -> (a)b', 'a -> 1a'], parameters_concat_axis=0), tag name: Auto[tag_variant=repeated_dense(12)|match_type=repeated_dense1_with_bias], params shapes: ((384, 96), (96,))
2026-06-11 14:23:05,688 - ScaleAndShiftDiagonal, tag name: Auto[tag_variant=scale_and_shift(3)|match_type=normalization_haiku_broadcast_1], params shapes: ((96,), (96,))
2026-06-11 14:23:05,688 - RepeatedDenseBlock(parameter_specs=['ab -> (a)b'], parameters_concat_axis=0), tag name: Auto[tag_variant=repeated_dense(8)|match_type=repeated_dense1_no_bias], params shapes: ((96, 96),)
2026-06-11 14:23:05,688 - RepeatedDenseBlock(parameter_specs=['ab -> (a)b'], parameters_concat_axis=0), tag name: Auto[tag_variant=repeated_dense(10)|match_type=repeated_dense1_no_bias], params shapes: ((96, 96),)
2026-06-11 14:23:05,688 - RepeatedDenseBlock(parameter_specs=['ab -> (a)b'], parameters_concat_axis=0), tag name: Auto[tag_variant=repeated_dense(7)|match_type=repeated_dense1_no_bias], params shapes: ((96, 96),)
2026-06-11 14:23:05,688 - RepeatedDenseBlock(parameter_specs=['ab -> (a)b'], parameters_concat_axis=0), tag name: Auto[tag_variant=repeated_dense(9)|match_type=repeated_dense1_no_bias], params shapes: ((96, 96),)
2026-06-11 14:23:05,688 - ScaleAndShiftDiagonal, tag name: Auto[tag_variant=scale_and_shift(4)|match_type=normalization_haiku_broadcast_1], params shapes: ((96,), (96,))
2026-06-11 14:23:05,688 - RepeatedDenseBlock(parameter_specs=['ab -> (a)b', 'a -> 1a'], parameters_concat_axis=0), tag name: Auto[tag_variant=repeated_dense(17)|match_type=repeated_dense1_with_bias], params shapes: ((96, 384), (384,))
2026-06-11 14:23:05,688 - RepeatedDenseBlock(parameter_specs=['ab -> (a)b', 'a -> 1a'], parameters_concat_axis=0), tag name: Auto[tag_variant=repeated_dense(18)|match_type=repeated_dense1_with_bias], params shapes: ((384, 96), (96,))
2026-06-11 14:23:05,688 - ScaleAndShiftDiagonal, tag name: Auto[tag_variant=scale_and_shift(5)|match_type=normalization_haiku_broadcast_1], params shapes: ((96,), (96,))
2026-06-11 14:23:05,689 - RepeatedDenseBlock(parameter_specs=['ab -> (a)b'], parameters_concat_axis=0), tag name: Auto[tag_variant=repeated_dense(14)|match_type=repeated_dense1_no_bias], params shapes: ((96, 96),)
2026-06-11 14:23:05,689 - RepeatedDenseBlock(parameter_specs=['ab -> (a)b'], parameters_concat_axis=0), tag name: Auto[tag_variant=repeated_dense(16)|match_type=repeated_dense1_no_bias], params shapes: ((96, 96),)
2026-06-11 14:23:05,689 - RepeatedDenseBlock(parameter_specs=['ab -> (a)b'], parameters_concat_axis=0), tag name: Auto[tag_variant=repeated_dense(13)|match_type=repeated_dense1_no_bias], params shapes: ((96, 96),)
2026-06-11 14:23:05,689 - RepeatedDenseBlock(parameter_specs=['ab -> (a)b'], parameters_concat_axis=0), tag name: Auto[tag_variant=repeated_dense(15)|match_type=repeated_dense1_no_bias], params shapes: ((96, 96),)
2026-06-11 14:23:05,689 - ScaleAndShiftDiagonal, tag name: Auto[tag_variant=scale_and_shift(6)|match_type=normalization_haiku_broadcast_1], params shapes: ((96,), (96,))
2026-06-11 14:23:05,689 - RepeatedDenseBlock(parameter_specs=['ab -> (a)b', 'a -> 1a'], parameters_concat_axis=0), tag name: Auto[tag_variant=repeated_dense(23)|match_type=repeated_dense1_with_bias], params shapes: ((96, 384), (384,))
2026-06-11 14:23:05,689 - RepeatedDenseBlock(parameter_specs=['ab -> (a)b', 'a -> 1a'], parameters_concat_axis=0), tag name: Auto[tag_variant=repeated_dense(24)|match_type=repeated_dense1_with_bias], params shapes: ((384, 96), (96,))
2026-06-11 14:23:05,689 - ScaleAndShiftDiagonal, tag name: Auto[tag_variant=scale_and_shift(7)|match_type=normalization_haiku_broadcast_1], params shapes: ((96,), (96,))
2026-06-11 14:23:05,689 - RepeatedDenseBlock(parameter_specs=['ab -> (a)b'], parameters_concat_axis=0), tag name: Auto[tag_variant=repeated_dense(20)|match_type=repeated_dense1_no_bias], params shapes: ((96, 96),)
2026-06-11 14:23:05,689 - RepeatedDenseBlock(parameter_specs=['ab -> (a)b'], parameters_concat_axis=0), tag name: Auto[tag_variant=repeated_dense(22)|match_type=repeated_dense1_no_bias], params shapes: ((96, 96),)
2026-06-11 14:23:05,690 - RepeatedDenseBlock(parameter_specs=['ab -> (a)b'], parameters_concat_axis=0), tag name: Auto[tag_variant=repeated_dense(19)|match_type=repeated_dense1_no_bias], params shapes: ((96, 96),)
2026-06-11 14:23:05,690 - RepeatedDenseBlock(parameter_specs=['ab -> (a)b'], parameters_concat_axis=0), tag name: Auto[tag_variant=repeated_dense(21)|match_type=repeated_dense1_no_bias], params shapes: ((96, 96),)
2026-06-11 14:23:05,690 - ==================================================
2026-06-11 14:23:17,968 - Initial energy: nan E_h
