2026-05-28 18:09:15,319 - JAX version: 0.10.1
2026-05-28 18:09:15,321 - jax_enable_x64: False
2026-05-28 18:09:15,321 - JAXlib version: 0.10.1
2026-05-28 18:09:15,321 - KFAC-JAX version: 0.0.8
2026-05-28 18:09:15,321 - Available devices: ['cuda:0']
2026-05-28 18:09:15,321 - Platform: gpu
2026-05-28 18:09:15,321 - Default precision: float32
2026-05-28 18:09:15,322 - Default matmul precision: float32
2026-05-28 18:09:15,322 - GPU information: ['Tesla V100-PCIE-32GB']
2026-05-28 18:09:15,322 - Python version: 3.13.13
2026-05-28 18:09:15,322 - System: Linux #20260508 SMP PREEMPT_DYNAMIC Fri May  8 11:20:56 EDT 2026
2026-05-28 18:09:15,322 - Processor: x86_64
2026-05-28 18:09:15,322 - Numpy version: 2.4.6
2026-05-28 18:09:15,322 - CUDA_VISIBLE_DEVICES: GPU-d261a7b4-6b41-a7c8-382d-53daf2f17b9f
2026-05-28 18:09:15,322 - NVIDIA driver version: 580.126.09
2026-05-28 18:09:15,322 - GPU models: Tesla V100-PCIE-32GB
2026-05-28 18:09:15,346 - Starting QMC with 1 XLA devices per host across 1 hosts.
2026-05-28 18:09:17,685 - No checkpoint found. Training new model.
2026-05-28 18:09:19,556 - Burning in MCMC chain for 20 steps
2026-05-28 18:09:22,464 - Completed burn-in MCMC steps
2026-05-28 18:09:26,813 - Initial energy: 1917.2393 E_h
2026-05-28 18:09:32,989 - Step 00000: 1771.8859 E_h, exp. variance=0.0000 E_h^2, pmove=0.98
2026-05-28 18:09:38,932 - Step 00001: 1696.0283 E_h, exp. variance=517.8930 E_h^2, pmove=0.98
2026-05-28 18:09:39,148 - Step 00002: 1696.8041 E_h, exp. variance=876.1172 E_h^2, pmove=0.98
2026-05-28 18:09:39,364 - Step 00003: 1538.4043 E_h, exp. variance=5110.7573 E_h^2, pmove=0.98
2026-05-28 18:09:39,579 - Step 00004: 1464.3885 E_h, exp. variance=11221.4355 E_h^2, pmove=0.98
2026-05-28 18:09:39,795 - Step 00005: 1476.2412 E_h, exp. variance=14954.7227 E_h^2, pmove=0.98
2026-05-28 18:09:40,010 - Step 00006: 1531.7238 E_h, exp. variance=15581.5186 E_h^2, pmove=0.97
2026-05-28 18:09:40,226 - Step 00007: 1483.8333 E_h, exp. variance=17140.1777 E_h^2, pmove=0.97
2026-05-28 18:09:40,443 - Step 00008: 1480.9724 E_h, exp. variance=18037.7617 E_h^2, pmove=0.97
2026-05-28 18:09:40,658 - Step 00009: 1319.8235 E_h, exp. variance=25133.6680 E_h^2, pmove=0.97
2026-05-28 18:09:40,874 - Step 00010: 1470.4841 E_h, exp. variance=24196.8770 E_h^2, pmove=0.96
2026-05-28 18:09:41,091 - Step 00011: 1445.1469 E_h, exp. variance=23655.2578 E_h^2, pmove=0.96
2026-05-28 18:09:41,306 - Step 00012: 1327.4919 E_h, exp. variance=26810.1484 E_h^2, pmove=0.95
2026-05-28 18:09:41,521 - Step 00013: 1261.5079 E_h, exp. variance=31639.9141 E_h^2, pmove=0.95
2026-05-28 18:09:41,737 - Step 00014: 1285.0720 E_h, exp. variance=33506.8516 E_h^2, pmove=0.95
2026-05-28 18:09:41,953 - Step 00015: 1339.1932 E_h, exp. variance=32421.9043 E_h^2, pmove=0.95
2026-05-28 18:09:42,167 - Step 00016: 1213.8055 E_h, exp. variance=35652.8984 E_h^2, pmove=0.95
2026-05-28 18:09:42,383 - Step 00017: 1179.1862 E_h, exp. variance=38942.8359 E_h^2, pmove=0.94
2026-05-28 18:09:42,599 - Step 00018: 1124.3528 E_h, exp. variance=43323.4883 E_h^2, pmove=0.94
2026-05-28 18:09:42,814 - Step 00019: 1210.1473 E_h, exp. variance=42141.8984 E_h^2, pmove=0.94
2026-05-28 18:09:43,029 - Step 00020: 1268.4440 E_h, exp. variance=39018.6562 E_h^2, pmove=0.94
2026-05-28 18:09:43,245 - Step 00021: 1163.1326 E_h, exp. variance=38876.9297 E_h^2, pmove=0.94
2026-05-28 18:09:43,460 - Step 00022: 1100.1841 E_h, exp. variance=40475.9766 E_h^2, pmove=0.94
2026-05-28 18:09:43,676 - Step 00023: 1217.8367 E_h, exp. variance=37412.4258 E_h^2, pmove=0.94
2026-05-28 18:09:43,891 - Step 00024: 1221.4817 E_h, exp. variance=34407.7109 E_h^2, pmove=0.94
2026-05-28 18:09:44,106 - Step 00025: 1269.1440 E_h, exp. variance=31069.4824 E_h^2, pmove=0.94
2026-05-28 18:09:44,321 - Step 00026: 1218.7339 E_h, exp. variance=28549.9570 E_h^2, pmove=0.93
2026-05-28 18:09:44,537 - Step 00027: 1151.9630 E_h, exp. variance=27445.9141 E_h^2, pmove=0.94
2026-05-28 18:09:44,752 - Step 00028: 1146.4540 E_h, exp. variance=26246.8086 E_h^2, pmove=0.94
2026-05-28 18:09:44,968 - Step 00029: 1163.1371 E_h, exp. variance=24544.8574 E_h^2, pmove=0.94
2026-05-28 18:09:45,183 - Step 00030: 1230.8787 E_h, exp. variance=22139.5996 E_h^2, pmove=0.94
2026-05-28 18:09:45,398 - Step 00031: 1163.6621 E_h, exp. variance=20626.8125 E_h^2, pmove=0.94
2026-05-28 18:09:45,613 - Step 00032: 1216.9796 E_h, exp. variance=18625.5410 E_h^2, pmove=0.94
2026-05-28 18:09:45,829 - Step 00033: 1183.2511 E_h, exp. variance=17057.8418 E_h^2, pmove=0.95
2026-05-28 18:09:46,044 - Step 00034: 1232.2769 E_h, exp. variance=15352.6143 E_h^2, pmove=0.95
2026-05-28 18:09:46,259 - Step 00035: 1219.4519 E_h, exp. variance=13837.7764 E_h^2, pmove=0.96
2026-05-28 18:09:46,475 - Step 00036: 1180.4812 E_h, exp. variance=12702.3320 E_h^2, pmove=0.95
2026-05-28 18:09:46,690 - Step 00037: 1338.9352 E_h, exp. variance=12544.5498 E_h^2, pmove=0.96
2026-05-28 18:09:46,905 - Step 00038: 1164.5325 E_h, exp. variance=11787.5059 E_h^2, pmove=0.96
2026-05-28 18:09:47,121 - Step 00039: 1239.6156 E_h, exp. variance=10614.7695 E_h^2, pmove=0.96
2026-05-28 18:09:47,337 - Step 00040: 1162.1493 E_h, exp. variance=9995.6650 E_h^2, pmove=0.97
2026-05-28 18:09:47,552 - Step 00041: 1131.5454 E_h, exp. variance=9786.3027 E_h^2, pmove=0.97
2026-05-28 18:09:47,767 - Step 00042: 1304.5398 E_h, exp. variance=9515.1689 E_h^2, pmove=0.97
2026-05-28 18:09:47,982 - Step 00043: 1258.3813 E_h, exp. variance=8665.4883 E_h^2, pmove=0.97
2026-05-28 18:09:48,197 - Step 00044: 1120.3333 E_h, exp. variance=8844.3086 E_h^2, pmove=0.97
2026-05-28 18:09:48,415 - Step 00045: 1326.3967 E_h, exp. variance=9030.4805 E_h^2, pmove=0.97
2026-05-28 18:09:48,629 - Step 00046: 1211.0010 E_h, exp. variance=8154.1685 E_h^2, pmove=0.97
2026-05-28 18:09:48,844 - Step 00047: 1285.1816 E_h, exp. variance=7648.5322 E_h^2, pmove=0.97
2026-05-28 18:09:49,061 - Step 00048: 1152.3435 E_h, exp. variance=7460.2026 E_h^2, pmove=0.97
2026-05-28 18:09:49,277 - Step 00049: 1156.3492 E_h, exp. variance=7130.6724 E_h^2, pmove=0.97
2026-05-28 18:09:49,492 - Step 00050: 1214.9584 E_h, exp. variance=6418.2207 E_h^2, pmove=0.97
2026-05-28 18:09:49,709 - Step 00051: 1216.5725 E_h, exp. variance=5776.4478 E_h^2, pmove=0.97
2026-05-28 18:09:49,925 - Step 00052: 1203.4695 E_h, exp. variance=5215.8647 E_h^2, pmove=0.97
2026-05-28 18:09:50,140 - Step 00053: 1105.7246 E_h, exp. variance=5785.9844 E_h^2, pmove=0.97
2026-05-28 18:09:50,355 - Step 00054: 1200.3083 E_h, exp. variance=5209.2402 E_h^2, pmove=0.97
2026-05-28 18:09:50,570 - Step 00055: 1180.3492 E_h, exp. variance=4740.3477 E_h^2, pmove=0.97
2026-05-28 18:09:50,786 - Step 00056: 1094.7532 E_h, exp. variance=5301.2725 E_h^2, pmove=0.97
2026-05-28 18:09:51,002 - Step 00057: 1157.6636 E_h, exp. variance=4872.7632 E_h^2, pmove=0.96
2026-05-28 18:09:51,217 - Step 00058: 1122.3059 E_h, exp. variance=4772.7817 E_h^2, pmove=0.96
2026-05-28 18:09:51,432 - Step 00059: 1224.4153 E_h, exp. variance=4462.4551 E_h^2, pmove=0.96
2026-05-28 18:09:51,647 - Step 00060: 1291.7285 E_h, exp. variance=5028.9033 E_h^2, pmove=0.96
2026-05-28 18:09:51,863 - Step 00061: 1250.7104 E_h, exp. variance=4792.8491 E_h^2, pmove=0.96
2026-05-28 18:09:52,079 - Step 00062: 1217.3849 E_h, exp. variance=4335.6909 E_h^2, pmove=0.96
2026-05-28 18:09:52,294 - Step 00063: 1180.1981 E_h, exp. variance=3950.0422 E_h^2, pmove=0.96
2026-05-28 18:09:52,510 - Step 00064: 1198.4753 E_h, exp. variance=3555.5959 E_h^2, pmove=0.96
2026-05-28 18:09:52,725 - Step 00065: 1160.3320 E_h, exp. variance=3346.8181 E_h^2, pmove=0.96
2026-05-28 18:09:52,940 - Step 00066: 1161.8912 E_h, exp. variance=3121.0476 E_h^2, pmove=0.96
2026-05-28 18:09:53,156 - Step 00067: 1242.6322 E_h, exp. variance=3028.8665 E_h^2, pmove=0.96
2026-05-28 18:09:53,370 - Step 00068: 1279.5071 E_h, exp. variance=3321.7944 E_h^2, pmove=0.95
2026-05-28 18:09:53,586 - Step 00069: 1185.1254 E_h, exp. variance=3029.8884 E_h^2, pmove=0.95
2026-05-28 18:09:53,802 - Step 00070: 1138.2756 E_h, exp. variance=3117.6123 E_h^2, pmove=0.95
2026-05-28 18:09:54,018 - Step 00071: 1211.0840 E_h, exp. variance=2822.2756 E_h^2, pmove=0.95
2026-05-28 18:09:54,233 - Step 00072: 1150.4497 E_h, exp. variance=2751.5427 E_h^2, pmove=0.95
2026-05-28 18:09:54,448 - Step 00073: 1191.0240 E_h, exp. variance=2477.2280 E_h^2, pmove=0.95
2026-05-28 18:09:54,663 - Step 00074: 1158.0955 E_h, exp. variance=2344.0637 E_h^2, pmove=0.94
2026-05-28 18:09:54,878 - Step 00075: 1177.5551 E_h, exp. variance=2124.0593 E_h^2, pmove=0.94
2026-05-28 18:09:55,093 - Step 00076: 1175.4497 E_h, exp. variance=1928.0325 E_h^2, pmove=0.95
2026-05-28 18:09:55,309 - Step 00077: 1184.6672 E_h, exp. variance=1735.9985 E_h^2, pmove=0.94
2026-05-28 18:09:55,524 - Step 00078: 1241.1880 E_h, exp. variance=1823.7635 E_h^2, pmove=0.94
2026-05-28 18:09:55,740 - Step 00079: 1131.3690 E_h, exp. variance=1979.7847 E_h^2, pmove=0.94
2026-05-28 18:09:55,954 - Step 00080: 1170.0291 E_h, exp. variance=1806.3881 E_h^2, pmove=0.94
2026-05-28 18:09:56,172 - Step 00081: 1119.8918 E_h, exp. variance=2006.1307 E_h^2, pmove=0.94
2026-05-28 18:09:56,387 - Step 00082: 1106.5662 E_h, exp. variance=2269.9521 E_h^2, pmove=0.94
2026-05-28 18:09:56,602 - Step 00083: 1269.6816 E_h, exp. variance=2915.5081 E_h^2, pmove=0.93
2026-05-28 18:09:56,818 - Step 00084: 1199.7019 E_h, exp. variance=2655.2183 E_h^2, pmove=0.94
2026-05-28 18:09:57,035 - Step 00085: 1157.1924 E_h, exp. variance=2449.3076 E_h^2, pmove=0.93
2026-05-28 18:09:57,250 - Step 00086: 1169.5247 E_h, exp. variance=2214.9331 E_h^2, pmove=0.93
2026-05-28 18:09:57,466 - Step 00087: 1220.9069 E_h, exp. variance=2149.4524 E_h^2, pmove=0.93
2026-05-28 18:09:57,681 - Step 00088: 1160.3665 E_h, exp. variance=1982.4027 E_h^2, pmove=0.93
2026-05-28 18:09:57,897 - Step 00089: 1189.3271 E_h, exp. variance=1790.2122 E_h^2, pmove=0.93
2026-05-28 18:09:58,114 - Step 00090: 1187.3159 E_h, exp. variance=1613.7841 E_h^2, pmove=0.93
2026-05-28 18:09:58,330 - Step 00091: 1151.8981 E_h, exp. variance=1536.6060 E_h^2, pmove=0.92
2026-05-28 18:09:58,545 - Step 00092: 1175.6978 E_h, exp. variance=1384.1964 E_h^2, pmove=0.92
2026-05-28 18:09:58,760 - Step 00093: 1191.5884 E_h, exp. variance=1259.9178 E_h^2, pmove=0.92
2026-05-28 18:09:58,975 - Step 00094: 1199.5811 E_h, exp. variance=1167.3601 E_h^2, pmove=0.92
2026-05-28 18:09:59,190 - Step 00095: 1132.4927 E_h, exp. variance=1273.3054 E_h^2, pmove=0.91
2026-05-28 18:09:59,406 - Step 00096: 1156.6708 E_h, exp. variance=1184.1283 E_h^2, pmove=0.91
2026-05-28 18:09:59,621 - Step 00097: 1243.5856 E_h, exp. variance=1486.5923 E_h^2, pmove=0.91
2026-05-28 18:09:59,836 - Step 00098: 1150.3818 E_h, exp. variance=1428.1327 E_h^2, pmove=0.91
2026-05-28 18:10:00,051 - Step 00099: 1135.4204 E_h, exp. variance=1455.2579 E_h^2, pmove=0.91
2026-05-28 18:10:00,266 - Step 00100: 1146.4805 E_h, exp. variance=1380.5347 E_h^2, pmove=0.91
2026-05-28 18:10:00,482 - Step 00101: 1115.9060 E_h, exp. variance=1522.8871 E_h^2, pmove=0.91
2026-05-28 18:10:00,697 - Step 00102: 1147.6729 E_h, exp. variance=1401.2981 E_h^2, pmove=0.91
2026-05-28 18:10:00,912 - Step 00103: 1097.3457 E_h, exp. variance=1664.5675 E_h^2, pmove=0.91
2026-05-28 18:10:01,127 - Step 00104: 1186.4803 E_h, exp. variance=1573.1769 E_h^2, pmove=0.91
2026-05-28 18:10:01,342 - Step 00105: 1222.8030 E_h, exp. variance=1765.3416 E_h^2, pmove=0.91
2026-05-28 18:10:01,558 - Step 00106: 1049.2515 E_h, exp. variance=2830.6958 E_h^2, pmove=0.90
2026-05-28 18:10:01,773 - Step 00107: 1195.1100 E_h, exp. variance=2692.6157 E_h^2, pmove=0.90
2026-05-28 18:10:01,988 - Step 00108: 1033.2340 E_h, exp. variance=3846.5850 E_h^2, pmove=0.90
2026-05-28 18:10:02,203 - Step 00109: 1067.7952 E_h, exp. variance=4018.1704 E_h^2, pmove=0.90
2026-05-28 18:10:02,419 - Step 00110: 1130.0005 E_h, exp. variance=3622.9312 E_h^2, pmove=0.90
2026-05-28 18:10:02,635 - Step 00111: 1171.1663 E_h, exp. variance=3361.4683 E_h^2, pmove=0.89
2026-05-28 18:10:02,850 - Step 00112: 1049.3713 E_h, exp. variance=3781.6372 E_h^2, pmove=0.89
2026-05-28 18:10:03,066 - Step 00113: 1033.1815 E_h, exp. variance=4280.1074 E_h^2, pmove=0.89
2026-05-28 18:10:03,281 - Step 00114: 1093.6675 E_h, exp. variance=3924.3704 E_h^2, pmove=0.89
2026-05-28 18:10:03,497 - Step 00115: 1121.9053 E_h, exp. variance=3532.6057 E_h^2, pmove=0.89
2026-05-28 18:10:03,712 - Step 00116: 1137.1963 E_h, exp. variance=3207.7048 E_h^2, pmove=0.89
2026-05-28 18:10:03,927 - Step 00117: 1079.6289 E_h, exp. variance=3042.6187 E_h^2, pmove=0.89
2026-05-28 18:10:04,142 - Step 00118: 1049.6888 E_h, exp. variance=3146.8679 E_h^2, pmove=0.88
2026-05-28 18:10:04,358 - Step 00119: 1132.5336 E_h, exp. variance=2876.5754 E_h^2, pmove=0.88
2026-05-28 18:10:04,574 - Step 00120: 1098.1566 E_h, exp. variance=2607.5496 E_h^2, pmove=0.89
2026-05-28 18:10:04,790 - Step 00121: 1115.4919 E_h, exp. variance=2348.5259 E_h^2, pmove=0.88
2026-05-28 18:10:05,005 - Step 00122: 1120.7935 E_h, exp. variance=2121.3721 E_h^2, pmove=0.89
2026-05-28 18:10:05,220 - Step 00123: 1120.7373 E_h, exp. variance=1915.3870 E_h^2, pmove=0.88
2026-05-28 18:10:05,435 - Step 00124: 1125.3859 E_h, exp. variance=1737.0024 E_h^2, pmove=0.88
2026-05-28 18:10:05,651 - Step 00125: 1014.7844 E_h, exp. variance=2458.2839 E_h^2, pmove=0.88
2026-05-28 18:10:05,866 - Step 00126: 1104.5461 E_h, exp. variance=2212.4556 E_h^2, pmove=0.88
2026-05-28 18:10:06,082 - Step 00127: 1038.0471 E_h, exp. variance=2389.0620 E_h^2, pmove=0.88
2026-05-28 18:10:06,297 - Step 00128: 1176.6458 E_h, exp. variance=2708.4382 E_h^2, pmove=0.87
2026-05-28 18:10:06,512 - Step 00129: 1033.4573 E_h, exp. variance=2908.1082 E_h^2, pmove=0.88
2026-05-28 18:10:06,727 - Step 00130: 1231.0175 E_h, exp. variance=4197.0308 E_h^2, pmove=0.87
2026-05-28 18:10:06,943 - Step 00131: 1101.9432 E_h, exp. variance=3786.0359 E_h^2, pmove=0.87
2026-05-28 18:10:07,159 - Step 00132: 1171.0260 E_h, exp. variance=3733.9180 E_h^2, pmove=0.87
2026-05-28 18:10:07,374 - Step 00133: 1089.3516 E_h, exp. variance=3428.4287 E_h^2, pmove=0.87
2026-05-28 18:10:07,589 - Step 00134: 1178.0869 E_h, exp. variance=3454.3918 E_h^2, pmove=0.87
2026-05-28 18:10:07,804 - Step 00135: 1091.9760 E_h, exp. variance=3182.0452 E_h^2, pmove=0.86
2026-05-28 18:10:08,019 - Step 00136: 1154.7009 E_h, exp. variance=2987.5625 E_h^2, pmove=0.86
2026-05-28 18:10:08,235 - Step 00137: 1107.3206 E_h, exp. variance=2706.4744 E_h^2, pmove=0.86
2026-05-28 18:10:08,450 - Step 00138: 1034.8567 E_h, exp. variance=3087.2090 E_h^2, pmove=0.85
2026-05-28 18:10:08,667 - Step 00139: 999.2861 E_h, exp. variance=3910.2134 E_h^2, pmove=0.85
2026-05-28 18:10:08,882 - Step 00140: 1196.5354 E_h, exp. variance=4354.2739 E_h^2, pmove=0.84
2026-05-28 18:10:09,098 - Step 00141: 1061.2148 E_h, exp. variance=4131.6606 E_h^2, pmove=0.84
2026-05-28 18:10:09,313 - Step 00142: 1077.6282 E_h, exp. variance=3785.8223 E_h^2, pmove=0.84
2026-05-28 18:10:09,529 - Step 00143: 1132.6516 E_h, exp. variance=3490.4546 E_h^2, pmove=0.84
2026-05-28 18:10:09,745 - Step 00144: 1134.4993 E_h, exp. variance=3218.2214 E_h^2, pmove=0.84
2026-05-28 18:10:09,960 - Step 00145: 1129.3020 E_h, exp. variance=2936.4514 E_h^2, pmove=0.83
2026-05-28 18:10:10,175 - Step 00146: 1037.9430 E_h, exp. variance=3114.2117 E_h^2, pmove=0.84
2026-05-28 18:10:10,390 - Step 00147: 1073.9022 E_h, exp. variance=2879.4041 E_h^2, pmove=0.83
2026-05-28 18:10:10,606 - Step 00148: 1107.9958 E_h, exp. variance=2596.9883 E_h^2, pmove=0.83
2026-05-28 18:10:10,821 - Step 00149: 1071.2717 E_h, exp. variance=2416.5317 E_h^2, pmove=0.83
2026-05-28 18:10:11,037 - Step 00150: 1175.3926 E_h, exp. variance=2714.2615 E_h^2, pmove=0.82
2026-05-28 18:10:11,253 - Step 00151: 1221.8582 E_h, exp. variance=3656.7878 E_h^2, pmove=0.82
2026-05-28 18:10:11,468 - Step 00152: 1048.5038 E_h, exp. variance=3717.4758 E_h^2, pmove=0.83
2026-05-28 18:10:11,684 - Step 00153: 1075.5935 E_h, exp. variance=3455.0740 E_h^2, pmove=0.83
2026-05-28 18:10:11,900 - Step 00154: 1058.9646 E_h, exp. variance=3316.9221 E_h^2, pmove=0.83
2026-05-28 18:10:12,115 - Step 00155: 1079.0316 E_h, exp. variance=3033.3901 E_h^2, pmove=0.83
2026-05-28 18:10:12,331 - Step 00156: 1060.3318 E_h, exp. variance=2870.6099 E_h^2, pmove=0.82
2026-05-28 18:10:12,546 - Step 00157: 1114.1897 E_h, exp. variance=2613.6582 E_h^2, pmove=0.82
2026-05-28 18:10:12,761 - Step 00158: 957.0160 E_h, exp. variance=4134.2842 E_h^2, pmove=0.81
2026-05-28 18:10:12,977 - Step 00159: 986.4858 E_h, exp. variance=4570.6562 E_h^2, pmove=0.81
2026-05-28 18:10:13,192 - Step 00160: 1022.7710 E_h, exp. variance=4349.2329 E_h^2, pmove=0.81
2026-05-28 18:10:13,408 - Step 00161: 1043.5757 E_h, exp. variance=3971.6780 E_h^2, pmove=0.81
2026-05-28 18:10:13,623 - Step 00162: 985.5245 E_h, exp. variance=4161.7051 E_h^2, pmove=0.81
2026-05-28 18:10:13,838 - Step 00163: 1054.7169 E_h, exp. variance=3746.6392 E_h^2, pmove=0.80
2026-05-28 18:10:14,054 - Step 00164: 1036.5093 E_h, exp. variance=3413.0422 E_h^2, pmove=0.80
2026-05-28 18:10:14,269 - Step 00165: 1039.3730 E_h, exp. variance=3095.8303 E_h^2, pmove=0.80
2026-05-28 18:10:14,485 - Step 00166: 937.7009 E_h, exp. variance=4005.5979 E_h^2, pmove=0.80
2026-05-28 18:10:14,701 - Step 00167: 1012.5400 E_h, exp. variance=3685.5986 E_h^2, pmove=0.80
2026-05-28 18:10:14,917 - Step 00168: 1090.5255 E_h, exp. variance=3551.6692 E_h^2, pmove=0.80
2026-05-28 18:10:15,133 - Step 00169: 961.4091 E_h, exp. variance=3818.9556 E_h^2, pmove=0.79
2026-05-28 18:10:15,348 - Step 00170: 1079.6725 E_h, exp. variance=3606.7073 E_h^2, pmove=0.79
2026-05-28 18:10:15,564 - Step 00171: 1020.6836 E_h, exp. variance=3281.7285 E_h^2, pmove=0.79
2026-05-28 18:10:15,779 - Step 00172: 983.5811 E_h, exp. variance=3226.0569 E_h^2, pmove=0.79
2026-05-28 18:10:15,995 - Step 00173: 1072.1360 E_h, exp. variance=3040.5667 E_h^2, pmove=0.79
2026-05-28 18:10:16,211 - Step 00174: 1050.6113 E_h, exp. variance=2753.1667 E_h^2, pmove=0.77
2026-05-28 18:10:16,426 - Step 00175: 937.3052 E_h, exp. variance=3397.0732 E_h^2, pmove=0.77
2026-05-28 18:10:16,641 - Step 00176: 992.1739 E_h, exp. variance=3174.5732 E_h^2, pmove=0.76
2026-05-28 18:10:16,857 - Step 00177: 1097.7642 E_h, exp. variance=3338.1931 E_h^2, pmove=0.76
2026-05-28 18:10:17,072 - Step 00178: 923.2815 E_h, exp. variance=4067.4387 E_h^2, pmove=0.76
2026-05-28 18:10:17,286 - Step 00179: 1077.4187 E_h, exp. variance=3946.2019 E_h^2, pmove=0.75
2026-05-28 18:10:17,501 - Step 00180: 1013.7247 E_h, exp. variance=3566.7991 E_h^2, pmove=0.74
2026-05-28 18:10:17,716 - Step 00181: 970.4658 E_h, exp. variance=3481.9897 E_h^2, pmove=0.73
2026-05-28 18:10:17,931 - Step 00182: 1019.0818 E_h, exp. variance=3133.8557 E_h^2, pmove=0.73
2026-05-28 18:10:18,147 - Step 00183: 947.8708 E_h, exp. variance=3286.7129 E_h^2, pmove=0.72
2026-05-28 18:10:18,362 - Step 00184: 960.7891 E_h, exp. variance=3200.0906 E_h^2, pmove=0.72
2026-05-28 18:10:18,577 - Step 00185: 870.5430 E_h, exp. variance=4567.3145 E_h^2, pmove=0.72
2026-05-28 18:10:18,792 - Step 00186: 934.7535 E_h, exp. variance=4424.0571 E_h^2, pmove=0.72
2026-05-28 18:10:19,007 - Step 00187: 958.6850 E_h, exp. variance=4058.3057 E_h^2, pmove=0.71
2026-05-28 18:10:19,222 - Step 00188: 988.5737 E_h, exp. variance=3653.6562 E_h^2, pmove=0.70
2026-05-28 18:10:19,438 - Step 00189: 939.0489 E_h, exp. variance=3480.9241 E_h^2, pmove=0.71
2026-05-28 18:10:19,655 - Step 00190: 1020.5203 E_h, exp. variance=3275.6360 E_h^2, pmove=0.70
2026-05-28 18:10:19,870 - Step 00191: 1074.5613 E_h, exp. variance=3675.3125 E_h^2, pmove=0.70
2026-05-28 18:10:20,085 - Step 00192: 1121.6821 E_h, exp. variance=4782.8716 E_h^2, pmove=0.70
2026-05-28 18:10:20,301 - Step 00193: 1022.9061 E_h, exp. variance=4328.9224 E_h^2, pmove=0.69
2026-05-28 18:10:20,516 - Step 00194: 930.5880 E_h, exp. variance=4436.8423 E_h^2, pmove=0.68
2026-05-28 18:10:20,732 - Step 00195: 986.0758 E_h, exp. variance=4011.5063 E_h^2, pmove=0.68
2026-05-28 18:10:20,946 - Step 00196: 945.1904 E_h, exp. variance=3870.2341 E_h^2, pmove=0.67
2026-05-28 18:10:21,164 - Step 00197: 875.0234 E_h, exp. variance=4747.6377 E_h^2, pmove=0.67
2026-05-28 18:10:21,379 - Step 00198: 926.1457 E_h, exp. variance=4550.6367 E_h^2, pmove=0.66
2026-05-28 18:10:21,594 - Step 00199: 945.0255 E_h, exp. variance=4182.7275 E_h^2, pmove=0.66
2026-05-28 18:10:21,809 - Step 00200: 971.9290 E_h, exp. variance=3764.5642 E_h^2, pmove=0.64
2026-05-28 18:10:22,024 - Step 00201: 885.2164 E_h, exp. variance=4080.4136 E_h^2, pmove=0.65
2026-05-28 18:10:22,240 - Step 00202: 913.6858 E_h, exp. variance=3901.5835 E_h^2, pmove=0.64
2026-05-28 18:10:22,456 - Step 00203: 920.5607 E_h, exp. variance=3645.1348 E_h^2, pmove=0.63
2026-05-28 18:10:22,671 - Step 00204: 929.6143 E_h, exp. variance=3339.7710 E_h^2, pmove=0.63
2026-05-28 18:10:22,887 - Step 00205: 913.8679 E_h, exp. variance=3141.4158 E_h^2, pmove=0.63
2026-05-28 18:10:23,102 - Step 00206: 911.8689 E_h, exp. variance=2950.0588 E_h^2, pmove=0.63
2026-05-28 18:10:23,318 - Step 00207: 978.9034 E_h, exp. variance=2757.8237 E_h^2, pmove=0.62
2026-05-28 18:10:23,532 - Step 00208: 863.2807 E_h, exp. variance=3135.5068 E_h^2, pmove=0.62
2026-05-28 18:10:23,748 - Step 00209: 919.4220 E_h, exp. variance=2859.9546 E_h^2, pmove=0.62
2026-05-28 18:10:23,963 - Step 00210: 875.9355 E_h, exp. variance=2919.6882 E_h^2, pmove=0.62
2026-05-28 18:10:24,179 - Step 00211: 955.4273 E_h, exp. variance=2678.3157 E_h^2, pmove=0.61
2026-05-28 18:10:24,394 - Step 00212: 943.7092 E_h, exp. variance=2418.8152 E_h^2, pmove=0.61
2026-05-28 18:10:24,610 - Step 00213: 929.1116 E_h, exp. variance=2180.1077 E_h^2, pmove=0.60
2026-05-28 18:10:24,825 - Step 00214: 983.4530 E_h, exp. variance=2178.1587 E_h^2, pmove=0.59
2026-05-28 18:10:25,041 - Step 00215: 958.1605 E_h, exp. variance=1992.1682 E_h^2, pmove=0.59
2026-05-28 18:10:25,256 - Step 00216: 982.7219 E_h, exp. variance=1947.8458 E_h^2, pmove=0.58
2026-05-28 18:10:25,472 - Step 00217: 806.6526 E_h, exp. variance=3485.2598 E_h^2, pmove=0.58
2026-05-28 18:10:25,687 - Step 00218: 982.4388 E_h, exp. variance=3370.1558 E_h^2, pmove=0.57
2026-05-28 18:10:25,903 - Step 00219: 917.9249 E_h, exp. variance=3064.5430 E_h^2, pmove=0.57
2026-05-28 18:10:26,118 - Step 00220: 831.3950 E_h, exp. variance=3719.2393 E_h^2, pmove=0.56
2026-05-28 18:10:26,334 - Step 00221: 861.8549 E_h, exp. variance=3699.4116 E_h^2, pmove=0.56
2026-05-28 18:10:26,549 - Step 00222: 886.8855 E_h, exp. variance=3417.4287 E_h^2, pmove=0.55
2026-05-28 18:10:26,765 - Step 00223: 790.2125 E_h, exp. variance=4477.6367 E_h^2, pmove=0.55
2026-05-28 18:10:26,980 - Step 00224: 932.3935 E_h, exp. variance=4110.0815 E_h^2, pmove=0.55
2026-05-28 18:10:26,980 - Saving checkpoint results/bilayer-bosons/BosonNet/N14_layers7_7_rs1.0_d0.5_D20.0_sq/qmcjax_ckpt_000224.npz
2026-05-28 18:10:27,280 - Step 00225: 845.8160 E_h, exp. variance=4019.9453 E_h^2, pmove=0.54
2026-05-28 18:10:27,496 - Step 00226: 819.8613 E_h, exp. variance=4189.5449 E_h^2, pmove=0.53
2026-05-28 18:10:27,711 - Step 00227: 810.7349 E_h, exp. variance=4358.9028 E_h^2, pmove=0.53
2026-05-28 18:10:27,927 - Step 00228: 800.0315 E_h, exp. variance=4550.0474 E_h^2, pmove=0.52
2026-05-28 18:10:28,142 - Step 00229: 858.4015 E_h, exp. variance=4120.2993 E_h^2, pmove=0.51
2026-05-28 18:10:28,357 - Step 00230: 774.8168 E_h, exp. variance=4584.3374 E_h^2, pmove=0.52
2026-05-28 18:10:28,573 - Step 00231: 892.0811 E_h, exp. variance=4198.8467 E_h^2, pmove=0.52
2026-05-28 18:10:28,788 - Step 00232: 831.1414 E_h, exp. variance=3891.2219 E_h^2, pmove=0.51
2026-05-28 18:10:29,003 - Step 00233: 804.9365 E_h, exp. variance=3804.7627 E_h^2, pmove=0.50
2026-05-28 18:10:29,218 - Step 00234: 840.3358 E_h, exp. variance=3449.6648 E_h^2, pmove=0.50
2026-05-28 18:10:29,434 - Step 00235: 853.2239 E_h, exp. variance=3105.1438 E_h^2, pmove=0.50
2026-05-28 18:10:29,650 - Step 00236: 791.8712 E_h, exp. variance=3155.8789 E_h^2, pmove=0.49
2026-05-28 18:10:29,866 - Step 00237: 782.9635 E_h, exp. variance=3231.4692 E_h^2, pmove=0.49
2026-05-28 18:10:30,081 - Step 00238: 817.6556 E_h, exp. variance=2962.9753 E_h^2, pmove=0.48
2026-05-28 18:10:30,296 - Step 00239: 778.9221 E_h, exp. variance=3000.6008 E_h^2, pmove=0.48
2026-05-28 18:10:30,511 - Step 00240: 825.6786 E_h, exp. variance=2706.3933 E_h^2, pmove=0.47
2026-05-28 18:10:30,727 - Step 00241: 760.8979 E_h, exp. variance=2902.8123 E_h^2, pmove=0.46
2026-05-28 18:10:30,942 - Step 00242: 810.9525 E_h, exp. variance=2632.1914 E_h^2, pmove=0.45
2026-05-28 18:10:31,158 - Step 00243: 785.2673 E_h, exp. variance=2505.7722 E_h^2, pmove=0.45
2026-05-28 18:10:31,373 - Step 00244: 819.2644 E_h, exp. variance=2255.3022 E_h^2, pmove=0.44
2026-05-28 18:10:31,589 - Step 00245: 724.7134 E_h, exp. variance=2851.1663 E_h^2, pmove=0.43
2026-05-28 18:10:31,803 - Step 00246: 695.0105 E_h, exp. variance=3770.4756 E_h^2, pmove=0.42
2026-05-28 18:10:32,019 - Step 00247: 749.9679 E_h, exp. variance=3610.9058 E_h^2, pmove=0.41
2026-05-28 18:10:32,234 - Step 00248: 670.7776 E_h, exp. variance=4621.0000 E_h^2, pmove=0.41
2026-05-28 18:10:32,450 - Step 00249: 775.1779 E_h, exp. variance=4162.9258 E_h^2, pmove=0.41
2026-05-28 18:10:32,665 - Step 00250: 734.7263 E_h, exp. variance=3940.9932 E_h^2, pmove=0.40
2026-05-28 18:10:32,880 - Step 00251: 713.9252 E_h, exp. variance=3899.8638 E_h^2, pmove=0.40
2026-05-28 18:10:33,095 - Step 00252: 722.2350 E_h, exp. variance=3717.6924 E_h^2, pmove=0.40
2026-05-28 18:10:33,311 - Step 00253: 702.3837 E_h, exp. variance=3704.2532 E_h^2, pmove=0.39
2026-05-28 18:10:33,526 - Step 00254: 633.0129 E_h, exp. variance=4766.2900 E_h^2, pmove=0.40
2026-05-28 18:10:33,741 - Step 00255: 659.5891 E_h, exp. variance=4970.3623 E_h^2, pmove=0.39
2026-05-28 18:10:33,956 - Step 00256: 688.4999 E_h, exp. variance=4692.6016 E_h^2, pmove=0.39
2026-05-28 18:10:34,172 - Step 00257: 730.4711 E_h, exp. variance=4223.8828 E_h^2, pmove=0.38
2026-05-28 18:10:34,387 - Step 00258: 702.8090 E_h, exp. variance=3881.7917 E_h^2, pmove=0.38
2026-05-28 18:10:34,603 - Step 00259: 647.9773 E_h, exp. variance=4094.5627 E_h^2, pmove=0.38
2026-05-28 18:10:34,818 - Step 00260: 703.0511 E_h, exp. variance=3715.8059 E_h^2, pmove=0.38
2026-05-28 18:10:35,034 - Step 00261: 646.0761 E_h, exp. variance=3831.7134 E_h^2, pmove=0.37
2026-05-28 18:10:35,249 - Step 00262: 678.6625 E_h, exp. variance=3550.4565 E_h^2, pmove=0.36
2026-05-28 18:10:35,464 - Step 00263: 625.7059 E_h, exp. variance=3819.0479 E_h^2, pmove=0.35
2026-05-28 18:10:35,679 - Step 00264: 661.4998 E_h, exp. variance=3574.9072 E_h^2, pmove=0.34
2026-05-28 18:10:35,896 - Step 00265: 668.8751 E_h, exp. variance=3287.1555 E_h^2, pmove=0.33
2026-05-28 18:10:36,112 - Step 00266: 679.1658 E_h, exp. variance=2978.0532 E_h^2, pmove=0.34
2026-05-28 18:10:36,328 - Step 00267: 681.7011 E_h, exp. variance=2690.6499 E_h^2, pmove=0.33
2026-05-28 18:10:36,543 - Step 00268: 699.5656 E_h, exp. variance=2427.6199 E_h^2, pmove=0.32
2026-05-28 18:10:36,757 - Step 00269: 712.1111 E_h, exp. variance=2220.5542 E_h^2, pmove=0.32
2026-05-28 18:10:36,972 - Step 00270: 690.1772 E_h, exp. variance=1999.9458 E_h^2, pmove=0.31
2026-05-28 18:10:37,188 - Step 00271: 624.3331 E_h, exp. variance=2234.0874 E_h^2, pmove=0.30
2026-05-28 18:10:37,403 - Step 00272: 628.4066 E_h, exp. variance=2317.9900 E_h^2, pmove=0.29
2026-05-28 18:10:37,619 - Step 00273: 574.9513 E_h, exp. variance=3098.3127 E_h^2, pmove=0.30
2026-05-28 18:10:37,835 - Step 00274: 627.6775 E_h, exp. variance=2952.6958 E_h^2, pmove=0.30
2026-05-28 18:10:38,050 - Step 00275: 701.2311 E_h, exp. variance=2768.3684 E_h^2, pmove=0.31
2026-05-28 18:10:38,265 - Step 00276: 594.4397 E_h, exp. variance=3000.3853 E_h^2, pmove=0.31
2026-05-28 18:10:38,480 - Step 00277: 610.1882 E_h, exp. variance=2943.0034 E_h^2, pmove=0.30
2026-05-28 18:10:38,695 - Step 00278: 638.8247 E_h, exp. variance=2678.1743 E_h^2, pmove=0.29
2026-05-28 18:10:38,911 - Step 00279: 605.2118 E_h, exp. variance=2634.4502 E_h^2, pmove=0.29
2026-05-28 18:10:39,126 - Step 00280: 571.1336 E_h, exp. variance=2932.5164 E_h^2, pmove=0.28
2026-05-28 18:10:39,341 - Step 00281: 616.8763 E_h, exp. variance=2697.0823 E_h^2, pmove=0.27
2026-05-28 18:10:39,558 - Step 00282: 608.7952 E_h, exp. variance=2513.2654 E_h^2, pmove=0.27
2026-05-28 18:10:39,774 - Step 00283: 569.4122 E_h, exp. variance=2668.1975 E_h^2, pmove=0.27
2026-05-28 18:10:39,989 - Step 00284: 593.4432 E_h, exp. variance=2520.8640 E_h^2, pmove=0.27
2026-05-28 18:10:40,204 - Step 00285: 628.0144 E_h, exp. variance=2269.0620 E_h^2, pmove=0.26
2026-05-28 18:10:40,419 - Step 00286: 602.2354 E_h, exp. variance=2094.7700 E_h^2, pmove=0.26
2026-05-28 18:10:40,635 - Step 00287: 518.8578 E_h, exp. variance=2880.1584 E_h^2, pmove=0.26
2026-05-28 18:10:40,850 - Step 00288: 564.7319 E_h, exp. variance=2806.0359 E_h^2, pmove=0.25
2026-05-28 18:10:41,066 - Step 00289: 567.2496 E_h, exp. variance=2679.3728 E_h^2, pmove=0.24
2026-05-28 18:10:41,282 - Step 00290: 565.6115 E_h, exp. variance=2547.3442 E_h^2, pmove=0.24
2026-05-28 18:10:41,497 - Step 00291: 570.8163 E_h, exp. variance=2372.3677 E_h^2, pmove=0.24
2026-05-28 18:10:41,713 - Step 00292: 563.7445 E_h, exp. variance=2238.3403 E_h^2, pmove=0.23
2026-05-28 18:10:41,928 - Step 00293: 520.7756 E_h, exp. variance=2500.0017 E_h^2, pmove=0.23
2026-05-28 18:10:42,144 - Step 00294: 532.4421 E_h, exp. variance=2516.6902 E_h^2, pmove=0.23
2026-05-28 18:10:42,359 - Step 00295: 486.7428 E_h, exp. variance=3071.9973 E_h^2, pmove=0.22
2026-05-28 18:10:42,575 - Step 00296: 517.3446 E_h, exp. variance=3033.3003 E_h^2, pmove=0.21
2026-05-28 18:10:42,790 - Step 00297: 540.4358 E_h, exp. variance=2791.1240 E_h^2, pmove=0.21
2026-05-28 18:10:43,005 - Step 00298: 520.6671 E_h, exp. variance=2680.1987 E_h^2, pmove=0.21
2026-05-28 18:10:43,221 - Step 00299: 521.4006 E_h, exp. variance=2543.3218 E_h^2, pmove=0.21
2026-05-28 18:10:43,436 - Step 00300: 504.2579 E_h, exp. variance=2527.6738 E_h^2, pmove=0.20
2026-05-28 18:10:43,651 - Step 00301: 503.7582 E_h, exp. variance=2472.4321 E_h^2, pmove=0.20
2026-05-28 18:10:43,867 - Step 00302: 467.9498 E_h, exp. variance=2772.3496 E_h^2, pmove=0.20
2026-05-28 18:10:44,082 - Step 00303: 508.7928 E_h, exp. variance=2572.5442 E_h^2, pmove=0.18
2026-05-28 18:10:44,297 - Step 00304: 521.1384 E_h, exp. variance=2333.0623 E_h^2, pmove=0.18
2026-05-28 18:10:44,512 - Step 00305: 562.4881 E_h, exp. variance=2173.9004 E_h^2, pmove=0.18
2026-05-28 18:10:44,727 - Step 00306: 506.3627 E_h, exp. variance=2039.1013 E_h^2, pmove=0.17
2026-05-28 18:10:44,942 - Step 00307: 553.8782 E_h, exp. variance=1872.1023 E_h^2, pmove=0.16
2026-05-28 18:10:45,158 - Step 00308: 517.0937 E_h, exp. variance=1715.8883 E_h^2, pmove=0.15
2026-05-28 18:10:45,373 - Step 00309: 486.0727 E_h, exp. variance=1749.2756 E_h^2, pmove=0.16
2026-05-28 18:10:45,589 - Step 00310: 482.7517 E_h, exp. variance=1767.0461 E_h^2, pmove=0.15
2026-05-28 18:10:45,804 - Step 00311: 431.6387 E_h, exp. variance=2364.7017 E_h^2, pmove=0.15
2026-05-28 18:10:46,019 - Step 00312: 451.8038 E_h, exp. variance=2489.0432 E_h^2, pmove=0.14
2026-05-28 18:10:46,234 - Step 00313: 499.5518 E_h, exp. variance=2247.8181 E_h^2, pmove=0.14
2026-05-28 18:10:46,449 - Step 00314: 532.4337 E_h, exp. variance=2077.3611 E_h^2, pmove=0.14
2026-05-28 18:10:46,665 - Step 00315: 451.8321 E_h, exp. variance=2177.5222 E_h^2, pmove=0.14
2026-05-28 18:10:46,880 - Step 00316: 423.3241 E_h, exp. variance=2552.4346 E_h^2, pmove=0.14
2026-05-28 18:10:47,096 - Step 00317: 431.1205 E_h, exp. variance=2680.2275 E_h^2, pmove=0.14
2026-05-28 18:10:47,312 - Step 00318: 452.6297 E_h, exp. variance=2536.7820 E_h^2, pmove=0.14
2026-05-28 18:10:47,527 - Step 00319: 416.1713 E_h, exp. variance=2723.3818 E_h^2, pmove=0.15
2026-05-28 18:10:47,743 - Step 00320: 433.0684 E_h, exp. variance=2641.9084 E_h^2, pmove=0.15
2026-05-28 18:10:47,958 - Step 00321: 420.6390 E_h, exp. variance=2638.9490 E_h^2, pmove=0.15
2026-05-28 18:10:48,173 - Step 00322: 408.5043 E_h, exp. variance=2705.8140 E_h^2, pmove=0.14
2026-05-28 18:10:48,389 - Step 00323: 466.9912 E_h, exp. variance=2436.6201 E_h^2, pmove=0.14
2026-05-28 18:10:48,605 - Step 00324: 446.4414 E_h, exp. variance=2219.0168 E_h^2, pmove=0.13
2026-05-28 18:10:48,821 - Step 00325: 445.3445 E_h, exp. variance=2021.3547 E_h^2, pmove=0.13
2026-05-28 18:10:49,037 - Step 00326: 382.0152 E_h, exp. variance=2368.1763 E_h^2, pmove=0.13
2026-05-28 18:10:49,252 - Step 00327: 383.0153 E_h, exp. variance=2563.4514 E_h^2, pmove=0.13
2026-05-28 18:10:49,467 - Step 00328: 385.3813 E_h, exp. variance=2631.0461 E_h^2, pmove=0.13
2026-05-28 18:10:49,682 - Step 00329: 386.3688 E_h, exp. variance=2620.8230 E_h^2, pmove=0.13
2026-05-28 18:10:49,897 - Step 00330: 413.1506 E_h, exp. variance=2398.1475 E_h^2, pmove=0.13
2026-05-28 18:10:50,113 - Step 00331: 408.6854 E_h, exp. variance=2207.1829 E_h^2, pmove=0.13
2026-05-28 18:10:50,328 - Step 00332: 397.2061 E_h, exp. variance=2081.2188 E_h^2, pmove=0.12
2026-05-28 18:10:50,544 - Step 00333: 415.8815 E_h, exp. variance=1883.0707 E_h^2, pmove=0.13
2026-05-28 18:10:50,760 - Step 00334: 398.3611 E_h, exp. variance=1760.3483 E_h^2, pmove=0.13
2026-05-28 18:10:50,975 - Step 00335: 390.8593 E_h, exp. variance=1675.3088 E_h^2, pmove=0.13
2026-05-28 18:10:51,191 - Step 00336: 408.1066 E_h, exp. variance=1519.4131 E_h^2, pmove=0.13
2026-05-28 18:10:51,406 - Step 00337: 428.7450 E_h, exp. variance=1377.2161 E_h^2, pmove=0.12
2026-05-28 18:10:51,621 - Step 00338: 421.7874 E_h, exp. variance=1240.0160 E_h^2, pmove=0.11
2026-05-28 18:10:51,836 - Step 00339: 393.5872 E_h, exp. variance=1177.0126 E_h^2, pmove=0.11
2026-05-28 18:10:52,051 - Step 00340: 416.3257 E_h, exp. variance=1059.3544 E_h^2, pmove=0.11
2026-05-28 18:10:52,267 - Step 00341: 485.7619 E_h, exp. variance=1379.5953 E_h^2, pmove=0.11
2026-05-28 18:10:52,482 - Step 00342: 530.5887 E_h, exp. variance=2267.4094 E_h^2, pmove=0.12
2026-05-28 18:10:52,697 - Step 00343: 469.1349 E_h, exp. variance=2148.5955 E_h^2, pmove=0.13
2026-05-28 18:10:52,912 - Step 00344: 453.3596 E_h, exp. variance=1955.0555 E_h^2, pmove=0.13
2026-05-28 18:10:53,127 - Step 00345: 363.3128 E_h, exp. variance=2282.0588 E_h^2, pmove=0.14
2026-05-28 18:10:53,343 - Step 00346: 376.6026 E_h, exp. variance=2328.9373 E_h^2, pmove=0.12
2026-05-28 18:10:53,557 - Step 00347: 407.4980 E_h, exp. variance=2128.0618 E_h^2, pmove=0.12
2026-05-28 18:10:53,772 - Step 00348: 347.4702 E_h, exp. variance=2448.9104 E_h^2, pmove=0.11
2026-05-28 18:10:53,987 - Step 00349: 381.9038 E_h, exp. variance=2313.4475 E_h^2, pmove=0.11
2026-05-28 18:10:54,202 - Step 00350: 363.0316 E_h, exp. variance=2309.3997 E_h^2, pmove=0.11
2026-05-28 18:10:54,418 - Step 00351: 387.6416 E_h, exp. variance=2116.7231 E_h^2, pmove=0.11
2026-05-28 18:10:54,632 - Step 00352: 403.8462 E_h, exp. variance=1905.5490 E_h^2, pmove=0.10
2026-05-28 18:10:54,847 - Step 00353: 379.3955 E_h, exp. variance=1778.5217 E_h^2, pmove=0.11
2026-05-28 18:10:55,062 - Step 00354: 367.8365 E_h, exp. variance=1713.9022 E_h^2, pmove=0.11
2026-05-28 18:10:55,278 - Step 00355: 343.6759 E_h, exp. variance=1825.5977 E_h^2, pmove=0.11
2026-05-28 18:10:55,495 - Step 00356: 368.4722 E_h, exp. variance=1702.3855 E_h^2, pmove=0.10
2026-05-28 18:10:55,710 - Step 00357: 340.4618 E_h, exp. variance=1767.3552 E_h^2, pmove=0.10
2026-05-28 18:10:55,925 - Step 00358: 334.1252 E_h, exp. variance=1837.2300 E_h^2, pmove=0.09
2026-05-28 18:10:56,141 - Step 00359: 332.9619 E_h, exp. variance=1863.2484 E_h^2, pmove=0.08
2026-05-28 18:10:56,356 - Step 00360: 314.1498 E_h, exp. variance=2025.7842 E_h^2, pmove=0.08
2026-05-28 18:10:56,572 - Step 00361: 353.7220 E_h, exp. variance=1847.5931 E_h^2, pmove=0.09
2026-05-28 18:10:56,787 - Step 00362: 327.8589 E_h, exp. variance=1811.7588 E_h^2, pmove=0.10
2026-05-28 18:10:57,003 - Step 00363: 340.8411 E_h, exp. variance=1680.8292 E_h^2, pmove=0.09
2026-05-28 18:10:57,218 - Step 00364: 358.7869 E_h, exp. variance=1513.7382 E_h^2, pmove=0.08
2026-05-28 18:10:57,434 - Step 00365: 339.0578 E_h, exp. variance=1408.8088 E_h^2, pmove=0.08
2026-05-28 18:10:57,649 - Step 00366: 344.8193 E_h, exp. variance=1287.3325 E_h^2, pmove=0.08
2026-05-28 18:10:57,866 - Step 00367: 357.7349 E_h, exp. variance=1158.6074 E_h^2, pmove=0.08
2026-05-28 18:10:58,083 - Step 00368: 364.4041 E_h, exp. variance=1046.4326 E_h^2, pmove=0.07
2026-05-28 18:10:58,299 - Step 00369: 329.8059 E_h, exp. variance=1016.6392 E_h^2, pmove=0.07
2026-05-28 18:10:58,514 - Step 00370: 353.8842 E_h, exp. variance=915.2921 E_h^2, pmove=0.07
2026-05-28 18:10:58,729 - Step 00371: 343.6080 E_h, exp. variance=836.6474 E_h^2, pmove=0.06
2026-05-28 18:10:58,945 - Step 00372: 298.1990 E_h, exp. variance=1037.0149 E_h^2, pmove=0.06
2026-05-28 18:10:59,161 - Step 00373: 290.1037 E_h, exp. variance=1242.9506 E_h^2, pmove=0.06
2026-05-28 18:10:59,376 - Step 00374: 286.6654 E_h, exp. variance=1403.1965 E_h^2, pmove=0.06
2026-05-28 18:10:59,591 - Step 00375: 266.3065 E_h, exp. variance=1716.1063 E_h^2, pmove=0.07
2026-05-28 18:10:59,807 - Step 00376: 284.0941 E_h, exp. variance=1735.5980 E_h^2, pmove=0.06
2026-05-28 18:11:00,023 - Step 00377: 257.8754 E_h, exp. variance=1974.4200 E_h^2, pmove=0.07
2026-05-28 18:11:00,238 - Step 00378: 241.9660 E_h, exp. variance=2308.2471 E_h^2, pmove=0.07
2026-05-28 18:11:00,454 - Step 00379: 250.4480 E_h, exp. variance=2408.6533 E_h^2, pmove=0.07
2026-05-28 18:11:00,669 - Step 00380: 263.0848 E_h, exp. variance=2326.2646 E_h^2, pmove=0.07
2026-05-28 18:11:00,885 - Step 00381: 251.1874 E_h, exp. variance=2315.6208 E_h^2, pmove=0.07
2026-05-28 18:11:01,102 - Step 00382: 270.1971 E_h, exp. variance=2143.4451 E_h^2, pmove=0.07
2026-05-28 18:11:01,317 - Step 00383: 250.0698 E_h, exp. variance=2097.4204 E_h^2, pmove=0.07
2026-05-28 18:11:01,532 - Step 00384: 215.8380 E_h, exp. variance=2369.3037 E_h^2, pmove=0.07
2026-05-28 18:11:01,748 - Step 00385: 247.7467 E_h, exp. variance=2235.9807 E_h^2, pmove=0.06
2026-05-28 18:11:01,962 - Step 00386: 256.9192 E_h, exp. variance=2053.4600 E_h^2, pmove=0.06
2026-05-28 18:11:02,178 - Step 00387: 247.5425 E_h, exp. variance=1921.7520 E_h^2, pmove=0.06
2026-05-28 18:11:02,393 - Step 00388: 241.0153 E_h, exp. variance=1823.3041 E_h^2, pmove=0.07
2026-05-28 18:11:02,608 - Step 00389: 248.6578 E_h, exp. variance=1682.1953 E_h^2, pmove=0.07
2026-05-28 18:11:02,824 - Step 00390: 273.8848 E_h, exp. variance=1517.1790 E_h^2, pmove=0.06
2026-05-28 18:11:03,040 - Step 00391: 277.4191 E_h, exp. variance=1372.5956 E_h^2, pmove=0.06
2026-05-28 18:11:03,255 - Step 00392: 259.0858 E_h, exp. variance=1244.9215 E_h^2, pmove=0.06
2026-05-28 18:11:03,470 - Step 00393: 242.6597 E_h, exp. variance=1179.9393 E_h^2, pmove=0.06
2026-05-28 18:11:03,686 - Step 00394: 249.6610 E_h, exp. variance=1085.3945 E_h^2, pmove=0.06
2026-05-28 18:11:03,901 - Step 00395: 238.8701 E_h, exp. variance=1034.5465 E_h^2, pmove=0.06
2026-05-28 18:11:04,117 - Step 00396: 246.1948 E_h, exp. variance=952.6077 E_h^2, pmove=0.06
2026-05-28 18:11:04,331 - Step 00397: 242.0921 E_h, exp. variance=886.5663 E_h^2, pmove=0.06
2026-05-28 18:11:04,547 - Step 00398: 251.3497 E_h, exp. variance=802.2679 E_h^2, pmove=0.06
2026-05-28 18:11:04,762 - Step 00399: 231.8952 E_h, exp. variance=781.5662 E_h^2, pmove=0.06
2026-05-28 18:11:04,977 - Step 00400: 223.2794 E_h, exp. variance=794.2010 E_h^2, pmove=0.05
2026-05-28 18:11:05,192 - Step 00401: 204.8372 E_h, exp. variance=913.8240 E_h^2, pmove=0.05
2026-05-28 18:11:05,407 - Step 00402: 218.0558 E_h, exp. variance=898.6873 E_h^2, pmove=0.06
2026-05-28 18:11:05,622 - Step 00403: 177.8045 E_h, exp. variance=1206.1855 E_h^2, pmove=0.05
2026-05-28 18:11:05,837 - Step 00404: 185.4484 E_h, exp. variance=1330.4110 E_h^2, pmove=0.05
2026-05-28 18:11:06,052 - Step 00405: 226.7489 E_h, exp. variance=1200.2347 E_h^2, pmove=0.05
2026-05-28 18:11:06,267 - Step 00406: 264.4754 E_h, exp. variance=1176.1456 E_h^2, pmove=0.05
2026-05-28 18:11:06,482 - Step 00407: 249.1906 E_h, exp. variance=1076.4215 E_h^2, pmove=0.05
2026-05-28 18:11:06,697 - Step 00408: 210.7899 E_h, exp. variance=1028.2771 E_h^2, pmove=0.05
2026-05-28 18:11:06,912 - Step 00409: 238.1701 E_h, exp. variance=927.0672 E_h^2, pmove=0.05
2026-05-28 18:11:07,126 - Step 00410: 202.7392 E_h, exp. variance=924.3165 E_h^2, pmove=0.06
2026-05-28 18:11:07,341 - Step 00411: 187.8630 E_h, exp. variance=1000.8573 E_h^2, pmove=0.06
2026-05-28 18:11:07,556 - Step 00412: 200.6039 E_h, exp. variance=962.8152 E_h^2, pmove=0.06
2026-05-28 18:11:07,770 - Step 00413: 218.9888 E_h, exp. variance=869.0099 E_h^2, pmove=0.06
2026-05-28 18:11:07,986 - Step 00414: 235.0079 E_h, exp. variance=793.5975 E_h^2, pmove=0.06
2026-05-28 18:11:08,201 - Step 00415: 237.1756 E_h, exp. variance=727.9338 E_h^2, pmove=0.07
2026-05-28 18:11:08,416 - Step 00416: 233.8171 E_h, exp. variance=660.5377 E_h^2, pmove=0.07
2026-05-28 18:11:08,631 - Step 00417: 237.1236 E_h, exp. variance=603.9877 E_h^2, pmove=0.07
2026-05-28 18:11:08,846 - Step 00418: 225.9027 E_h, exp. variance=543.9391 E_h^2, pmove=0.07
2026-05-28 18:11:09,062 - Step 00419: 230.4730 E_h, exp. variance=490.2484 E_h^2, pmove=0.06
2026-05-28 18:11:09,277 - Step 00420: 244.3344 E_h, exp. variance=465.3619 E_h^2, pmove=0.06
2026-05-28 18:11:09,492 - Step 00421: 251.2097 E_h, exp. variance=460.8730 E_h^2, pmove=0.05
2026-05-28 18:11:09,707 - Step 00422: 268.7408 E_h, exp. variance=537.8911 E_h^2, pmove=0.05
2026-05-28 18:11:09,921 - Step 00423: 230.3643 E_h, exp. variance=486.4343 E_h^2, pmove=0.05
2026-05-28 18:11:10,136 - Step 00424: 203.4494 E_h, exp. variance=527.0735 E_h^2, pmove=0.05
2026-05-28 18:11:10,351 - Step 00425: 183.7647 E_h, exp. variance=681.9989 E_h^2, pmove=0.05
2026-05-28 18:11:10,566 - Step 00426: 180.1194 E_h, exp. variance=811.5424 E_h^2, pmove=0.06
2026-05-28 18:11:10,781 - Step 00427: 196.0947 E_h, exp. variance=792.2198 E_h^2, pmove=0.05
2026-05-28 18:11:10,997 - Step 00428: 194.6765 E_h, exp. variance=769.2843 E_h^2, pmove=0.05
2026-05-28 18:11:11,212 - Step 00429: 177.0224 E_h, exp. variance=837.5203 E_h^2, pmove=0.06
2026-05-28 18:11:11,427 - Step 00430: 227.6394 E_h, exp. variance=772.6169 E_h^2, pmove=0.06
2026-05-28 18:11:11,642 - Step 00431: 210.8363 E_h, exp. variance=696.6401 E_h^2, pmove=0.05
2026-05-28 18:11:11,857 - Step 00432: 236.7302 E_h, exp. variance=672.5113 E_h^2, pmove=0.05
2026-05-28 18:11:12,072 - Step 00433: 243.0433 E_h, exp. variance=668.7349 E_h^2, pmove=0.05
2026-05-28 18:11:12,288 - Step 00434: 254.8447 E_h, exp. variance=716.5831 E_h^2, pmove=0.05
2026-05-28 18:11:12,503 - Step 00435: 252.8619 E_h, exp. variance=726.7347 E_h^2, pmove=0.04
2026-05-28 18:11:12,719 - Step 00436: 236.3732 E_h, exp. variance=664.2615 E_h^2, pmove=0.04
2026-05-28 18:11:12,935 - Step 00437: 193.8350 E_h, exp. variance=695.5889 E_h^2, pmove=0.04
2026-05-28 18:11:13,151 - Step 00438: 164.0482 E_h, exp. variance=944.0952 E_h^2, pmove=0.04
2026-05-28 18:11:13,366 - Step 00439: 143.1941 E_h, exp. variance=1347.2955 E_h^2, pmove=0.05
2026-05-28 18:11:13,581 - Step 00440: 136.7521 E_h, exp. variance=1696.9641 E_h^2, pmove=0.05
2026-05-28 18:11:13,796 - Step 00441: 126.8111 E_h, exp. variance=2046.6729 E_h^2, pmove=0.05
2026-05-28 18:11:14,012 - Step 00442: 164.0228 E_h, exp. variance=1929.3888 E_h^2, pmove=0.05
2026-05-28 18:11:14,227 - Step 00443: 183.7657 E_h, exp. variance=1742.6511 E_h^2, pmove=0.05
2026-05-28 18:11:14,443 - Step 00444: 180.8310 E_h, exp. variance=1578.1306 E_h^2, pmove=0.05
2026-05-28 18:11:14,658 - Step 00445: 201.4915 E_h, exp. variance=1431.8007 E_h^2, pmove=0.06
2026-05-28 18:11:14,874 - Step 00446: 179.8190 E_h, exp. variance=1300.5365 E_h^2, pmove=0.06
2026-05-28 18:11:15,089 - Step 00447: 203.6446 E_h, exp. variance=1186.8119 E_h^2, pmove=0.06
2026-05-28 18:11:15,305 - Step 00448: 155.7025 E_h, exp. variance=1183.6025 E_h^2, pmove=0.06
2026-05-28 18:11:15,520 - Step 00449: 127.2901 E_h, exp. variance=1396.2974 E_h^2, pmove=0.05
2026-05-28 18:11:15,735 - Step 00450: 154.2108 E_h, exp. variance=1325.5444 E_h^2, pmove=0.05
2026-05-28 18:11:15,950 - Step 00451: 135.8324 E_h, exp. variance=1361.5432 E_h^2, pmove=0.05
2026-05-28 18:11:16,165 - Step 00452: 163.8827 E_h, exp. variance=1236.0782 E_h^2, pmove=0.05
2026-05-28 18:11:16,380 - Step 00453: 189.8543 E_h, exp. variance=1135.9830 E_h^2, pmove=0.05
2026-05-28 18:11:16,595 - Step 00454: 205.6237 E_h, exp. variance=1105.1018 E_h^2, pmove=0.05
2026-05-28 18:11:16,810 - Step 00455: 205.5992 E_h, exp. variance=1061.4724 E_h^2, pmove=0.05
2026-05-28 18:11:17,025 - Step 00456: 174.5783 E_h, exp. variance=959.1121 E_h^2, pmove=0.05
2026-05-28 18:11:17,241 - Step 00457: 170.6776 E_h, exp. variance=871.7369 E_h^2, pmove=0.04
2026-05-28 18:11:17,456 - Step 00458: 154.5072 E_h, exp. variance=840.5223 E_h^2, pmove=0.05
2026-05-28 18:11:17,671 - Step 00459: 158.1733 E_h, exp. variance=788.1973 E_h^2, pmove=0.05
2026-05-28 18:11:17,886 - Step 00460: 161.8293 E_h, exp. variance=725.1593 E_h^2, pmove=0.05
2026-05-28 18:11:18,101 - Step 00461: 157.5789 E_h, exp. variance=676.1707 E_h^2, pmove=0.04
2026-05-28 18:11:18,317 - Step 00462: 158.0697 E_h, exp. variance=626.3467 E_h^2, pmove=0.05
2026-05-28 18:11:18,532 - Step 00463: 160.2923 E_h, exp. variance=573.5063 E_h^2, pmove=0.04
2026-05-28 18:11:18,748 - Step 00464: 156.2421 E_h, exp. variance=532.4103 E_h^2, pmove=0.04
2026-05-28 18:11:18,963 - Step 00465: 182.0641 E_h, exp. variance=496.1278 E_h^2, pmove=0.04
2026-05-28 18:11:19,178 - Step 00466: 174.2218 E_h, exp. variance=448.3472 E_h^2, pmove=0.04
2026-05-28 18:11:19,393 - Step 00467: 175.8031 E_h, exp. variance=406.3774 E_h^2, pmove=0.04
2026-05-28 18:11:19,608 - Step 00468: 155.2540 E_h, exp. variance=387.2821 E_h^2, pmove=0.04
2026-05-28 18:11:19,823 - Step 00469: 168.0916 E_h, exp. variance=348.6602 E_h^2, pmove=0.04
2026-05-28 18:11:20,039 - Step 00470: 156.9613 E_h, exp. variance=326.9888 E_h^2, pmove=0.04
2026-05-28 18:11:20,254 - Step 00471: 177.1895 E_h, exp. variance=302.1257 E_h^2, pmove=0.04
2026-05-28 18:11:20,469 - Step 00472: 159.3804 E_h, exp. variance=279.8847 E_h^2, pmove=0.03
2026-05-28 18:11:20,684 - Step 00473: 160.7632 E_h, exp. variance=256.4171 E_h^2, pmove=0.03
2026-05-28 18:11:20,899 - Step 00474: 160.9174 E_h, exp. variance=234.2624 E_h^2, pmove=0.03
2026-05-28 18:11:21,115 - Step 00475: 151.8981 E_h, exp. variance=230.0767 E_h^2, pmove=0.03
2026-05-28 18:11:21,332 - Step 00476: 139.1442 E_h, exp. variance=267.5033 E_h^2, pmove=0.03
2026-05-28 18:11:21,548 - Step 00477: 136.5629 E_h, exp. variance=301.1401 E_h^2, pmove=0.03
2026-05-28 18:11:21,764 - Step 00478: 129.2229 E_h, exp. variance=355.5895 E_h^2, pmove=0.03
2026-05-28 18:11:21,979 - Step 00479: 124.6995 E_h, exp. variance=412.8304 E_h^2, pmove=0.03
2026-05-28 18:11:22,195 - Step 00480: 129.5707 E_h, exp. variance=423.5111 E_h^2, pmove=0.03
2026-05-28 18:11:22,410 - Step 00481: 101.9765 E_h, exp. variance=599.1945 E_h^2, pmove=0.04
2026-05-28 18:11:22,625 - Step 00482: 97.7804 E_h, exp. variance=750.9261 E_h^2, pmove=0.04
2026-05-28 18:11:22,840 - Step 00483: 107.5051 E_h, exp. variance=779.3842 E_h^2, pmove=0.03
2026-05-28 18:11:23,055 - Step 00484: 105.8063 E_h, exp. variance=794.9165 E_h^2, pmove=0.03
2026-05-28 18:11:23,271 - Step 00485: 117.2084 E_h, exp. variance=743.3094 E_h^2, pmove=0.04
2026-05-28 18:11:23,486 - Step 00486: 129.8437 E_h, exp. variance=669.9037 E_h^2, pmove=0.04
2026-05-28 18:11:23,702 - Step 00487: 124.8881 E_h, exp. variance=608.4474 E_h^2, pmove=0.04
2026-05-28 18:11:23,919 - Step 00488: 106.1893 E_h, exp. variance=607.3066 E_h^2, pmove=0.03
2026-05-28 18:11:24,134 - Step 00489: 101.3466 E_h, exp. variance=617.2528 E_h^2, pmove=0.03
2026-05-28 18:11:24,349 - Step 00490: 76.3311 E_h, exp. variance=782.6595 E_h^2, pmove=0.03
2026-05-28 18:11:24,564 - Step 00491: 77.9698 E_h, exp. variance=875.2767 E_h^2, pmove=0.03
2026-05-28 18:11:24,779 - Step 00492: 74.0536 E_h, exp. variance=955.1887 E_h^2, pmove=0.03
2026-05-28 18:11:24,994 - Step 00493: 57.8828 E_h, exp. variance=1131.8242 E_h^2, pmove=0.03
2026-05-28 18:11:25,210 - Step 00494: 72.0791 E_h, exp. variance=1130.7585 E_h^2, pmove=0.03
2026-05-28 18:11:25,426 - Step 00495: 68.5059 E_h, exp. variance=1130.0768 E_h^2, pmove=0.03
2026-05-28 18:11:25,642 - Step 00496: 70.4192 E_h, exp. variance=1097.4843 E_h^2, pmove=0.03
2026-05-28 18:11:25,858 - Step 00497: 59.9825 E_h, exp. variance=1113.2145 E_h^2, pmove=0.03
2026-05-28 18:11:26,074 - Step 00498: 71.9675 E_h, exp. variance=1043.9619 E_h^2, pmove=0.03
2026-05-28 18:11:26,289 - Step 00499: 80.2138 E_h, exp. variance=950.8792 E_h^2, pmove=0.03
2026-05-28 18:11:26,504 - Step 00500: 89.6811 E_h, exp. variance=855.8262 E_h^2, pmove=0.03
2026-05-28 18:11:26,719 - Step 00501: 76.4327 E_h, exp. variance=787.4067 E_h^2, pmove=0.03
2026-05-28 18:11:26,934 - Step 00502: 75.4041 E_h, exp. variance=724.9643 E_h^2, pmove=0.03
2026-05-28 18:11:27,149 - Step 00503: 91.8759 E_h, exp. variance=654.1790 E_h^2, pmove=0.03
2026-05-28 18:11:27,149 - Saving checkpoint results/bilayer-bosons/BosonNet/N14_layers7_7_rs1.0_d0.5_D20.0_sq/qmcjax_ckpt_000503.npz
2026-05-28 18:11:27,446 - Step 00504: 80.8542 E_h, exp. variance=593.2946 E_h^2, pmove=0.03
2026-05-28 18:11:27,661 - Step 00505: 88.6132 E_h, exp. variance=534.1344 E_h^2, pmove=0.03
2026-05-28 18:11:27,877 - Step 00506: 100.9857 E_h, exp. variance=497.3838 E_h^2, pmove=0.03
2026-05-28 18:11:28,091 - Step 00507: 74.4152 E_h, exp. variance=466.1124 E_h^2, pmove=0.02
2026-05-28 18:11:28,307 - Step 00508: 75.0837 E_h, exp. variance=432.9484 E_h^2, pmove=0.03
2026-05-28 18:11:28,522 - Step 00509: 83.1532 E_h, exp. variance=390.4270 E_h^2, pmove=0.02
2026-05-28 18:11:28,737 - Step 00510: 66.8737 E_h, exp. variance=383.5944 E_h^2, pmove=0.02
2026-05-28 18:11:28,952 - Step 00511: 62.2527 E_h, exp. variance=387.4091 E_h^2, pmove=0.02
2026-05-28 18:11:29,167 - Step 00512: 51.1410 E_h, exp. variance=432.9084 E_h^2, pmove=0.03
2026-05-28 18:11:29,383 - Step 00513: 40.8430 E_h, exp. variance=518.4359 E_h^2, pmove=0.02
2026-05-28 18:11:29,598 - Step 00514: 26.9092 E_h, exp. variance=673.8078 E_h^2, pmove=0.02
2026-05-28 18:11:29,813 - Step 00515: 25.2015 E_h, exp. variance=787.8082 E_h^2, pmove=0.02
2026-05-28 18:11:30,029 - Step 00516: 29.2594 E_h, exp. variance=827.9167 E_h^2, pmove=0.03
2026-05-28 18:11:30,244 - Step 00517: 33.0700 E_h, exp. variance=820.2958 E_h^2, pmove=0.03
2026-05-28 18:11:30,459 - Step 00518: 29.1109 E_h, exp. variance=819.1008 E_h^2, pmove=0.02
2026-05-28 18:11:30,673 - Step 00519: 17.0470 E_h, exp. variance=874.3357 E_h^2, pmove=0.03
2026-05-28 18:11:30,888 - Step 00520: 12.0924 E_h, exp. variance=931.5316 E_h^2, pmove=0.03
2026-05-28 18:11:31,103 - Step 00521: 20.3037 E_h, exp. variance=908.2712 E_h^2, pmove=0.03
2026-05-28 18:11:31,318 - Step 00522: 34.4660 E_h, exp. variance=828.1728 E_h^2, pmove=0.03
2026-05-28 18:11:31,533 - Step 00523: 49.0314 E_h, exp. variance=747.3767 E_h^2, pmove=0.03
2026-05-28 18:11:31,748 - Step 00524: 63.4086 E_h, exp. variance=703.9171 E_h^2, pmove=0.03
2026-05-28 18:11:31,963 - Step 00525: 80.9829 E_h, exp. variance=739.7331 E_h^2, pmove=0.03
2026-05-28 18:11:32,178 - Step 00526: 84.1398 E_h, exp. variance=770.2531 E_h^2, pmove=0.03
2026-05-28 18:11:32,393 - Step 00527: 90.3108 E_h, exp. variance=815.3589 E_h^2, pmove=0.03
2026-05-28 18:11:32,608 - Step 00528: 83.5653 E_h, exp. variance=796.5890 E_h^2, pmove=0.03
2026-05-28 18:11:32,823 - Step 00529: 87.0649 E_h, exp. variance=783.8446 E_h^2, pmove=0.03
2026-05-28 18:11:33,038 - Step 00530: 88.1244 E_h, exp. variance=764.4421 E_h^2, pmove=0.03
2026-05-28 18:11:33,253 - Step 00531: 103.3297 E_h, exp. variance=819.6407 E_h^2, pmove=0.03
2026-05-28 18:11:33,468 - Step 00532: 88.9663 E_h, exp. variance=773.8832 E_h^2, pmove=0.03
2026-05-28 18:11:33,683 - Step 00533: 64.3840 E_h, exp. variance=700.3334 E_h^2, pmove=0.03
2026-05-28 18:11:33,898 - Step 00534: 51.2655 E_h, exp. variance=662.7770 E_h^2, pmove=0.03
2026-05-28 18:11:34,113 - Step 00535: 42.0672 E_h, exp. variance=658.7271 E_h^2, pmove=0.03
2026-05-28 18:11:34,329 - Step 00536: 60.9174 E_h, exp. variance=594.9410 E_h^2, pmove=0.03
2026-05-28 18:11:34,544 - Step 00537: 55.9793 E_h, exp. variance=543.1838 E_h^2, pmove=0.02
2026-05-28 18:11:34,925 - Step 00538: 89.5386 E_h, exp. variance=546.0860 E_h^2, pmove=0.02
2026-05-28 18:11:35,140 - Step 00539: 92.6759 E_h, exp. variance=551.5271 E_h^2, pmove=0.02
2026-05-28 18:11:35,355 - Step 00540: 71.2783 E_h, exp. variance=496.6824 E_h^2, pmove=0.02
2026-05-28 18:11:35,570 - Step 00541: 61.9837 E_h, exp. variance=452.2533 E_h^2, pmove=0.02
2026-05-28 18:11:35,786 - Step 00542: 45.3808 E_h, exp. variance=456.6022 E_h^2, pmove=0.02
2026-05-28 18:11:36,001 - Step 00543: 39.2029 E_h, exp. variance=478.0208 E_h^2, pmove=0.02
2026-05-28 18:11:36,216 - Step 00544: 25.2192 E_h, exp. variance=563.9970 E_h^2, pmove=0.02
2026-05-28 18:11:36,431 - Step 00545: 23.4827 E_h, exp. variance=627.0751 E_h^2, pmove=0.03
2026-05-28 18:11:36,646 - Step 00546: 9.5135 E_h, exp. variance=761.1599 E_h^2, pmove=0.03
2026-05-28 18:11:36,861 - Step 00547: 15.0289 E_h, exp. variance=805.4034 E_h^2, pmove=0.03
2026-05-28 18:11:37,076 - Step 00548: 3.1763 E_h, exp. variance=905.2154 E_h^2, pmove=0.03
2026-05-28 18:11:37,291 - Step 00549: 19.9503 E_h, exp. variance=864.4583 E_h^2, pmove=0.03
2026-05-28 18:11:37,506 - Step 00550: 23.5174 E_h, exp. variance=805.8781 E_h^2, pmove=0.03
2026-05-28 18:11:37,721 - Step 00551: 23.9604 E_h, exp. variance=746.6164 E_h^2, pmove=0.03
2026-05-28 18:11:37,936 - Step 00552: 33.3161 E_h, exp. variance=673.7759 E_h^2, pmove=0.03
2026-05-28 18:11:38,151 - Step 00553: 24.1222 E_h, exp. variance=622.1810 E_h^2, pmove=0.03
2026-05-28 18:11:38,366 - Step 00554: 35.6377 E_h, exp. variance=559.9775 E_h^2, pmove=0.03
2026-05-28 18:11:38,581 - Step 00555: 25.0837 E_h, exp. variance=514.7051 E_h^2, pmove=0.02
2026-05-28 18:11:38,796 - Step 00556: 6.9001 E_h, exp. variance=533.8368 E_h^2, pmove=0.02
2026-05-28 18:11:39,011 - Step 00557: 12.8345 E_h, exp. variance=513.8839 E_h^2, pmove=0.02
2026-05-28 18:11:39,226 - Step 00558: 18.9189 E_h, exp. variance=473.9092 E_h^2, pmove=0.03
2026-05-28 18:11:39,441 - Step 00559: 28.9860 E_h, exp. variance=426.5187 E_h^2, pmove=0.02
2026-05-28 18:11:39,656 - Step 00560: 30.2912 E_h, exp. variance=384.0060 E_h^2, pmove=0.02
2026-05-28 18:11:39,872 - Step 00561: 37.9728 E_h, exp. variance=352.5767 E_h^2, pmove=0.02
2026-05-28 18:11:40,087 - Step 00562: 30.8645 E_h, exp. variance=317.3785 E_h^2, pmove=0.02
2026-05-28 18:11:40,302 - Step 00563: 26.0477 E_h, exp. variance=287.1428 E_h^2, pmove=0.02
2026-05-28 18:11:40,518 - Step 00564: 24.3954 E_h, exp. variance=260.9846 E_h^2, pmove=0.02
2026-05-28 18:11:40,733 - Step 00565: 5.4171 E_h, exp. variance=285.7569 E_h^2, pmove=0.02
2026-05-28 18:11:40,948 - Step 00566: -1.5727 E_h, exp. variance=329.7045 E_h^2, pmove=0.02
2026-05-28 18:11:41,163 - Step 00567: -10.3086 E_h, exp. variance=402.5204 E_h^2, pmove=0.02
2026-05-28 18:11:41,379 - Step 00568: -23.6525 E_h, exp. variance=538.0930 E_h^2, pmove=0.02
2026-05-28 18:11:41,593 - Step 00569: -27.7530 E_h, exp. variance=657.5758 E_h^2, pmove=0.02
2026-05-28 18:11:41,809 - Step 00570: -7.1802 E_h, exp. variance=624.0329 E_h^2, pmove=0.02
2026-05-28 18:11:42,025 - Step 00571: 1.6596 E_h, exp. variance=567.6628 E_h^2, pmove=0.02
2026-05-28 18:11:42,240 - Step 00572: 21.6507 E_h, exp. variance=525.2355 E_h^2, pmove=0.02
2026-05-28 18:11:42,455 - Step 00573: 25.8757 E_h, exp. variance=494.5722 E_h^2, pmove=0.02
2026-05-28 18:11:42,670 - Step 00574: 31.0433 E_h, exp. variance=478.2724 E_h^2, pmove=0.02
2026-05-28 18:11:42,885 - Step 00575: 30.5958 E_h, exp. variance=455.9291 E_h^2, pmove=0.02
2026-05-28 18:11:43,101 - Step 00576: 28.1690 E_h, exp. variance=424.8928 E_h^2, pmove=0.02
2026-05-28 18:11:43,316 - Step 00577: 18.0100 E_h, exp. variance=382.5525 E_h^2, pmove=0.02
2026-05-28 18:11:43,532 - Step 00578: -1.3245 E_h, exp. variance=374.0312 E_h^2, pmove=0.02
2026-05-28 18:11:43,747 - Step 00579: -10.9094 E_h, exp. variance=397.2043 E_h^2, pmove=0.02
2026-05-28 18:11:43,963 - Step 00580: -4.5268 E_h, exp. variance=383.3917 E_h^2, pmove=0.02
2026-05-28 18:11:44,178 - Step 00581: -5.8746 E_h, exp. variance=369.9059 E_h^2, pmove=0.02
2026-05-28 18:11:44,393 - Step 00582: 10.2062 E_h, exp. variance=333.0291 E_h^2, pmove=0.02
2026-05-28 18:11:44,608 - Step 00583: 20.2619 E_h, exp. variance=310.7514 E_h^2, pmove=0.02
2026-05-28 18:11:44,824 - Step 00584: 21.2440 E_h, exp. variance=290.4543 E_h^2, pmove=0.02
2026-05-28 18:11:45,039 - Step 00585: 33.9215 E_h, exp. variance=307.0788 E_h^2, pmove=0.02
2026-05-28 18:11:45,254 - Step 00586: 35.0986 E_h, exp. variance=317.7841 E_h^2, pmove=0.02
2026-05-28 18:11:45,469 - Step 00587: 20.7133 E_h, exp. variance=288.1848 E_h^2, pmove=0.02
2026-05-28 18:11:45,685 - Step 00588: 0.8023 E_h, exp. variance=280.9401 E_h^2, pmove=0.02
2026-05-28 18:11:45,900 - Step 00589: -13.9329 E_h, exp. variance=326.8202 E_h^2, pmove=0.02
2026-05-28 18:11:46,115 - Step 00590: -28.9735 E_h, exp. variance=444.2726 E_h^2, pmove=0.02
2026-05-28 18:11:46,330 - Step 00591: -16.0407 E_h, exp. variance=450.9364 E_h^2, pmove=0.02
2026-05-28 18:11:46,545 - Step 00592: -32.6783 E_h, exp. variance=536.3574 E_h^2, pmove=0.02
2026-05-28 18:11:46,761 - Step 00593: -31.1508 E_h, exp. variance=579.2252 E_h^2, pmove=0.02
2026-05-28 18:11:46,976 - Step 00594: -14.3401 E_h, exp. variance=535.7277 E_h^2, pmove=0.02
2026-05-28 18:11:47,192 - Step 00595: -16.0264 E_h, exp. variance=497.5538 E_h^2, pmove=0.02
2026-05-28 18:11:47,408 - Step 00596: -0.0781 E_h, exp. variance=449.3678 E_h^2, pmove=0.02
2026-05-28 18:11:47,623 - Step 00597: 23.1154 E_h, exp. variance=469.8069 E_h^2, pmove=0.02
2026-05-28 18:11:47,838 - Step 00598: 37.2191 E_h, exp. variance=555.2625 E_h^2, pmove=0.02
2026-05-28 18:11:48,053 - Step 00599: 77.9795 E_h, exp. variance=1009.8373 E_h^2, pmove=0.03
2026-05-28 18:11:48,268 - Step 00600: 44.9812 E_h, exp. variance=1017.5841 E_h^2, pmove=0.02
2026-05-28 18:11:48,483 - Step 00601: 53.4237 E_h, exp. variance=1057.8496 E_h^2, pmove=0.02
2026-05-28 18:11:48,699 - Step 00602: 59.3905 E_h, exp. variance=1108.7075 E_h^2, pmove=0.02
2026-05-28 18:11:48,914 - Step 00603: 31.1813 E_h, exp. variance=1005.6843 E_h^2, pmove=0.02
2026-05-28 18:11:49,130 - Step 00604: 36.6837 E_h, exp. variance=922.5209 E_h^2, pmove=0.02
2026-05-28 18:11:49,345 - Step 00605: 31.2627 E_h, exp. variance=834.7991 E_h^2, pmove=0.02
2026-05-28 18:11:49,561 - Step 00606: 39.2300 E_h, exp. variance=769.8590 E_h^2, pmove=0.02
2026-05-28 18:11:49,776 - Step 00607: 51.1382 E_h, exp. variance=748.3412 E_h^2, pmove=0.02
2026-05-28 18:11:49,992 - Step 00608: 52.9572 E_h, exp. variance=726.0496 E_h^2, pmove=0.02
2026-05-28 18:11:50,207 - Step 00609: 37.1381 E_h, exp. variance=656.6060 E_h^2, pmove=0.02
2026-05-28 18:11:50,423 - Step 00610: 47.4277 E_h, exp. variance=612.9144 E_h^2, pmove=0.02
2026-05-28 18:11:50,639 - Step 00611: 34.8250 E_h, exp. variance=551.8144 E_h^2, pmove=0.02
2026-05-28 18:11:50,854 - Step 00612: 12.8235 E_h, exp. variance=535.1553 E_h^2, pmove=0.02
2026-05-28 18:11:51,070 - Step 00613: 16.3862 E_h, exp. variance=502.0445 E_h^2, pmove=0.02
2026-05-28 18:11:51,286 - Step 00614: 11.7698 E_h, exp. variance=481.5465 E_h^2, pmove=0.02
2026-05-28 18:11:51,501 - Step 00615: 17.7681 E_h, exp. variance=443.0380 E_h^2, pmove=0.02
2026-05-28 18:11:51,717 - Step 00616: 15.2671 E_h, exp. variance=411.3051 E_h^2, pmove=0.02
2026-05-28 18:11:51,932 - Step 00617: 17.6021 E_h, exp. variance=376.3772 E_h^2, pmove=0.02
2026-05-28 18:11:52,147 - Step 00618: 17.5345 E_h, exp. variance=343.8549 E_h^2, pmove=0.02
2026-05-28 18:11:52,362 - Step 00619: 0.5137 E_h, exp. variance=360.4746 E_h^2, pmove=0.02
2026-05-28 18:11:52,577 - Step 00620: -11.9136 E_h, exp. variance=427.5677 E_h^2, pmove=0.02
2026-05-28 18:11:52,793 - Step 00621: -5.8408 E_h, exp. variance=438.3696 E_h^2, pmove=0.02
2026-05-28 18:11:53,008 - Step 00622: -17.4483 E_h, exp. variance=495.9135 E_h^2, pmove=0.02
2026-05-28 18:11:53,223 - Step 00623: 3.9396 E_h, exp. variance=453.3210 E_h^2, pmove=0.02
2026-05-28 18:11:53,438 - Step 00624: -2.0422 E_h, exp. variance=425.4240 E_h^2, pmove=0.02
2026-05-28 18:11:53,653 - Step 00625: -13.1562 E_h, exp. variance=433.1808 E_h^2, pmove=0.02
2026-05-28 18:11:53,869 - Step 00626: -36.8715 E_h, exp. variance=572.0461 E_h^2, pmove=0.02
2026-05-28 18:11:54,084 - Step 00627: -31.4569 E_h, exp. variance=625.5838 E_h^2, pmove=0.02
2026-05-28 18:11:54,300 - Step 00628: -33.3022 E_h, exp. variance=663.5195 E_h^2, pmove=0.02
2026-05-28 18:11:54,515 - Step 00629: -39.2746 E_h, exp. variance=714.1080 E_h^2, pmove=0.02
2026-05-28 18:11:54,731 - Step 00630: -50.3279 E_h, exp. variance=812.9611 E_h^2, pmove=0.02
2026-05-28 18:11:54,946 - Step 00631: -29.4684 E_h, exp. variance=761.7592 E_h^2, pmove=0.02
2026-05-28 18:11:55,162 - Step 00632: -18.3286 E_h, exp. variance=688.1282 E_h^2, pmove=0.02
2026-05-28 18:11:55,376 - Step 00633: -27.6764 E_h, exp. variance=637.2938 E_h^2, pmove=0.02
2026-05-28 18:11:55,593 - Step 00634: -30.0774 E_h, exp. variance=594.1432 E_h^2, pmove=0.02
2026-05-28 18:11:55,808 - Step 00635: -25.5666 E_h, exp. variance=542.1793 E_h^2, pmove=0.02
2026-05-28 18:11:56,023 - Step 00636: -25.8411 E_h, exp. variance=494.4073 E_h^2, pmove=0.02
2026-05-28 18:11:56,238 - Step 00637: -19.0312 E_h, exp. variance=445.0251 E_h^2, pmove=0.02
2026-05-28 18:11:56,453 - Step 00638: -25.0486 E_h, exp. variance=404.6155 E_h^2, pmove=0.02
2026-05-28 18:11:56,668 - Step 00639: -33.2221 E_h, exp. variance=382.4108 E_h^2, pmove=0.02
2026-05-28 18:11:56,884 - Step 00640: -32.8817 E_h, exp. variance=358.1828 E_h^2, pmove=0.02
2026-05-28 18:11:57,100 - Step 00641: -52.3955 E_h, exp. variance=407.4320 E_h^2, pmove=0.02
2026-05-28 18:11:57,316 - Step 00642: -53.6421 E_h, exp. variance=441.9421 E_h^2, pmove=0.02
2026-05-28 18:11:57,531 - Step 00643: -56.1383 E_h, exp. variance=470.9570 E_h^2, pmove=0.02
2026-05-28 18:11:57,747 - Step 00644: -36.2451 E_h, exp. variance=426.8633 E_h^2, pmove=0.02
2026-05-28 18:11:57,964 - Step 00645: -22.1736 E_h, exp. variance=391.2636 E_h^2, pmove=0.02
2026-05-28 18:11:58,180 - Step 00646: -25.6306 E_h, exp. variance=353.9835 E_h^2, pmove=0.02
2026-05-28 18:11:58,395 - Step 00647: -45.7781 E_h, exp. variance=341.8306 E_h^2, pmove=0.02
2026-05-28 18:11:58,611 - Step 00648: -53.3567 E_h, exp. variance=351.3768 E_h^2, pmove=0.02
2026-05-28 18:11:58,827 - Step 00649: -75.5772 E_h, exp. variance=475.4454 E_h^2, pmove=0.02
2026-05-28 18:11:59,043 - Step 00650: -88.3476 E_h, exp. variance=658.5474 E_h^2, pmove=0.02
2026-05-28 18:11:59,258 - Step 00651: -98.5131 E_h, exp. variance=872.1839 E_h^2, pmove=0.01
2026-05-28 18:11:59,473 - Step 00652: -88.1945 E_h, exp. variance=927.7821 E_h^2, pmove=0.01
2026-05-28 18:11:59,688 - Step 00653: -81.2847 E_h, exp. variance=910.3916 E_h^2, pmove=0.01
2026-05-28 18:11:59,904 - Step 00654: -83.2035 E_h, exp. variance=889.7443 E_h^2, pmove=0.01
2026-05-28 18:12:00,119 - Step 00655: -85.4908 E_h, exp. variance=868.6209 E_h^2, pmove=0.01
2026-05-28 18:12:00,334 - Step 00656: -87.1488 E_h, exp. variance=844.3407 E_h^2, pmove=0.01
2026-05-28 18:12:00,549 - Step 00657: -96.1506 E_h, exp. variance=856.3453 E_h^2, pmove=0.01
2026-05-28 18:12:00,764 - Step 00658: -100.1309 E_h, exp. variance=871.3589 E_h^2, pmove=0.01
2026-05-28 18:12:00,979 - Step 00659: -110.6229 E_h, exp. variance=932.4961 E_h^2, pmove=0.01
2026-05-28 18:12:01,194 - Step 00660: -104.7526 E_h, exp. variance=923.8490 E_h^2, pmove=0.02
2026-05-28 18:12:01,409 - Step 00661: -92.5591 E_h, exp. variance=852.8096 E_h^2, pmove=0.02
2026-05-28 18:12:01,624 - Step 00662: -88.3810 E_h, exp. variance=775.9658 E_h^2, pmove=0.02
2026-05-28 18:12:01,839 - Step 00663: -77.5855 E_h, exp. variance=698.7591 E_h^2, pmove=0.02
2026-05-28 18:12:02,054 - Step 00664: -66.3883 E_h, exp. variance=644.2586 E_h^2, pmove=0.02
2026-05-28 18:12:02,269 - Step 00665: -79.5098 E_h, exp. variance=579.9987 E_h^2, pmove=0.02
2026-05-28 18:12:02,484 - Step 00666: -85.9307 E_h, exp. variance=527.2563 E_h^2, pmove=0.02
2026-05-28 18:12:02,698 - Step 00667: -105.0005 E_h, exp. variance=535.1307 E_h^2, pmove=0.02
2026-05-28 18:12:02,914 - Step 00668: -111.9924 E_h, exp. variance=564.4949 E_h^2, pmove=0.01
2026-05-28 18:12:03,129 - Step 00669: -112.5073 E_h, exp. variance=577.7313 E_h^2, pmove=0.01
2026-05-28 18:12:03,345 - Step 00670: -99.8176 E_h, exp. variance=533.6934 E_h^2, pmove=0.01
2026-05-28 18:12:03,560 - Step 00671: -87.7436 E_h, exp. variance=480.4062 E_h^2, pmove=0.01
2026-05-28 18:12:03,776 - Step 00672: -81.9549 E_h, exp. variance=436.3441 E_h^2, pmove=0.01
2026-05-28 18:12:03,991 - Step 00673: -93.6607 E_h, exp. variance=395.6563 E_h^2, pmove=0.01
2026-05-28 18:12:04,206 - Step 00674: -102.1767 E_h, exp. variance=372.8983 E_h^2, pmove=0.01
2026-05-28 18:12:04,421 - Step 00675: -105.7449 E_h, exp. variance=358.2679 E_h^2, pmove=0.01
2026-05-28 18:12:04,636 - Step 00676: -107.9687 E_h, exp. variance=346.9567 E_h^2, pmove=0.01
2026-05-28 18:12:04,851 - Step 00677: -108.6009 E_h, exp. variance=333.8450 E_h^2, pmove=0.01
2026-05-28 18:12:05,066 - Step 00678: -105.7642 E_h, exp. variance=311.5511 E_h^2, pmove=0.01
2026-05-28 18:12:05,280 - Step 00679: -106.1241 E_h, exp. variance=290.0382 E_h^2, pmove=0.01
2026-05-28 18:12:05,496 - Step 00680: -110.5124 E_h, exp. variance=277.9360 E_h^2, pmove=0.01
2026-05-28 18:12:05,711 - Step 00681: -110.7522 E_h, exp. variance=264.3703 E_h^2, pmove=0.01
2026-05-28 18:12:05,926 - Step 00682: -121.6701 E_h, exp. variance=282.4243 E_h^2, pmove=0.01
2026-05-28 18:12:06,141 - Step 00683: -117.3824 E_h, exp. variance=276.4304 E_h^2, pmove=0.01
2026-05-28 18:12:06,357 - Step 00684: -121.2189 E_h, exp. variance=277.9054 E_h^2, pmove=0.01
2026-05-28 18:12:06,573 - Step 00685: -130.3731 E_h, exp. variance=307.9166 E_h^2, pmove=0.01
2026-05-28 18:12:06,788 - Step 00686: -132.8553 E_h, exp. variance=334.6895 E_h^2, pmove=0.01
2026-05-28 18:12:07,003 - Step 00687: -136.1422 E_h, exp. variance=362.2868 E_h^2, pmove=0.01
2026-05-28 18:12:07,218 - Step 00688: -141.9005 E_h, exp. variance=402.8048 E_h^2, pmove=0.01
2026-05-28 18:12:07,433 - Step 00689: -159.9636 E_h, exp. variance=539.5051 E_h^2, pmove=0.01
2026-05-28 18:12:07,649 - Step 00690: -156.4559 E_h, exp. variance=604.8174 E_h^2, pmove=0.01
2026-05-28 18:12:07,864 - Step 00691: -159.2625 E_h, exp. variance=658.1987 E_h^2, pmove=0.01
2026-05-28 18:12:08,080 - Step 00692: -151.0278 E_h, exp. variance=643.2612 E_h^2, pmove=0.01
2026-05-28 18:12:08,295 - Step 00693: -130.6575 E_h, exp. variance=579.0305 E_h^2, pmove=0.01
2026-05-28 18:12:08,511 - Step 00694: -108.9956 E_h, exp. variance=559.8242 E_h^2, pmove=0.01
2026-05-28 18:12:08,726 - Step 00695: -104.2767 E_h, exp. variance=553.0419 E_h^2, pmove=0.02
2026-05-28 18:12:08,943 - Step 00696: -120.2560 E_h, exp. variance=500.0452 E_h^2, pmove=0.01
2026-05-28 18:12:09,158 - Step 00697: -121.7815 E_h, exp. variance=450.8679 E_h^2, pmove=0.01
2026-05-28 18:12:09,374 - Step 00698: -134.2971 E_h, exp. variance=414.4019 E_h^2, pmove=0.01
2026-05-28 18:12:09,589 - Step 00699: -130.6091 E_h, exp. variance=375.3214 E_h^2, pmove=0.01
2026-05-28 18:12:09,804 - Step 00700: -126.1119 E_h, exp. variance=337.7904 E_h^2, pmove=0.01
2026-05-28 18:12:10,019 - Step 00701: -113.7379 E_h, exp. variance=317.5699 E_h^2, pmove=0.01
2026-05-28 18:12:10,235 - Step 00702: -123.1128 E_h, exp. variance=286.0644 E_h^2, pmove=0.01
2026-05-28 18:12:10,450 - Step 00703: -141.5307 E_h, exp. variance=283.2036 E_h^2, pmove=0.01
2026-05-28 18:12:10,665 - Step 00704: -151.6557 E_h, exp. variance=312.7056 E_h^2, pmove=0.01
2026-05-28 18:12:10,881 - Step 00705: -147.0914 E_h, exp. variance=311.4041 E_h^2, pmove=0.01
2026-05-28 18:12:11,096 - Step 00706: -140.8046 E_h, exp. variance=289.5110 E_h^2, pmove=0.01
2026-05-28 18:12:11,312 - Step 00707: -125.5910 E_h, exp. variance=263.8987 E_h^2, pmove=0.01
2026-05-28 18:12:11,528 - Step 00708: -121.9002 E_h, exp. variance=245.0810 E_h^2, pmove=0.01
2026-05-28 18:12:11,743 - Step 00709: -129.3415 E_h, exp. variance=220.6325 E_h^2, pmove=0.01
2026-05-28 18:12:11,959 - Step 00710: -147.4508 E_h, exp. variance=225.7448 E_h^2, pmove=0.01
2026-05-28 18:12:12,174 - Step 00711: -145.4002 E_h, exp. variance=219.7884 E_h^2, pmove=0.01
2026-05-28 18:12:12,389 - Step 00712: -160.5509 E_h, exp. variance=265.2810 E_h^2, pmove=0.01
2026-05-28 18:12:12,604 - Step 00713: -154.9348 E_h, exp. variance=271.3324 E_h^2, pmove=0.01
2026-05-28 18:12:12,820 - Step 00714: -154.2263 E_h, exp. variance=268.4499 E_h^2, pmove=0.01
2026-05-28 18:12:13,035 - Step 00715: -147.5693 E_h, exp. variance=247.5341 E_h^2, pmove=0.01
2026-05-28 18:12:13,251 - Step 00716: -155.7686 E_h, exp. variance=244.4150 E_h^2, pmove=0.01
2026-05-28 18:12:13,466 - Step 00717: -162.2668 E_h, exp. variance=257.6189 E_h^2, pmove=0.01
2026-05-28 18:12:13,681 - Step 00718: -153.0065 E_h, exp. variance=239.3863 E_h^2, pmove=0.01
2026-05-28 18:12:13,897 - Step 00719: -158.5101 E_h, exp. variance=232.4273 E_h^2, pmove=0.01
2026-05-28 18:12:14,113 - Step 00720: -141.5276 E_h, exp. variance=211.1061 E_h^2, pmove=0.01
2026-05-28 18:12:14,328 - Step 00721: -140.7088 E_h, exp. variance=192.2251 E_h^2, pmove=0.01
2026-05-28 18:12:14,543 - Step 00722: -139.5059 E_h, exp. variance=175.9088 E_h^2, pmove=0.01
2026-05-28 18:12:14,758 - Step 00723: -125.3256 E_h, exp. variance=191.8232 E_h^2, pmove=0.01
2026-05-28 18:12:14,974 - Step 00724: -127.7556 E_h, exp. variance=192.7159 E_h^2, pmove=0.01
2026-05-28 18:12:15,189 - Step 00725: -150.6926 E_h, exp. variance=181.5589 E_h^2, pmove=0.01
2026-05-28 18:12:15,404 - Step 00726: -168.5348 E_h, exp. variance=226.0725 E_h^2, pmove=0.01
2026-05-28 18:12:15,620 - Step 00727: -179.6385 E_h, exp. variance=312.7905 E_h^2, pmove=0.01
2026-05-28 18:12:15,835 - Step 00728: -168.5193 E_h, exp. variance=318.4114 E_h^2, pmove=0.01
2026-05-28 18:12:16,051 - Step 00729: -151.9192 E_h, exp. variance=286.8075 E_h^2, pmove=0.01
2026-05-28 18:12:16,266 - Step 00730: -153.7275 E_h, exp. variance=259.0888 E_h^2, pmove=0.01
2026-05-28 18:12:16,482 - Step 00731: -156.5331 E_h, exp. variance=236.1536 E_h^2, pmove=0.01
2026-05-28 18:12:16,697 - Step 00732: -155.7806 E_h, exp. variance=214.2971 E_h^2, pmove=0.01
2026-05-28 18:12:16,912 - Step 00733: -168.6057 E_h, exp. variance=218.2806 E_h^2, pmove=0.01
2026-05-28 18:12:17,128 - Step 00734: -169.2884 E_h, exp. variance=218.9375 E_h^2, pmove=0.01
2026-05-28 18:12:17,344 - Step 00735: -165.8104 E_h, exp. variance=207.4395 E_h^2, pmove=0.01
2026-05-28 18:12:17,559 - Step 00736: -152.8138 E_h, exp. variance=187.6898 E_h^2, pmove=0.01
2026-05-28 18:12:17,774 - Step 00737: -148.1309 E_h, exp. variance=174.2215 E_h^2, pmove=0.01
2026-05-28 18:12:17,989 - Step 00738: -152.1521 E_h, exp. variance=157.5488 E_h^2, pmove=0.01
2026-05-28 18:12:18,204 - Step 00739: -151.5198 E_h, exp. variance=142.7326 E_h^2, pmove=0.01
2026-05-28 18:12:18,420 - Step 00740: -172.4791 E_h, exp. variance=157.7906 E_h^2, pmove=0.01
2026-05-28 18:12:18,636 - Step 00741: -171.3130 E_h, exp. variance=162.4820 E_h^2, pmove=0.01
2026-05-28 18:12:18,851 - Step 00742: -174.7600 E_h, exp. variance=172.3060 E_h^2, pmove=0.01
2026-05-28 18:12:19,067 - Step 00743: -174.3704 E_h, exp. variance=175.1333 E_h^2, pmove=0.01
2026-05-28 18:12:19,282 - Step 00744: -171.3956 E_h, exp. variance=167.4688 E_h^2, pmove=0.01
2026-05-28 18:12:19,497 - Step 00745: -174.9488 E_h, exp. variance=165.8573 E_h^2, pmove=0.01
2026-05-28 18:12:19,712 - Step 00746: -183.1913 E_h, exp. variance=184.9618 E_h^2, pmove=0.01
2026-05-28 18:12:19,927 - Step 00747: -204.2702 E_h, exp. variance=303.3647 E_h^2, pmove=0.01
2026-05-28 18:12:20,143 - Step 00748: -208.9749 E_h, exp. variance=415.6339 E_h^2, pmove=0.01
2026-05-28 18:12:20,359 - Step 00749: -200.1545 E_h, exp. variance=439.7042 E_h^2, pmove=0.01
2026-05-28 18:12:20,574 - Step 00750: -200.8490 E_h, exp. variance=451.9788 E_h^2, pmove=0.01
2026-05-28 18:12:20,790 - Step 00751: -187.4551 E_h, exp. variance=414.2422 E_h^2, pmove=0.01
2026-05-28 18:12:21,005 - Step 00752: -195.5140 E_h, exp. variance=396.5937 E_h^2, pmove=0.01
2026-05-28 18:12:21,221 - Step 00753: -205.5528 E_h, exp. variance=411.6954 E_h^2, pmove=0.01
2026-05-28 18:12:21,437 - Step 00754: -211.4488 E_h, exp. variance=441.5719 E_h^2, pmove=0.01
2026-05-28 18:12:21,652 - Step 00755: -213.5355 E_h, exp. variance=464.8513 E_h^2, pmove=0.01
2026-05-28 18:12:21,867 - Step 00756: -206.3190 E_h, exp. variance=445.6756 E_h^2, pmove=0.01
2026-05-28 18:12:22,082 - Step 00757: -198.9363 E_h, exp. variance=407.3004 E_h^2, pmove=0.01
2026-05-28 18:12:22,297 - Step 00758: -178.3866 E_h, exp. variance=381.9783 E_h^2, pmove=0.01
2026-05-28 18:12:22,512 - Step 00759: -190.8079 E_h, exp. variance=343.8180 E_h^2, pmove=0.01
2026-05-28 18:12:22,728 - Step 00760: -191.3043 E_h, exp. variance=309.5406 E_h^2, pmove=0.01
2026-05-28 18:12:22,944 - Step 00761: -203.5266 E_h, exp. variance=294.2486 E_h^2, pmove=0.01
2026-05-28 18:12:23,160 - Step 00762: -211.0901 E_h, exp. variance=298.8223 E_h^2, pmove=0.01
2026-05-28 18:12:23,375 - Step 00763: -214.9903 E_h, exp. variance=310.1284 E_h^2, pmove=0.01
2026-05-28 18:12:23,591 - Step 00764: -211.7867 E_h, exp. variance=302.2993 E_h^2, pmove=0.01
2026-05-28 18:12:23,806 - Step 00765: -204.8452 E_h, exp. variance=277.1365 E_h^2, pmove=0.01
2026-05-28 18:12:24,023 - Step 00766: -190.0370 E_h, exp. variance=255.2625 E_h^2, pmove=0.01
2026-05-28 18:12:24,238 - Step 00767: -181.3531 E_h, exp. variance=252.5854 E_h^2, pmove=0.01
2026-05-28 18:12:24,453 - Step 00768: -177.1561 E_h, exp. variance=258.2535 E_h^2, pmove=0.01
2026-05-28 18:12:24,668 - Step 00769: -182.6866 E_h, exp. variance=243.6231 E_h^2, pmove=0.01
2026-05-28 18:12:24,883 - Step 00770: -189.4782 E_h, exp. variance=220.2091 E_h^2, pmove=0.01
2026-05-28 18:12:25,099 - Step 00771: -200.7397 E_h, exp. variance=204.4482 E_h^2, pmove=0.01
2026-05-28 18:12:25,314 - Step 00772: -216.9113 E_h, exp. variance=234.4602 E_h^2, pmove=0.01
2026-05-28 18:12:25,530 - Step 00773: -216.5761 E_h, exp. variance=250.6085 E_h^2, pmove=0.01
2026-05-28 18:12:25,745 - Step 00774: -223.3789 E_h, exp. variance=284.8994 E_h^2, pmove=0.01
2026-05-28 18:12:25,960 - Step 00775: -221.5667 E_h, exp. variance=297.2407 E_h^2, pmove=0.01
2026-05-28 18:12:26,176 - Step 00776: -222.3070 E_h, exp. variance=303.1938 E_h^2, pmove=0.01
2026-05-28 18:12:26,392 - Step 00777: -235.7895 E_h, exp. variance=361.6197 E_h^2, pmove=0.01
2026-05-28 18:12:26,607 - Step 00778: -226.5256 E_h, exp. variance=357.9393 E_h^2, pmove=0.01
2026-05-28 18:12:26,822 - Step 00779: -226.0056 E_h, exp. variance=346.8795 E_h^2, pmove=0.01
2026-05-28 18:12:27,038 - Step 00780: -212.3752 E_h, exp. variance=312.3413 E_h^2, pmove=0.01
2026-05-28 18:12:27,254 - Step 00781: -228.0531 E_h, exp. variance=306.6255 E_h^2, pmove=0.01
2026-05-28 18:12:27,255 - Saving checkpoint results/bilayer-bosons/BosonNet/N14_layers7_7_rs1.0_d0.5_D20.0_sq/qmcjax_ckpt_000781.npz
2026-05-28 18:12:27,512 - Step 00782: -227.1508 E_h, exp. variance=294.2446 E_h^2, pmove=0.01
2026-05-28 18:12:27,727 - Step 00783: -232.6258 E_h, exp. variance=294.9675 E_h^2, pmove=0.01
2026-05-28 18:12:27,943 - Step 00784: -230.6872 E_h, exp. variance=284.4805 E_h^2, pmove=0.01
2026-05-28 18:12:28,158 - Step 00785: -227.7908 E_h, exp. variance=265.3659 E_h^2, pmove=0.01
2026-05-28 18:12:28,373 - Step 00786: -229.6158 E_h, exp. variance=249.7000 E_h^2, pmove=0.01
2026-05-28 18:12:28,587 - Step 00787: -230.9115 E_h, exp. variance=235.9932 E_h^2, pmove=0.01
2026-05-28 18:12:28,802 - Step 00788: -246.2325 E_h, exp. variance=270.4091 E_h^2, pmove=0.01
2026-05-28 18:12:29,018 - Step 00789: -242.4656 E_h, exp. variance=276.1441 E_h^2, pmove=0.01
2026-05-28 18:12:29,233 - Step 00790: -236.4088 E_h, exp. variance=259.6552 E_h^2, pmove=0.01
2026-05-28 18:12:29,449 - Step 00791: -233.7998 E_h, exp. variance=238.6146 E_h^2, pmove=0.01
2026-05-28 18:12:29,664 - Step 00792: -224.6661 E_h, exp. variance=215.3049 E_h^2, pmove=0.01
2026-05-28 18:12:29,880 - Step 00793: -235.7703 E_h, exp. variance=200.8646 E_h^2, pmove=0.01
2026-05-28 18:12:30,095 - Step 00794: -240.4092 E_h, exp. variance=195.1282 E_h^2, pmove=0.01
2026-05-28 18:12:30,311 - Step 00795: -244.0949 E_h, exp. variance=196.0008 E_h^2, pmove=0.01
2026-05-28 18:12:30,526 - Step 00796: -261.7777 E_h, exp. variance=264.1671 E_h^2, pmove=0.01
2026-05-28 18:12:30,742 - Step 00797: -267.4366 E_h, exp. variance=340.3509 E_h^2, pmove=0.01
2026-05-28 18:12:30,957 - Step 00798: -268.3874 E_h, exp. variance=394.7044 E_h^2, pmove=0.01
2026-05-28 18:12:31,173 - Step 00799: -270.2708 E_h, exp. variance=436.7095 E_h^2, pmove=0.01
2026-05-28 18:12:31,388 - Step 00800: -265.3802 E_h, exp. variance=437.3488 E_h^2, pmove=0.01
2026-05-28 18:12:31,604 - Step 00801: -263.8765 E_h, exp. variance=424.3035 E_h^2, pmove=0.01
2026-05-28 18:12:31,819 - Step 00802: -247.6013 E_h, exp. variance=381.8838 E_h^2, pmove=0.01
2026-05-28 18:12:32,035 - Step 00803: -248.0640 E_h, exp. variance=343.7491 E_h^2, pmove=0.01
2026-05-28 18:12:32,250 - Step 00804: -245.1609 E_h, exp. variance=309.8129 E_h^2, pmove=0.01
2026-05-28 18:12:32,466 - Step 00805: -256.1462 E_h, exp. variance=286.1188 E_h^2, pmove=0.01
2026-05-28 18:12:32,681 - Step 00806: -274.1549 E_h, exp. variance=318.8494 E_h^2, pmove=0.01
2026-05-28 18:12:32,896 - Step 00807: -281.1755 E_h, exp. variance=370.7803 E_h^2, pmove=0.01
2026-05-28 18:12:33,112 - Step 00808: -274.9775 E_h, exp. variance=374.4090 E_h^2, pmove=0.01
2026-05-28 18:12:33,328 - Step 00809: -268.3083 E_h, exp. variance=350.9662 E_h^2, pmove=0.01
2026-05-28 18:12:33,543 - Step 00810: -254.5792 E_h, exp. variance=316.4343 E_h^2, pmove=0.01
2026-05-28 18:12:33,758 - Step 00811: -234.0627 E_h, exp. variance=331.4570 E_h^2, pmove=0.01
2026-05-28 18:12:33,974 - Step 00812: -235.4754 E_h, exp. variance=331.0792 E_h^2, pmove=0.01
2026-05-28 18:12:34,190 - Step 00813: -226.3862 E_h, exp. variance=360.0444 E_h^2, pmove=0.01
2026-05-28 18:12:34,405 - Step 00814: -232.4905 E_h, exp. variance=351.7023 E_h^2, pmove=0.01
2026-05-28 18:12:34,621 - Step 00815: -244.0589 E_h, exp. variance=318.1273 E_h^2, pmove=0.01
2026-05-28 18:12:34,836 - Step 00816: -264.0662 E_h, exp. variance=309.9874 E_h^2, pmove=0.01
2026-05-28 18:12:35,051 - Step 00817: -268.9445 E_h, exp. variance=313.1222 E_h^2, pmove=0.01
2026-05-28 18:12:35,266 - Step 00818: -270.0315 E_h, exp. variance=312.9940 E_h^2, pmove=0.01
2026-05-28 18:12:35,481 - Step 00819: -270.3359 E_h, exp. variance=307.8800 E_h^2, pmove=0.01
2026-05-28 18:12:35,696 - Step 00820: -267.7640 E_h, exp. variance=291.7905 E_h^2, pmove=0.01
2026-05-28 18:12:35,912 - Step 00821: -258.8856 E_h, exp. variance=263.2308 E_h^2, pmove=0.01
2026-05-28 18:12:36,127 - Step 00822: -253.0268 E_h, exp. variance=238.0089 E_h^2, pmove=0.01
2026-05-28 18:12:36,343 - Step 00823: -252.3543 E_h, exp. variance=215.5217 E_h^2, pmove=0.01
2026-05-28 18:12:36,558 - Step 00824: -258.1379 E_h, exp. variance=194.4645 E_h^2, pmove=0.01
2026-05-28 18:12:36,774 - Step 00825: -270.8582 E_h, exp. variance=194.8139 E_h^2, pmove=0.01
2026-05-28 18:12:36,989 - Step 00826: -282.3242 E_h, exp. variance=230.7472 E_h^2, pmove=0.01
2026-05-28 18:12:37,204 - Step 00827: -297.6559 E_h, exp. variance=335.3451 E_h^2, pmove=0.01
2026-05-28 18:12:37,420 - Step 00828: -298.2065 E_h, exp. variance=408.6121 E_h^2, pmove=0.01
2026-05-28 18:12:37,636 - Step 00829: -284.2925 E_h, exp. variance=394.0353 E_h^2, pmove=0.01
2026-05-28 18:12:37,851 - Step 00830: -274.5016 E_h, exp. variance=357.4436 E_h^2, pmove=0.01
2026-05-28 18:12:38,066 - Step 00831: -267.9041 E_h, exp. variance=321.9202 E_h^2, pmove=0.01
2026-05-28 18:12:38,283 - Step 00832: -260.1116 E_h, exp. variance=297.3503 E_h^2, pmove=0.01
2026-05-28 18:12:38,499 - Step 00833: -257.9672 E_h, exp. variance=277.3999 E_h^2, pmove=0.01
2026-05-28 18:12:38,715 - Step 00834: -265.9897 E_h, exp. variance=249.8268 E_h^2, pmove=0.01
2026-05-28 18:12:38,930 - Step 00835: -277.9733 E_h, exp. variance=235.2605 E_h^2, pmove=0.01
2026-05-28 18:12:39,146 - Step 00836: -297.7449 E_h, exp. variance=289.8123 E_h^2, pmove=0.01
2026-05-28 18:12:39,361 - Step 00837: -290.5906 E_h, exp. variance=294.5436 E_h^2, pmove=0.01
2026-05-28 18:12:39,577 - Step 00838: -282.1103 E_h, exp. variance=272.2799 E_h^2, pmove=0.01
2026-05-28 18:12:39,792 - Step 00839: -274.8740 E_h, exp. variance=245.1107 E_h^2, pmove=0.00
2026-05-28 18:12:40,007 - Step 00840: -268.5282 E_h, exp. variance=223.4406 E_h^2, pmove=0.01
2026-05-28 18:12:40,223 - Step 00841: -271.3204 E_h, exp. variance=201.5579 E_h^2, pmove=0.01
2026-05-28 18:12:40,438 - Step 00842: -278.3498 E_h, exp. variance=183.6445 E_h^2, pmove=0.01
2026-05-28 18:12:40,653 - Step 00843: -287.8396 E_h, exp. variance=182.8751 E_h^2, pmove=0.01
2026-05-28 18:12:40,868 - Step 00844: -290.0135 E_h, exp. variance=184.1890 E_h^2, pmove=0.01
2026-05-28 18:12:41,084 - Step 00845: -290.8477 E_h, exp. variance=183.7045 E_h^2, pmove=0.01
2026-05-28 18:12:41,299 - Step 00846: -287.3162 E_h, exp. variance=172.9072 E_h^2, pmove=0.01
2026-05-28 18:12:41,514 - Step 00847: -287.4539 E_h, exp. variance=161.9571 E_h^2, pmove=0.01
2026-05-28 18:12:41,730 - Step 00848: -286.2129 E_h, exp. variance=149.3484 E_h^2, pmove=0.01
2026-05-28 18:12:41,946 - Step 00849: -276.5073 E_h, exp. variance=135.8708 E_h^2, pmove=0.01
2026-05-28 18:12:42,162 - Step 00850: -293.7463 E_h, exp. variance=138.9732 E_h^2, pmove=0.01
2026-05-28 18:12:42,378 - Step 00851: -296.6241 E_h, exp. variance=145.6886 E_h^2, pmove=0.01
2026-05-28 18:12:42,593 - Step 00852: -298.1789 E_h, exp. variance=151.8453 E_h^2, pmove=0.01
2026-05-28 18:12:42,808 - Step 00853: -295.7159 E_h, exp. variance=147.9395 E_h^2, pmove=0.01
2026-05-28 18:12:43,023 - Step 00854: -293.4167 E_h, exp. variance=138.5874 E_h^2, pmove=0.01
2026-05-28 18:12:43,238 - Step 00855: -290.8339 E_h, exp. variance=126.4834 E_h^2, pmove=0.01
2026-05-28 18:12:43,453 - Step 00856: -282.4594 E_h, exp. variance=115.5778 E_h^2, pmove=0.01
2026-05-28 18:12:43,669 - Step 00857: -294.3120 E_h, exp. variance=109.6258 E_h^2, pmove=0.00
2026-05-28 18:12:43,884 - Step 00858: -304.3051 E_h, exp. variance=124.9679 E_h^2, pmove=0.01
2026-05-28 18:12:44,100 - Step 00859: -320.0713 E_h, exp. variance=199.8148 E_h^2, pmove=0.01
2026-05-28 18:12:44,315 - Step 00860: -319.8747 E_h, exp. variance=249.5932 E_h^2, pmove=0.01
2026-05-28 18:12:44,530 - Step 00861: -327.1806 E_h, exp. variance=318.8942 E_h^2, pmove=0.01
2026-05-28 18:12:44,745 - Step 00862: -325.3190 E_h, exp. variance=353.9075 E_h^2, pmove=0.01
2026-05-28 18:12:44,960 - Step 00863: -317.1835 E_h, exp. variance=342.7314 E_h^2, pmove=0.01
2026-05-28 18:12:45,175 - Step 00864: -310.4255 E_h, exp. variance=314.2246 E_h^2, pmove=0.01
2026-05-28 18:12:45,391 - Step 00865: -291.7828 E_h, exp. variance=294.5781 E_h^2, pmove=0.01
2026-05-28 18:12:45,606 - Step 00866: -291.3683 E_h, exp. variance=275.4423 E_h^2, pmove=0.01
2026-05-28 18:12:45,821 - Step 00867: -269.3411 E_h, exp. variance=338.1421 E_h^2, pmove=0.01
2026-05-28 18:12:46,035 - Step 00868: -250.4527 E_h, exp. variance=506.4292 E_h^2, pmove=0.01
2026-05-28 18:12:46,250 - Step 00869: -240.5127 E_h, exp. variance=704.6879 E_h^2, pmove=0.01
2026-05-28 18:12:46,465 - Step 00870: -232.3769 E_h, exp. variance=911.0981 E_h^2, pmove=0.01
2026-05-28 18:12:46,680 - Step 00871: -239.1651 E_h, exp. variance=987.4125 E_h^2, pmove=0.01
2026-05-28 18:12:46,895 - Step 00872: -250.9461 E_h, exp. variance=954.4598 E_h^2, pmove=0.01
2026-05-28 18:12:47,111 - Step 00873: -266.2071 E_h, exp. variance=866.4211 E_h^2, pmove=0.01
2026-05-28 18:12:47,326 - Step 00874: -269.2231 E_h, exp. variance=782.1650 E_h^2, pmove=0.01
2026-05-28 18:12:47,541 - Step 00875: -268.6291 E_h, exp. variance=706.4084 E_h^2, pmove=0.01
2026-05-28 18:12:47,756 - Step 00876: -276.0490 E_h, exp. variance=636.4308 E_h^2, pmove=0.01
2026-05-28 18:12:47,971 - Step 00877: -280.7767 E_h, exp. variance=577.4158 E_h^2, pmove=0.01
2026-05-28 18:12:48,186 - Step 00878: -297.9794 E_h, exp. variance=570.0408 E_h^2, pmove=0.01
2026-05-28 18:12:48,402 - Step 00879: -307.0927 E_h, exp. variance=596.2336 E_h^2, pmove=0.01
2026-05-28 18:12:48,617 - Step 00880: -306.9760 E_h, exp. variance=603.4265 E_h^2, pmove=0.01
2026-05-28 18:12:48,833 - Step 00881: -311.5514 E_h, exp. variance=619.2850 E_h^2, pmove=0.01
2026-05-28 18:12:49,048 - Step 00882: -304.4975 E_h, exp. variance=590.3067 E_h^2, pmove=0.01
2026-05-28 18:12:49,264 - Step 00883: -298.5845 E_h, exp. variance=542.7838 E_h^2, pmove=0.01
2026-05-28 18:12:49,479 - Step 00884: -297.4407 E_h, exp. variance=495.8491 E_h^2, pmove=0.01
2026-05-28 18:12:49,693 - Step 00885: -313.2328 E_h, exp. variance=497.7672 E_h^2, pmove=0.01
2026-05-28 18:12:49,908 - Step 00886: -323.6519 E_h, exp. variance=539.8557 E_h^2, pmove=0.01
2026-05-28 18:12:50,123 - Step 00887: -333.3814 E_h, exp. variance=619.1578 E_h^2, pmove=0.01
2026-05-28 18:12:50,339 - Step 00888: -324.6661 E_h, exp. variance=617.7072 E_h^2, pmove=0.01
2026-05-28 18:12:50,554 - Step 00889: -319.2396 E_h, exp. variance=584.7774 E_h^2, pmove=0.01
2026-05-28 18:12:50,770 - Step 00890: -310.4196 E_h, exp. variance=531.0841 E_h^2, pmove=0.01
2026-05-28 18:12:50,985 - Step 00891: -303.4397 E_h, exp. variance=477.9914 E_h^2, pmove=0.01
2026-05-28 18:12:51,200 - Step 00892: -303.2814 E_h, exp. variance=430.2180 E_h^2, pmove=0.01
2026-05-28 18:12:51,415 - Step 00893: -308.1682 E_h, exp. variance=388.9432 E_h^2, pmove=0.01
2026-05-28 18:12:51,630 - Step 00894: -317.6605 E_h, exp. variance=366.3485 E_h^2, pmove=0.01
2026-05-28 18:12:51,846 - Step 00895: -332.7237 E_h, exp. variance=396.1772 E_h^2, pmove=0.01
2026-05-28 18:12:52,062 - Step 00896: -340.7966 E_h, exp. variance=451.8002 E_h^2, pmove=0.01
2026-05-28 18:12:52,277 - Step 00897: -340.6839 E_h, exp. variance=483.1721 E_h^2, pmove=0.01
2026-05-28 18:12:52,492 - Step 00898: -334.9350 E_h, exp. variance=472.6749 E_h^2, pmove=0.01
2026-05-28 18:12:52,707 - Step 00899: -333.9228 E_h, exp. variance=452.7724 E_h^2, pmove=0.01
2026-05-28 18:12:52,922 - Step 00900: -326.4283 E_h, exp. variance=413.5452 E_h^2, pmove=0.01
2026-05-28 18:12:53,137 - Step 00901: -321.2516 E_h, exp. variance=372.6272 E_h^2, pmove=0.01
2026-05-28 18:12:53,352 - Step 00902: -316.9913 E_h, exp. variance=335.8315 E_h^2, pmove=0.01
2026-05-28 18:12:53,567 - Step 00903: -316.0563 E_h, exp. variance=303.0505 E_h^2, pmove=0.01
2026-05-28 18:12:53,783 - Step 00904: -320.0545 E_h, exp. variance=272.9002 E_h^2, pmove=0.01
2026-05-28 18:12:53,999 - Step 00905: -324.0894 E_h, exp. variance=248.0579 E_h^2, pmove=0.01
2026-05-28 18:12:54,215 - Step 00906: -333.5377 E_h, exp. variance=241.2515 E_h^2, pmove=0.01
2026-05-28 18:12:54,430 - Step 00907: -343.5601 E_h, exp. variance=263.7074 E_h^2, pmove=0.01
2026-05-28 18:12:54,645 - Step 00908: -352.5845 E_h, exp. variance=315.6565 E_h^2, pmove=0.01
2026-05-28 18:12:54,860 - Step 00909: -350.9547 E_h, exp. variance=339.9804 E_h^2, pmove=0.01
2026-05-28 18:12:55,076 - Step 00910: -351.9883 E_h, exp. variance=355.5217 E_h^2, pmove=0.01
2026-05-28 18:12:55,291 - Step 00911: -361.6044 E_h, exp. variance=404.9670 E_h^2, pmove=0.01
2026-05-28 18:12:55,506 - Step 00912: -363.7749 E_h, exp. variance=444.5481 E_h^2, pmove=0.01
2026-05-28 18:12:55,722 - Step 00913: -362.1392 E_h, exp. variance=457.2928 E_h^2, pmove=0.01
2026-05-28 18:12:55,937 - Step 00914: -358.5931 E_h, exp. variance=444.5446 E_h^2, pmove=0.01
2026-05-28 18:12:56,153 - Step 00915: -349.9764 E_h, exp. variance=406.7651 E_h^2, pmove=0.01
2026-05-28 18:12:56,368 - Step 00916: -342.0599 E_h, exp. variance=366.0911 E_h^2, pmove=0.01
2026-05-28 18:12:56,584 - Step 00917: -344.0267 E_h, exp. variance=329.7793 E_h^2, pmove=0.01
2026-05-28 18:12:56,799 - Step 00918: -345.9770 E_h, exp. variance=297.9589 E_h^2, pmove=0.01
2026-05-28 18:12:57,015 - Step 00919: -346.6759 E_h, exp. variance=269.5506 E_h^2, pmove=0.01
2026-05-28 18:12:57,230 - Step 00920: -353.5358 E_h, exp. variance=252.3182 E_h^2, pmove=0.01
2026-05-28 18:12:57,445 - Step 00921: -344.0119 E_h, exp. variance=227.0890 E_h^2, pmove=0.01
2026-05-28 18:12:57,660 - Step 00922: -339.8536 E_h, exp. variance=206.0526 E_h^2, pmove=0.01
2026-05-28 18:12:57,876 - Step 00923: -348.3573 E_h, exp. variance=187.3716 E_h^2, pmove=0.00
2026-05-28 18:12:58,092 - Step 00924: -346.2336 E_h, exp. variance=169.0082 E_h^2, pmove=0.01
2026-05-28 18:12:58,308 - Step 00925: -341.6030 E_h, exp. variance=152.8112 E_h^2, pmove=0.00
2026-05-28 18:12:58,523 - Step 00926: -341.6292 E_h, exp. variance=138.0884 E_h^2, pmove=0.01
2026-05-28 18:12:58,739 - Step 00927: -347.4822 E_h, exp. variance=125.4534 E_h^2, pmove=0.01
2026-05-28 18:12:58,954 - Step 00928: -343.9562 E_h, exp. variance=112.9149 E_h^2, pmove=0.01
2026-05-28 18:12:59,170 - Step 00929: -346.1522 E_h, exp. variance=101.9649 E_h^2, pmove=0.01
2026-05-28 18:12:59,385 - Step 00930: -339.8681 E_h, exp. variance=93.6162 E_h^2, pmove=0.01
2026-05-28 18:12:59,600 - Step 00931: -332.0876 E_h, exp. variance=96.9105 E_h^2, pmove=0.01
2026-05-28 18:12:59,816 - Step 00932: -333.2339 E_h, exp. variance=95.3869 E_h^2, pmove=0.01
2026-05-28 18:13:00,032 - Step 00933: -325.0366 E_h, exp. variance=111.1620 E_h^2, pmove=0.01
2026-05-28 18:13:00,247 - Step 00934: -326.2416 E_h, exp. variance=117.4069 E_h^2, pmove=0.01
2026-05-28 18:13:00,463 - Step 00935: -328.3105 E_h, exp. variance=115.4589 E_h^2, pmove=0.01
2026-05-28 18:13:00,678 - Step 00936: -335.1258 E_h, exp. variance=104.5087 E_h^2, pmove=0.01
2026-05-28 18:13:00,895 - Step 00937: -349.7269 E_h, exp. variance=107.6423 E_h^2, pmove=0.01
2026-05-28 18:13:01,110 - Step 00938: -357.2648 E_h, exp. variance=127.9977 E_h^2, pmove=0.01
2026-05-28 18:13:01,326 - Step 00939: -348.5928 E_h, exp. variance=121.0498 E_h^2, pmove=0.01
2026-05-28 18:13:01,541 - Step 00940: -346.8969 E_h, exp. variance=111.7282 E_h^2, pmove=0.00
2026-05-28 18:13:01,757 - Step 00941: -341.7914 E_h, exp. variance=100.5563 E_h^2, pmove=0.01
2026-05-28 18:13:01,972 - Step 00942: -344.0007 E_h, exp. variance=90.9048 E_h^2, pmove=0.01
2026-05-28 18:13:02,188 - Step 00943: -350.6505 E_h, exp. variance=88.4041 E_h^2, pmove=0.01
2026-05-28 18:13:02,403 - Step 00944: -352.0779 E_h, exp. variance=87.0635 E_h^2, pmove=0.01
2026-05-28 18:13:02,619 - Step 00945: -357.4204 E_h, exp. variance=94.9015 E_h^2, pmove=0.01
2026-05-28 18:13:02,834 - Step 00946: -363.8271 E_h, exp. variance=116.5784 E_h^2, pmove=0.00
2026-05-28 18:13:03,049 - Step 00947: -372.0393 E_h, exp. variance=160.9924 E_h^2, pmove=0.01
2026-05-28 18:13:03,264 - Step 00948: -381.2454 E_h, exp. variance=235.1649 E_h^2, pmove=0.01
2026-05-28 18:13:03,480 - Step 00949: -390.3214 E_h, exp. variance=338.7474 E_h^2, pmove=0.01
2026-05-28 18:13:03,695 - Step 00950: -396.0091 E_h, exp. variance=445.3603 E_h^2, pmove=0.01
2026-05-28 18:13:03,910 - Step 00951: -394.4245 E_h, exp. variance=504.7031 E_h^2, pmove=0.01
2026-05-28 18:13:04,125 - Step 00952: -387.6522 E_h, exp. variance=505.2292 E_h^2, pmove=0.01
2026-05-28 18:13:04,341 - Step 00953: -378.6599 E_h, exp. variance=468.6144 E_h^2, pmove=0.01
2026-05-28 18:13:04,556 - Step 00954: -365.3916 E_h, exp. variance=422.1424 E_h^2, pmove=0.01
2026-05-28 18:13:04,771 - Step 00955: -354.3813 E_h, exp. variance=394.8644 E_h^2, pmove=0.01
2026-05-28 18:13:04,986 - Step 00956: -346.3411 E_h, exp. variance=390.0740 E_h^2, pmove=0.01
2026-05-28 18:13:05,201 - Step 00957: -340.9827 E_h, exp. variance=398.7985 E_h^2, pmove=0.01
2026-05-28 18:13:05,417 - Step 00958: -333.4374 E_h, exp. variance=430.8546 E_h^2, pmove=0.01
2026-05-28 18:13:05,632 - Step 00959: -334.3693 E_h, exp. variance=441.8477 E_h^2, pmove=0.01
2026-05-28 18:13:05,847 - Step 00960: -320.7865 E_h, exp. variance=512.0086 E_h^2, pmove=0.01
2026-05-28 18:13:06,063 - Step 00961: -317.1700 E_h, exp. variance=575.4876 E_h^2, pmove=0.01
2026-05-28 18:13:06,279 - Step 00962: -316.3665 E_h, exp. variance=615.5347 E_h^2, pmove=0.01
2026-05-28 18:13:06,494 - Step 00963: -315.0438 E_h, exp. variance=640.2475 E_h^2, pmove=0.01
2026-05-28 18:13:06,710 - Step 00964: -312.4613 E_h, exp. variance=659.6510 E_h^2, pmove=0.01
2026-05-28 18:13:06,926 - Step 00965: -312.7632 E_h, exp. variance=659.7819 E_h^2, pmove=0.01
2026-05-28 18:13:07,141 - Step 00966: -316.2907 E_h, exp. variance=632.9750 E_h^2, pmove=0.01
2026-05-28 18:13:07,357 - Step 00967: -323.8170 E_h, exp. variance=581.0676 E_h^2, pmove=0.01
2026-05-28 18:13:07,572 - Step 00968: -331.8351 E_h, exp. variance=523.3602 E_h^2, pmove=0.01
2026-05-28 18:13:07,788 - Step 00969: -333.5240 E_h, exp. variance=471.0280 E_h^2, pmove=0.01
2026-05-28 18:13:08,003 - Step 00970: -333.6207 E_h, exp. variance=423.9259 E_h^2, pmove=0.01
2026-05-28 18:13:08,219 - Step 00971: -332.4849 E_h, exp. variance=381.6665 E_h^2, pmove=0.01
2026-05-28 18:13:08,434 - Step 00972: -327.9763 E_h, exp. variance=346.3257 E_h^2, pmove=0.01
2026-05-28 18:13:08,650 - Step 00973: -330.8412 E_h, exp. variance=312.1202 E_h^2, pmove=0.01
2026-05-28 18:13:08,865 - Step 00974: -333.9448 E_h, exp. variance=281.0258 E_h^2, pmove=0.01
2026-05-28 18:13:09,081 - Step 00975: -342.4225 E_h, exp. variance=261.0569 E_h^2, pmove=0.01
2026-05-28 18:13:09,296 - Step 00976: -354.6980 E_h, exp. variance=274.0067 E_h^2, pmove=0.01
2026-05-28 18:13:09,512 - Step 00977: -368.3707 E_h, exp. variance=341.2070 E_h^2, pmove=0.01
2026-05-28 18:13:09,727 - Step 00978: -378.9477 E_h, exp. variance=449.3340 E_h^2, pmove=0.01
2026-05-28 18:13:09,943 - Step 00979: -386.3092 E_h, exp. variance=571.9103 E_h^2, pmove=0.01
2026-05-28 18:13:10,159 - Step 00980: -394.4324 E_h, exp. variance=713.1133 E_h^2, pmove=0.01
2026-05-28 18:13:10,374 - Step 00981: -403.4213 E_h, exp. variance=878.1436 E_h^2, pmove=0.00
2026-05-28 18:13:10,590 - Step 00982: -412.4335 E_h, exp. variance=1063.8917 E_h^2, pmove=0.01
2026-05-28 18:13:10,806 - Step 00983: -417.6133 E_h, exp. variance=1227.7653 E_h^2, pmove=0.00
2026-05-28 18:13:11,021 - Step 00984: -421.7897 E_h, exp. variance=1362.5471 E_h^2, pmove=0.00
2026-05-28 18:13:11,236 - Step 00985: -426.9791 E_h, exp. variance=1482.3109 E_h^2, pmove=0.00
2026-05-28 18:13:11,452 - Step 00986: -439.0840 E_h, exp. variance=1659.2334 E_h^2, pmove=0.00
2026-05-28 18:13:11,667 - Step 00987: -447.7847 E_h, exp. variance=1848.2185 E_h^2, pmove=0.01
2026-05-28 18:13:11,882 - Step 00988: -444.3593 E_h, exp. variance=1917.0817 E_h^2, pmove=0.01
2026-05-28 18:13:12,098 - Step 00989: -444.5552 E_h, exp. variance=1932.5469 E_h^2, pmove=0.01
2026-05-28 18:13:12,313 - Step 00990: -449.8439 E_h, exp. variance=1950.7256 E_h^2, pmove=0.01
2026-05-28 18:13:12,528 - Step 00991: -442.2444 E_h, exp. variance=1872.4409 E_h^2, pmove=0.01
2026-05-28 18:13:12,743 - Step 00992: -433.5727 E_h, exp. variance=1735.9572 E_h^2, pmove=0.01
2026-05-28 18:13:12,959 - Step 00993: -422.1107 E_h, exp. variance=1571.2034 E_h^2, pmove=0.01
2026-05-28 18:13:13,174 - Step 00994: -411.2906 E_h, exp. variance=1414.4076 E_h^2, pmove=0.00
2026-05-28 18:13:13,390 - Step 00995: -400.5824 E_h, exp. variance=1286.8446 E_h^2, pmove=0.01
2026-05-28 18:13:13,605 - Step 00996: -397.4913 E_h, exp. variance=1176.4791 E_h^2, pmove=0.01
2026-05-28 18:13:13,821 - Step 00997: -385.4611 E_h, exp. variance=1114.4996 E_h^2, pmove=0.01
2026-05-28 18:13:14,035 - Step 00998: -386.8258 E_h, exp. variance=1042.8104 E_h^2, pmove=0.01
2026-05-28 18:13:14,251 - Step 00999: -393.6686 E_h, exp. variance=951.6498 E_h^2, pmove=0.01
2026-05-28 18:13:14,252 - Saving checkpoint results/bilayer-bosons/BosonNet/N14_layers7_7_rs1.0_d0.5_D20.0_sq/qmcjax_ckpt_000999.npz
2026-05-28 18:13:14,305 - Training completed after t [s] = 238
