2026-06-10 02:13:37,536 - JAX version: 0.10.1
2026-06-10 02:13:37,538 - jax_enable_x64: False
2026-06-10 02:13:37,538 - JAXlib version: 0.10.1
2026-06-10 02:13:37,538 - KFAC-JAX version: 0.0.8
2026-06-10 02:13:37,538 - Available devices: ['cuda:0']
2026-06-10 02:13:37,538 - Platform: gpu
2026-06-10 02:13:37,538 - Default precision: float32
2026-06-10 02:13:37,538 - Default matmul precision: float32
2026-06-10 02:13:37,538 - GPU information: ['Tesla V100-PCIE-32GB']
2026-06-10 02:13:37,538 - Python version: 3.13.13
2026-06-10 02:13:37,538 - System: Linux #20260508 SMP PREEMPT_DYNAMIC Fri May  8 11:20:56 EDT 2026
2026-06-10 02:13:37,538 - Processor: x86_64
2026-06-10 02:13:37,538 - Numpy version: 2.4.6
2026-06-10 02:13:37,538 - CUDA_VISIBLE_DEVICES: GPU-c20cbd1a-940b-24f3-a20e-ba894a063207
2026-06-10 02:13:37,538 - NVIDIA driver version: 580.126.09
580.126.09
2026-06-10 02:13:37,538 - GPU models: Tesla V100-PCIE-32GB, Tesla V100-PCIE-32GB
2026-06-10 02:13:37,547 - Starting QMC with 1 XLA devices per host across 1 hosts.
2026-06-10 02:13:40,765 - No checkpoint found. Training new model.
2026-06-10 02:13:43,027 - Unregularized parameters masking info (for curvature calculations and L2 regularization)
2026-06-10 02:13:43,028 -   Not masking out (DictKey(key='embed'), DictKey(key='b'))
2026-06-10 02:13:43,028 -   Not masking out (DictKey(key='embed'), DictKey(key='w'))
2026-06-10 02:13:43,028 -   Not masking out (DictKey(key='phi'), SequenceKey(idx=0), SequenceKey(idx=0), DictKey(key='b'))
2026-06-10 02:13:43,028 -   Not masking out (DictKey(key='phi'), SequenceKey(idx=0), SequenceKey(idx=0), DictKey(key='w'))
2026-06-10 02:13:43,028 -   Not masking out (DictKey(key='phi'), SequenceKey(idx=0), SequenceKey(idx=1), DictKey(key='b'))
2026-06-10 02:13:43,028 -   Not masking out (DictKey(key='phi'), SequenceKey(idx=0), SequenceKey(idx=1), DictKey(key='w'))
2026-06-10 02:13:43,028 -   Not masking out (DictKey(key='phi'), SequenceKey(idx=1), SequenceKey(idx=0), DictKey(key='b'))
2026-06-10 02:13:43,028 -   Not masking out (DictKey(key='phi'), SequenceKey(idx=1), SequenceKey(idx=0), DictKey(key='w'))
2026-06-10 02:13:43,029 -   Not masking out (DictKey(key='phi'), SequenceKey(idx=1), SequenceKey(idx=1), DictKey(key='b'))
2026-06-10 02:13:43,029 -   Not masking out (DictKey(key='phi'), SequenceKey(idx=1), SequenceKey(idx=1), DictKey(key='w'))
2026-06-10 02:13:43,029 -   Not masking out (DictKey(key='phi'), SequenceKey(idx=2), SequenceKey(idx=0), DictKey(key='b'))
2026-06-10 02:13:43,029 -   Not masking out (DictKey(key='phi'), SequenceKey(idx=2), SequenceKey(idx=0), DictKey(key='w'))
2026-06-10 02:13:43,029 -   Not masking out (DictKey(key='phi'), SequenceKey(idx=2), SequenceKey(idx=1), DictKey(key='b'))
2026-06-10 02:13:43,029 -   Not masking out (DictKey(key='phi'), SequenceKey(idx=2), SequenceKey(idx=1), DictKey(key='w'))
2026-06-10 02:13:43,029 -   Not masking out (DictKey(key='phi'), SequenceKey(idx=3), SequenceKey(idx=0), DictKey(key='b'))
2026-06-10 02:13:43,029 -   Not masking out (DictKey(key='phi'), SequenceKey(idx=3), SequenceKey(idx=0), DictKey(key='w'))
2026-06-10 02:13:43,029 -   Not masking out (DictKey(key='phi'), SequenceKey(idx=3), SequenceKey(idx=1), DictKey(key='b'))
2026-06-10 02:13:43,029 -   Not masking out (DictKey(key='phi'), SequenceKey(idx=3), SequenceKey(idx=1), DictKey(key='w'))
2026-06-10 02:13:43,029 -   Not masking out (DictKey(key='rho'), SequenceKey(idx=0), DictKey(key='b'))
2026-06-10 02:13:43,029 -   Not masking out (DictKey(key='rho'), SequenceKey(idx=0), DictKey(key='w'))
2026-06-10 02:13:43,029 -   Not masking out (DictKey(key='rho'), SequenceKey(idx=1), DictKey(key='b'))
2026-06-10 02:13:43,029 -   Not masking out (DictKey(key='rho'), SequenceKey(idx=1), DictKey(key='w'))
2026-06-10 02:13:43,029 -   Not masking out (DictKey(key='transformer'), SequenceKey(idx=0), DictKey(key='attn_ln'), DictKey(key='offset'))
2026-06-10 02:13:43,029 -   Not masking out (DictKey(key='transformer'), SequenceKey(idx=0), DictKey(key='attn_ln'), DictKey(key='scale'))
2026-06-10 02:13:43,029 -   Not masking out (DictKey(key='transformer'), SequenceKey(idx=0), DictKey(key='ff1'), DictKey(key='b'))
2026-06-10 02:13:43,029 -   Not masking out (DictKey(key='transformer'), SequenceKey(idx=0), DictKey(key='ff1'), DictKey(key='w'))
2026-06-10 02:13:43,029 -   Not masking out (DictKey(key='transformer'), SequenceKey(idx=0), DictKey(key='ff2'), DictKey(key='b'))
2026-06-10 02:13:43,029 -   Not masking out (DictKey(key='transformer'), SequenceKey(idx=0), DictKey(key='ff2'), DictKey(key='w'))
2026-06-10 02:13:43,029 -   Not masking out (DictKey(key='transformer'), SequenceKey(idx=0), DictKey(key='ff_ln'), DictKey(key='offset'))
2026-06-10 02:13:43,029 -   Not masking out (DictKey(key='transformer'), SequenceKey(idx=0), DictKey(key='ff_ln'), DictKey(key='scale'))
2026-06-10 02:13:43,029 -   Not masking out (DictKey(key='transformer'), SequenceKey(idx=0), DictKey(key='k_w'))
2026-06-10 02:13:43,029 -   Not masking out (DictKey(key='transformer'), SequenceKey(idx=0), DictKey(key='out_w'))
2026-06-10 02:13:43,029 -   Not masking out (DictKey(key='transformer'), SequenceKey(idx=0), DictKey(key='q_w'))
2026-06-10 02:13:43,029 -   Not masking out (DictKey(key='transformer'), SequenceKey(idx=0), DictKey(key='v_w'))
2026-06-10 02:13:43,029 -   Not masking out (DictKey(key='transformer'), SequenceKey(idx=1), DictKey(key='attn_ln'), DictKey(key='offset'))
2026-06-10 02:13:43,029 -   Not masking out (DictKey(key='transformer'), SequenceKey(idx=1), DictKey(key='attn_ln'), DictKey(key='scale'))
2026-06-10 02:13:43,029 -   Not masking out (DictKey(key='transformer'), SequenceKey(idx=1), DictKey(key='ff1'), DictKey(key='b'))
2026-06-10 02:13:43,029 -   Not masking out (DictKey(key='transformer'), SequenceKey(idx=1), DictKey(key='ff1'), DictKey(key='w'))
2026-06-10 02:13:43,029 -   Not masking out (DictKey(key='transformer'), SequenceKey(idx=1), DictKey(key='ff2'), DictKey(key='b'))
2026-06-10 02:13:43,029 -   Not masking out (DictKey(key='transformer'), SequenceKey(idx=1), DictKey(key='ff2'), DictKey(key='w'))
2026-06-10 02:13:43,029 -   Not masking out (DictKey(key='transformer'), SequenceKey(idx=1), DictKey(key='ff_ln'), DictKey(key='offset'))
2026-06-10 02:13:43,029 -   Not masking out (DictKey(key='transformer'), SequenceKey(idx=1), DictKey(key='ff_ln'), DictKey(key='scale'))
2026-06-10 02:13:43,029 -   Not masking out (DictKey(key='transformer'), SequenceKey(idx=1), DictKey(key='k_w'))
2026-06-10 02:13:43,029 -   Not masking out (DictKey(key='transformer'), SequenceKey(idx=1), DictKey(key='out_w'))
2026-06-10 02:13:43,029 -   Not masking out (DictKey(key='transformer'), SequenceKey(idx=1), DictKey(key='q_w'))
2026-06-10 02:13:43,029 -   Not masking out (DictKey(key='transformer'), SequenceKey(idx=1), DictKey(key='v_w'))
2026-06-10 02:13:43,030 -   Not masking out (DictKey(key='transformer'), SequenceKey(idx=2), DictKey(key='attn_ln'), DictKey(key='offset'))
2026-06-10 02:13:43,030 -   Not masking out (DictKey(key='transformer'), SequenceKey(idx=2), DictKey(key='attn_ln'), DictKey(key='scale'))
2026-06-10 02:13:43,030 -   Not masking out (DictKey(key='transformer'), SequenceKey(idx=2), DictKey(key='ff1'), DictKey(key='b'))
2026-06-10 02:13:43,030 -   Not masking out (DictKey(key='transformer'), SequenceKey(idx=2), DictKey(key='ff1'), DictKey(key='w'))
2026-06-10 02:13:43,030 -   Not masking out (DictKey(key='transformer'), SequenceKey(idx=2), DictKey(key='ff2'), DictKey(key='b'))
2026-06-10 02:13:43,030 -   Not masking out (DictKey(key='transformer'), SequenceKey(idx=2), DictKey(key='ff2'), DictKey(key='w'))
2026-06-10 02:13:43,030 -   Not masking out (DictKey(key='transformer'), SequenceKey(idx=2), DictKey(key='ff_ln'), DictKey(key='offset'))
2026-06-10 02:13:43,030 -   Not masking out (DictKey(key='transformer'), SequenceKey(idx=2), DictKey(key='ff_ln'), DictKey(key='scale'))
2026-06-10 02:13:43,030 -   Not masking out (DictKey(key='transformer'), SequenceKey(idx=2), DictKey(key='k_w'))
2026-06-10 02:13:43,030 -   Not masking out (DictKey(key='transformer'), SequenceKey(idx=2), DictKey(key='out_w'))
2026-06-10 02:13:43,030 -   Not masking out (DictKey(key='transformer'), SequenceKey(idx=2), DictKey(key='q_w'))
2026-06-10 02:13:43,030 -   Not masking out (DictKey(key='transformer'), SequenceKey(idx=2), DictKey(key='v_w'))
2026-06-10 02:13:43,030 -   Not masking out (DictKey(key='transformer'), SequenceKey(idx=3), DictKey(key='attn_ln'), DictKey(key='offset'))
2026-06-10 02:13:43,030 -   Not masking out (DictKey(key='transformer'), SequenceKey(idx=3), DictKey(key='attn_ln'), DictKey(key='scale'))
2026-06-10 02:13:43,030 -   Not masking out (DictKey(key='transformer'), SequenceKey(idx=3), DictKey(key='ff1'), DictKey(key='b'))
2026-06-10 02:13:43,030 -   Not masking out (DictKey(key='transformer'), SequenceKey(idx=3), DictKey(key='ff1'), DictKey(key='w'))
2026-06-10 02:13:43,030 -   Not masking out (DictKey(key='transformer'), SequenceKey(idx=3), DictKey(key='ff2'), DictKey(key='b'))
2026-06-10 02:13:43,030 -   Not masking out (DictKey(key='transformer'), SequenceKey(idx=3), DictKey(key='ff2'), DictKey(key='w'))
2026-06-10 02:13:43,030 -   Not masking out (DictKey(key='transformer'), SequenceKey(idx=3), DictKey(key='ff_ln'), DictKey(key='offset'))
2026-06-10 02:13:43,030 -   Not masking out (DictKey(key='transformer'), SequenceKey(idx=3), DictKey(key='ff_ln'), DictKey(key='scale'))
2026-06-10 02:13:43,030 -   Not masking out (DictKey(key='transformer'), SequenceKey(idx=3), DictKey(key='k_w'))
2026-06-10 02:13:43,030 -   Not masking out (DictKey(key='transformer'), SequenceKey(idx=3), DictKey(key='out_w'))
2026-06-10 02:13:43,030 -   Not masking out (DictKey(key='transformer'), SequenceKey(idx=3), DictKey(key='q_w'))
2026-06-10 02:13:43,030 -   Not masking out (DictKey(key='transformer'), SequenceKey(idx=3), DictKey(key='v_w'))
2026-06-10 02:13:45,433 - ==================================================
2026-06-10 02:13:45,433 - Graph parameter registrations:
2026-06-10 02:13:45,434 - {'embed': {'b': 'Auto[tag_variant=repeated_dense(0)|match_type=repeated_dense1_with_bias]',
2026-06-10 02:13:45,434 -            'w': 'Auto[tag_variant=repeated_dense(0)|match_type=repeated_dense1_with_bias]'},
2026-06-10 02:13:45,434 -  'ln': [],
2026-06-10 02:13:45,434 -  'phi': [[{'b': 'Auto[generic(0)]', 'w': 'Auto[generic(1)]'},
2026-06-10 02:13:45,434 -           {'b': 'Auto[generic(2)]', 'w': 'Auto[generic(3)]'}],
2026-06-10 02:13:45,434 -          [{'b': 'Auto[generic(4)]', 'w': 'Auto[generic(5)]'},
2026-06-10 02:13:45,434 -           {'b': 'Auto[generic(6)]', 'w': 'Auto[generic(7)]'}],
2026-06-10 02:13:45,434 -          [{'b': 'Auto[generic(8)]', 'w': 'Auto[generic(9)]'},
2026-06-10 02:13:45,434 -           {'b': 'Auto[generic(10)]', 'w': 'Auto[generic(11)]'}],
2026-06-10 02:13:45,434 -          [{'b': 'Auto[generic(12)]', 'w': 'Auto[generic(13)]'},
2026-06-10 02:13:45,434 -           {'b': 'Auto[generic(14)]', 'w': 'Auto[generic(15)]'}]],
2026-06-10 02:13:45,434 -  'rho': [{'b': 'Auto[tag_variant=dense(0)|match_type=dense_with_bias_no_reshape]',
2026-06-10 02:13:45,434 -           'w': 'Auto[tag_variant=dense(0)|match_type=dense_with_bias_no_reshape]'},
2026-06-10 02:13:45,434 -          {'b': 'Auto[tag_variant=dense(1)|match_type=dense_with_bias_no_reshape]',
2026-06-10 02:13:45,434 -           'w': 'Auto[tag_variant=dense(1)|match_type=dense_with_bias_no_reshape]'}],
2026-06-10 02:13:45,434 -  'transformer': [{'attn_ln': {'offset': 'Auto[tag_variant=scale_and_shift(0)|match_type=normalization_haiku_broadcast_1]',
2026-06-10 02:13:45,434 -                               'scale': 'Auto[tag_variant=scale_and_shift(0)|match_type=normalization_haiku_broadcast_1]'},
2026-06-10 02:13:45,434 -                   'ff1': {'b': 'Auto[tag_variant=repeated_dense(5)|match_type=repeated_dense1_with_bias]',
2026-06-10 02:13:45,434 -                           'w': 'Auto[tag_variant=repeated_dense(5)|match_type=repeated_dense1_with_bias]'},
2026-06-10 02:13:45,434 -                   'ff2': {'b': 'Auto[tag_variant=repeated_dense(6)|match_type=repeated_dense1_with_bias]',
2026-06-10 02:13:45,434 -                           'w': 'Auto[tag_variant=repeated_dense(6)|match_type=repeated_dense1_with_bias]'},
2026-06-10 02:13:45,434 -                   'ff_ln': {'offset': 'Auto[tag_variant=scale_and_shift(1)|match_type=normalization_haiku_broadcast_1]',
2026-06-10 02:13:45,434 -                             'scale': 'Auto[tag_variant=scale_and_shift(1)|match_type=normalization_haiku_broadcast_1]'},
2026-06-10 02:13:45,434 -                   'k_w': 'Auto[tag_variant=repeated_dense(2)|match_type=repeated_dense1_no_bias]',
2026-06-10 02:13:45,435 -                   'out_w': 'Auto[tag_variant=repeated_dense(4)|match_type=repeated_dense1_no_bias]',
2026-06-10 02:13:45,435 -                   'q_w': 'Auto[tag_variant=repeated_dense(1)|match_type=repeated_dense1_no_bias]',
2026-06-10 02:13:45,435 -                   'v_w': 'Auto[tag_variant=repeated_dense(3)|match_type=repeated_dense1_no_bias]'},
2026-06-10 02:13:45,435 -                  {'attn_ln': {'offset': 'Auto[tag_variant=scale_and_shift(2)|match_type=normalization_haiku_broadcast_1]',
2026-06-10 02:13:45,435 -                               'scale': 'Auto[tag_variant=scale_and_shift(2)|match_type=normalization_haiku_broadcast_1]'},
2026-06-10 02:13:45,435 -                   'ff1': {'b': 'Auto[tag_variant=repeated_dense(11)|match_type=repeated_dense1_with_bias]',
2026-06-10 02:13:45,435 -                           'w': 'Auto[tag_variant=repeated_dense(11)|match_type=repeated_dense1_with_bias]'},
2026-06-10 02:13:45,435 -                   'ff2': {'b': 'Auto[tag_variant=repeated_dense(12)|match_type=repeated_dense1_with_bias]',
2026-06-10 02:13:45,435 -                           'w': 'Auto[tag_variant=repeated_dense(12)|match_type=repeated_dense1_with_bias]'},
2026-06-10 02:13:45,435 -                   'ff_ln': {'offset': 'Auto[tag_variant=scale_and_shift(3)|match_type=normalization_haiku_broadcast_1]',
2026-06-10 02:13:45,435 -                             'scale': 'Auto[tag_variant=scale_and_shift(3)|match_type=normalization_haiku_broadcast_1]'},
2026-06-10 02:13:45,435 -                   'k_w': 'Auto[tag_variant=repeated_dense(8)|match_type=repeated_dense1_no_bias]',
2026-06-10 02:13:45,435 -                   'out_w': 'Auto[tag_variant=repeated_dense(10)|match_type=repeated_dense1_no_bias]',
2026-06-10 02:13:45,435 -                   'q_w': 'Auto[tag_variant=repeated_dense(7)|match_type=repeated_dense1_no_bias]',
2026-06-10 02:13:45,435 -                   'v_w': 'Auto[tag_variant=repeated_dense(9)|match_type=repeated_dense1_no_bias]'},
2026-06-10 02:13:45,435 -                  {'attn_ln': {'offset': 'Auto[tag_variant=scale_and_shift(4)|match_type=normalization_haiku_broadcast_1]',
2026-06-10 02:13:45,435 -                               'scale': 'Auto[tag_variant=scale_and_shift(4)|match_type=normalization_haiku_broadcast_1]'},
2026-06-10 02:13:45,435 -                   'ff1': {'b': 'Auto[tag_variant=repeated_dense(17)|match_type=repeated_dense1_with_bias]',
2026-06-10 02:13:45,435 -                           'w': 'Auto[tag_variant=repeated_dense(17)|match_type=repeated_dense1_with_bias]'},
2026-06-10 02:13:45,435 -                   'ff2': {'b': 'Auto[tag_variant=repeated_dense(18)|match_type=repeated_dense1_with_bias]',
2026-06-10 02:13:45,435 -                           'w': 'Auto[tag_variant=repeated_dense(18)|match_type=repeated_dense1_with_bias]'},
2026-06-10 02:13:45,435 -                   'ff_ln': {'offset': 'Auto[tag_variant=scale_and_shift(5)|match_type=normalization_haiku_broadcast_1]',
2026-06-10 02:13:45,435 -                             'scale': 'Auto[tag_variant=scale_and_shift(5)|match_type=normalization_haiku_broadcast_1]'},
2026-06-10 02:13:45,435 -                   'k_w': 'Auto[tag_variant=repeated_dense(14)|match_type=repeated_dense1_no_bias]',
2026-06-10 02:13:45,435 -                   'out_w': 'Auto[tag_variant=repeated_dense(16)|match_type=repeated_dense1_no_bias]',
2026-06-10 02:13:45,435 -                   'q_w': 'Auto[tag_variant=repeated_dense(13)|match_type=repeated_dense1_no_bias]',
2026-06-10 02:13:45,435 -                   'v_w': 'Auto[tag_variant=repeated_dense(15)|match_type=repeated_dense1_no_bias]'},
2026-06-10 02:13:45,435 -                  {'attn_ln': {'offset': 'Auto[tag_variant=scale_and_shift(6)|match_type=normalization_haiku_broadcast_1]',
2026-06-10 02:13:45,435 -                               'scale': 'Auto[tag_variant=scale_and_shift(6)|match_type=normalization_haiku_broadcast_1]'},
2026-06-10 02:13:45,435 -                   'ff1': {'b': 'Auto[tag_variant=repeated_dense(23)|match_type=repeated_dense1_with_bias]',
2026-06-10 02:13:45,435 -                           'w': 'Auto[tag_variant=repeated_dense(23)|match_type=repeated_dense1_with_bias]'},
2026-06-10 02:13:45,435 -                   'ff2': {'b': 'Auto[tag_variant=repeated_dense(24)|match_type=repeated_dense1_with_bias]',
2026-06-10 02:13:45,435 -                           'w': 'Auto[tag_variant=repeated_dense(24)|match_type=repeated_dense1_with_bias]'},
2026-06-10 02:13:45,435 -                   'ff_ln': {'offset': 'Auto[tag_variant=scale_and_shift(7)|match_type=normalization_haiku_broadcast_1]',
2026-06-10 02:13:45,435 -                             'scale': 'Auto[tag_variant=scale_and_shift(7)|match_type=normalization_haiku_broadcast_1]'},
2026-06-10 02:13:45,435 -                   'k_w': 'Auto[tag_variant=repeated_dense(20)|match_type=repeated_dense1_no_bias]',
2026-06-10 02:13:45,435 -                   'out_w': 'Auto[tag_variant=repeated_dense(22)|match_type=repeated_dense1_no_bias]',
2026-06-10 02:13:45,435 -                   'q_w': 'Auto[tag_variant=repeated_dense(19)|match_type=repeated_dense1_no_bias]',
2026-06-10 02:13:45,435 -                   'v_w': 'Auto[tag_variant=repeated_dense(21)|match_type=repeated_dense1_no_bias]'}]}
2026-06-10 02:13:45,435 - ==================================================
2026-06-10 02:13:45,574 - Graph registered losses:
2026-06-10 02:13:45,574 - NormalMeanNegativeLogProbLoss(mean=Var(id=140216326626112):float32[2048,1], variance=Literal(0.5), weight=Literal(1.0), normalize_log_prob=Literal(True))
2026-06-10 02:13:45,574 - ==================================================
2026-06-10 02:13:45,577 - BlockDiagonalCurvature blocks:
2026-06-10 02:13:45,577 - RepeatedDenseBlock(parameter_specs=['ab -> (a)b', 'a -> 1a'], parameters_concat_axis=0), tag name: Auto[tag_variant=repeated_dense(0)|match_type=repeated_dense1_with_bias], params shapes: ((5, 96), (96,))
2026-06-10 02:13:45,577 - NaiveDiagonal, tag name: Auto[generic(0)], params shapes: ((96,),)
2026-06-10 02:13:45,577 - NaiveDiagonal, tag name: Auto[generic(1)], params shapes: ((96, 96),)
2026-06-10 02:13:45,577 - NaiveDiagonal, tag name: Auto[generic(2)], params shapes: ((96,),)
2026-06-10 02:13:45,577 - NaiveDiagonal, tag name: Auto[generic(3)], params shapes: ((96, 96),)
2026-06-10 02:13:45,577 - NaiveDiagonal, tag name: Auto[generic(4)], params shapes: ((96,),)
2026-06-10 02:13:45,577 - NaiveDiagonal, tag name: Auto[generic(5)], params shapes: ((96, 96),)
2026-06-10 02:13:45,577 - NaiveDiagonal, tag name: Auto[generic(6)], params shapes: ((96,),)
2026-06-10 02:13:45,577 - NaiveDiagonal, tag name: Auto[generic(7)], params shapes: ((96, 96),)
2026-06-10 02:13:45,577 - NaiveDiagonal, tag name: Auto[generic(8)], params shapes: ((96,),)
2026-06-10 02:13:45,578 - NaiveDiagonal, tag name: Auto[generic(9)], params shapes: ((96, 96),)
2026-06-10 02:13:45,578 - NaiveDiagonal, tag name: Auto[generic(10)], params shapes: ((96,),)
2026-06-10 02:13:45,578 - NaiveDiagonal, tag name: Auto[generic(11)], params shapes: ((96, 96),)
2026-06-10 02:13:45,578 - NaiveDiagonal, tag name: Auto[generic(12)], params shapes: ((96,),)
2026-06-10 02:13:45,578 - NaiveDiagonal, tag name: Auto[generic(13)], params shapes: ((96, 96),)
2026-06-10 02:13:45,578 - NaiveDiagonal, tag name: Auto[generic(14)], params shapes: ((96,),)
2026-06-10 02:13:45,578 - NaiveDiagonal, tag name: Auto[generic(15)], params shapes: ((96, 96),)
2026-06-10 02:13:45,578 - DenseTwoKroneckerFactored(parameter_specs=['ab -> (a)b', 'a -> 1a'], parameters_concat_axis=0), tag name: Auto[tag_variant=dense(0)|match_type=dense_with_bias_no_reshape], params shapes: ((96, 96), (96,))
2026-06-10 02:13:45,578 - DenseTwoKroneckerFactored(parameter_specs=['ab -> (a)b', 'a -> 1a'], parameters_concat_axis=0), tag name: Auto[tag_variant=dense(1)|match_type=dense_with_bias_no_reshape], params shapes: ((96, 1), (1,))
2026-06-10 02:13:45,578 - ScaleAndShiftDiagonal, tag name: Auto[tag_variant=scale_and_shift(0)|match_type=normalization_haiku_broadcast_1], params shapes: ((96,), (96,))
2026-06-10 02:13:45,578 - RepeatedDenseBlock(parameter_specs=['ab -> (a)b', 'a -> 1a'], parameters_concat_axis=0), tag name: Auto[tag_variant=repeated_dense(5)|match_type=repeated_dense1_with_bias], params shapes: ((96, 384), (384,))
2026-06-10 02:13:45,579 - RepeatedDenseBlock(parameter_specs=['ab -> (a)b', 'a -> 1a'], parameters_concat_axis=0), tag name: Auto[tag_variant=repeated_dense(6)|match_type=repeated_dense1_with_bias], params shapes: ((384, 96), (96,))
2026-06-10 02:13:45,579 - ScaleAndShiftDiagonal, tag name: Auto[tag_variant=scale_and_shift(1)|match_type=normalization_haiku_broadcast_1], params shapes: ((96,), (96,))
2026-06-10 02:13:45,579 - RepeatedDenseBlock(parameter_specs=['ab -> (a)b'], parameters_concat_axis=0), tag name: Auto[tag_variant=repeated_dense(2)|match_type=repeated_dense1_no_bias], params shapes: ((96, 96),)
2026-06-10 02:13:45,579 - RepeatedDenseBlock(parameter_specs=['ab -> (a)b'], parameters_concat_axis=0), tag name: Auto[tag_variant=repeated_dense(4)|match_type=repeated_dense1_no_bias], params shapes: ((96, 96),)
2026-06-10 02:13:45,579 - RepeatedDenseBlock(parameter_specs=['ab -> (a)b'], parameters_concat_axis=0), tag name: Auto[tag_variant=repeated_dense(1)|match_type=repeated_dense1_no_bias], params shapes: ((96, 96),)
2026-06-10 02:13:45,579 - RepeatedDenseBlock(parameter_specs=['ab -> (a)b'], parameters_concat_axis=0), tag name: Auto[tag_variant=repeated_dense(3)|match_type=repeated_dense1_no_bias], params shapes: ((96, 96),)
2026-06-10 02:13:45,579 - ScaleAndShiftDiagonal, tag name: Auto[tag_variant=scale_and_shift(2)|match_type=normalization_haiku_broadcast_1], params shapes: ((96,), (96,))
2026-06-10 02:13:45,579 - RepeatedDenseBlock(parameter_specs=['ab -> (a)b', 'a -> 1a'], parameters_concat_axis=0), tag name: Auto[tag_variant=repeated_dense(11)|match_type=repeated_dense1_with_bias], params shapes: ((96, 384), (384,))
2026-06-10 02:13:45,579 - RepeatedDenseBlock(parameter_specs=['ab -> (a)b', 'a -> 1a'], parameters_concat_axis=0), tag name: Auto[tag_variant=repeated_dense(12)|match_type=repeated_dense1_with_bias], params shapes: ((384, 96), (96,))
2026-06-10 02:13:45,579 - ScaleAndShiftDiagonal, tag name: Auto[tag_variant=scale_and_shift(3)|match_type=normalization_haiku_broadcast_1], params shapes: ((96,), (96,))
2026-06-10 02:13:45,580 - RepeatedDenseBlock(parameter_specs=['ab -> (a)b'], parameters_concat_axis=0), tag name: Auto[tag_variant=repeated_dense(8)|match_type=repeated_dense1_no_bias], params shapes: ((96, 96),)
2026-06-10 02:13:45,580 - RepeatedDenseBlock(parameter_specs=['ab -> (a)b'], parameters_concat_axis=0), tag name: Auto[tag_variant=repeated_dense(10)|match_type=repeated_dense1_no_bias], params shapes: ((96, 96),)
2026-06-10 02:13:45,580 - RepeatedDenseBlock(parameter_specs=['ab -> (a)b'], parameters_concat_axis=0), tag name: Auto[tag_variant=repeated_dense(7)|match_type=repeated_dense1_no_bias], params shapes: ((96, 96),)
2026-06-10 02:13:45,580 - RepeatedDenseBlock(parameter_specs=['ab -> (a)b'], parameters_concat_axis=0), tag name: Auto[tag_variant=repeated_dense(9)|match_type=repeated_dense1_no_bias], params shapes: ((96, 96),)
2026-06-10 02:13:45,580 - ScaleAndShiftDiagonal, tag name: Auto[tag_variant=scale_and_shift(4)|match_type=normalization_haiku_broadcast_1], params shapes: ((96,), (96,))
2026-06-10 02:13:45,580 - RepeatedDenseBlock(parameter_specs=['ab -> (a)b', 'a -> 1a'], parameters_concat_axis=0), tag name: Auto[tag_variant=repeated_dense(17)|match_type=repeated_dense1_with_bias], params shapes: ((96, 384), (384,))
2026-06-10 02:13:45,580 - RepeatedDenseBlock(parameter_specs=['ab -> (a)b', 'a -> 1a'], parameters_concat_axis=0), tag name: Auto[tag_variant=repeated_dense(18)|match_type=repeated_dense1_with_bias], params shapes: ((384, 96), (96,))
2026-06-10 02:13:45,580 - ScaleAndShiftDiagonal, tag name: Auto[tag_variant=scale_and_shift(5)|match_type=normalization_haiku_broadcast_1], params shapes: ((96,), (96,))
2026-06-10 02:13:45,580 - RepeatedDenseBlock(parameter_specs=['ab -> (a)b'], parameters_concat_axis=0), tag name: Auto[tag_variant=repeated_dense(14)|match_type=repeated_dense1_no_bias], params shapes: ((96, 96),)
2026-06-10 02:13:45,580 - RepeatedDenseBlock(parameter_specs=['ab -> (a)b'], parameters_concat_axis=0), tag name: Auto[tag_variant=repeated_dense(16)|match_type=repeated_dense1_no_bias], params shapes: ((96, 96),)
2026-06-10 02:13:45,581 - RepeatedDenseBlock(parameter_specs=['ab -> (a)b'], parameters_concat_axis=0), tag name: Auto[tag_variant=repeated_dense(13)|match_type=repeated_dense1_no_bias], params shapes: ((96, 96),)
2026-06-10 02:13:45,581 - RepeatedDenseBlock(parameter_specs=['ab -> (a)b'], parameters_concat_axis=0), tag name: Auto[tag_variant=repeated_dense(15)|match_type=repeated_dense1_no_bias], params shapes: ((96, 96),)
2026-06-10 02:13:45,581 - ScaleAndShiftDiagonal, tag name: Auto[tag_variant=scale_and_shift(6)|match_type=normalization_haiku_broadcast_1], params shapes: ((96,), (96,))
2026-06-10 02:13:45,581 - RepeatedDenseBlock(parameter_specs=['ab -> (a)b', 'a -> 1a'], parameters_concat_axis=0), tag name: Auto[tag_variant=repeated_dense(23)|match_type=repeated_dense1_with_bias], params shapes: ((96, 384), (384,))
2026-06-10 02:13:45,581 - RepeatedDenseBlock(parameter_specs=['ab -> (a)b', 'a -> 1a'], parameters_concat_axis=0), tag name: Auto[tag_variant=repeated_dense(24)|match_type=repeated_dense1_with_bias], params shapes: ((384, 96), (96,))
2026-06-10 02:13:45,581 - ScaleAndShiftDiagonal, tag name: Auto[tag_variant=scale_and_shift(7)|match_type=normalization_haiku_broadcast_1], params shapes: ((96,), (96,))
2026-06-10 02:13:45,581 - RepeatedDenseBlock(parameter_specs=['ab -> (a)b'], parameters_concat_axis=0), tag name: Auto[tag_variant=repeated_dense(20)|match_type=repeated_dense1_no_bias], params shapes: ((96, 96),)
2026-06-10 02:13:45,581 - RepeatedDenseBlock(parameter_specs=['ab -> (a)b'], parameters_concat_axis=0), tag name: Auto[tag_variant=repeated_dense(22)|match_type=repeated_dense1_no_bias], params shapes: ((96, 96),)
2026-06-10 02:13:45,581 - RepeatedDenseBlock(parameter_specs=['ab -> (a)b'], parameters_concat_axis=0), tag name: Auto[tag_variant=repeated_dense(19)|match_type=repeated_dense1_no_bias], params shapes: ((96, 96),)
2026-06-10 02:13:45,582 - RepeatedDenseBlock(parameter_specs=['ab -> (a)b'], parameters_concat_axis=0), tag name: Auto[tag_variant=repeated_dense(21)|match_type=repeated_dense1_no_bias], params shapes: ((96, 96),)
2026-06-10 02:13:45,582 - ==================================================
2026-06-10 02:13:45,925 - Burning in MCMC chain for 500 steps
